Archive member included to satisfy reference by file (symbol)

/opt/local/lib/gcc/avr/4.9.1/../../../../avr/lib/avr51/libprintf_min.a(vfprintf_min.o)
                              (vfprintf)
/opt/local/lib/gcc/avr/4.9.1/avr51/libgcc.a(_muluhisi3.o)
                              ../../../src/radio/rf231_soc/source/basic_rf.o (__muluhisi3)
/opt/local/lib/gcc/avr/4.9.1/avr51/libgcc.a(_mulsi3.o)
                              ../../../src/kernel/source/nrk_time.o (__mulsi3)
/opt/local/lib/gcc/avr/4.9.1/avr51/libgcc.a(_udivmodhi4.o)
                              ../../../src/net/bmac/rf231_soc/bmac.o (__udivmodhi4)
/opt/local/lib/gcc/avr/4.9.1/avr51/libgcc.a(_divmodhi4.o)
                              ../../../src/net/bmac/rf231_soc/bmac.o (__divmodhi4)
/opt/local/lib/gcc/avr/4.9.1/avr51/libgcc.a(_udivmodsi4.o)
                              ../../../src/net/bmac/rf231_soc/bmac.o (__udivmodsi4)
/opt/local/lib/gcc/avr/4.9.1/avr51/libgcc.a(_udivdi3.o)
                              ../../../src/kernel/source/nrk_time.o (__udivdi3)
/opt/local/lib/gcc/avr/4.9.1/avr51/libgcc.a(_udivmod64.o)
                              /opt/local/lib/gcc/avr/4.9.1/avr51/libgcc.a(_udivdi3.o) (__udivmod64)
/opt/local/lib/gcc/avr/4.9.1/avr51/libgcc.a(_exit.o)
                              /opt/local/lib/gcc/avr/4.9.1/../../../../avr/lib/avr51/crtm128rfa1.o (exit)
/opt/local/lib/gcc/avr/4.9.1/avr51/libgcc.a(_tablejump.o)
                              ../../../src/platform/firefly3/source/ulib.o (__tablejump2__)
/opt/local/lib/gcc/avr/4.9.1/avr51/libgcc.a(_copy_data.o)
                              main.o (__do_copy_data)
/opt/local/lib/gcc/avr/4.9.1/avr51/libgcc.a(_clear_bss.o)
                              main.o (__do_clear_bss)
/opt/local/lib/gcc/avr/4.9.1/avr51/libgcc.a(_umulhisi3.o)
                              /opt/local/lib/gcc/avr/4.9.1/avr51/libgcc.a(_muluhisi3.o) (__umulhisi3)
/opt/local/lib/gcc/avr/4.9.1/../../../../avr/lib/avr51/libc.a(rand.o)
                              ../../../src/net/bmac/rf231_soc/bmac.o (rand)
/opt/local/lib/gcc/avr/4.9.1/../../../../avr/lib/avr51/libc.a(atoi.o)
                              ../../../projects/lab3/utility/parser.o (atoi)
/opt/local/lib/gcc/avr/4.9.1/../../../../avr/lib/avr51/libc.a(strchr_P.o)
                              /opt/local/lib/gcc/avr/4.9.1/../../../../avr/lib/avr51/libprintf_min.a(vfprintf_min.o) (strchr_P)
/opt/local/lib/gcc/avr/4.9.1/../../../../avr/lib/avr51/libc.a(memcpy.o)
                              ../../../src/radio/rf231_soc/source/basic_rf.o (memcpy)
/opt/local/lib/gcc/avr/4.9.1/../../../../avr/lib/avr51/libc.a(strncpy.o)
                              ../../../projects/lab3/utility/parser.o (strncpy)
/opt/local/lib/gcc/avr/4.9.1/../../../../avr/lib/avr51/libc.a(mul10.o)
                              /opt/local/lib/gcc/avr/4.9.1/../../../../avr/lib/avr51/libc.a(atoi.o) (__mulhi_const_10)
/opt/local/lib/gcc/avr/4.9.1/../../../../avr/lib/avr51/libc.a(fdevopen.o)
                              ../../../src/platform/firefly3/source/ulib.o (fdevopen)
/opt/local/lib/gcc/avr/4.9.1/../../../../avr/lib/avr51/libc.a(fgetc.o)
                              main.o (fgetc)
/opt/local/lib/gcc/avr/4.9.1/../../../../avr/lib/avr51/libc.a(fputc.o)
                              ../../../src/platform/firefly3/source/ulib.o (fputc)
/opt/local/lib/gcc/avr/4.9.1/../../../../avr/lib/avr51/libc.a(iob.o)
                              main.o (__iob)
/opt/local/lib/gcc/avr/4.9.1/../../../../avr/lib/avr51/libc.a(printf.o)
                              main.o (printf)
/opt/local/lib/gcc/avr/4.9.1/../../../../avr/lib/avr51/libc.a(putchar.o)
                              main.o (putchar)
/opt/local/lib/gcc/avr/4.9.1/../../../../avr/lib/avr51/libc.a(puts.o)
                              main.o (puts)
/opt/local/lib/gcc/avr/4.9.1/../../../../avr/lib/avr51/libc.a(sprintf.o)
                              ../../../projects/lab3/utility/assembler.o (sprintf)
/opt/local/lib/gcc/avr/4.9.1/../../../../avr/lib/avr51/libc.a(ultoa_invert.o)
                              /opt/local/lib/gcc/avr/4.9.1/../../../../avr/lib/avr51/libprintf_min.a(vfprintf_min.o) (__ultoa_invert)
/opt/local/lib/gcc/avr/4.9.1/../../../../avr/lib/avr51/libc.a(eerd_byte_atmega128rfa1.o)
                              ../../../src/platform/firefly3/source/nrk_eeprom.o (__eerd_byte_m128rfa1)
/opt/local/lib/gcc/avr/4.9.1/../../../../avr/lib/avr51/libc.a(eewr_byte_atmega128rfa1.o)
                              ../../../src/platform/firefly3/source/nrk_eeprom.o (__eewr_byte_m128rfa1)
/opt/local/lib/gcc/avr/4.9.1/../../../../avr/lib/avr51/libc.a(calloc.o)
                              /opt/local/lib/gcc/avr/4.9.1/../../../../avr/lib/avr51/libc.a(fdevopen.o) (calloc)
/opt/local/lib/gcc/avr/4.9.1/../../../../avr/lib/avr51/libc.a(malloc.o)
                              /opt/local/lib/gcc/avr/4.9.1/../../../../avr/lib/avr51/libc.a(calloc.o) (malloc)
/opt/local/lib/gcc/avr/4.9.1/../../../../avr/lib/avr51/libc.a(memset.o)
[...]
Memory Configuration

Name             Origin             Length             Attributes
text             0x0000000000000000 0x0000000000020000 xr
data             0x0000000000800100 0x000000000000ff00 rw !x
eeprom           0x0000000000810000 0x0000000000010000 rw !x
fuse             0x0000000000820000 0x0000000000000400 rw !x
lock             0x0000000000830000 0x0000000000000400 rw !x
signature        0x0000000000840000 0x0000000000000400 rw !x
*default*        0x0000000000000000 0xffffffffffffffff

Linker script and memory map

Address of section .data set to 0x800200
LOAD /opt/local/lib/gcc/avr/4.9.1/../../../../avr/lib/avr51/crtm128rfa1.o
LOAD main.o
LOAD ../../../src/net/bmac/rf231_soc/bmac.o
LOAD ../../../projects/lab3/utility/assembler.o
LOAD ../../../projects/lab3/utility/light_pool.o
LOAD ../../../projects/lab3/utility/neighbors.o
LOAD ../../../projects/lab3/utility/parser.o
LOAD ../../../projects/lab3/utility/sequence_pool.o
LOAD ../../../src/radio/rf231_soc/source/basic_rf.o
LOAD ../../../src/platform/firefly3/source/ulib.o
LOAD ../../../src/platform/firefly3/source/hal_wait.o
LOAD ../../../src/platform/firefly3/source/nrk_eeprom.o
LOAD ../../../src/kernel/source/nrk.o
LOAD ../../../src/kernel/source/nrk_stats.o
LOAD ../../../src/kernel/source/nrk_error.o
LOAD ../../../src/kernel/source/nrk_stack_check.o
LOAD ../../../src/kernel/source/nrk_events.o
LOAD ../../../src/kernel/source/nrk_task.o
LOAD ../../../src/kernel/source/nrk_time.o
LOAD ../../../src/kernel/source/nrk_idle_task.o
LOAD ../../../src/kernel/source/nrk_scheduler.o
LOAD ../../../src/kernel/source/nrk_driver.o
LOAD ../../../src/kernel/source/nrk_reserve.o
LOAD ../../../src/kernel/source/nrk_sw_wdt.o
LOAD ../../../src/kernel/hal/atmega128rfa1/nrk_timer.o
LOAD ../../../src/kernel/hal/atmega128rfa1/nrk_status.o
LOAD ../../../src/kernel/hal/atmega128rfa1/nrk_ext_int.o
LOAD ../../../src/kernel/hal/atmega128rfa1/nrk_watchdog.o
LOAD ../../../src/kernel/hal/atmega128rfa1/nrk_cpu.o
LOAD ../../../src/kernel/hal/atmega128rfa1/atmel_hw_specific.o
LOAD /opt/local/lib/gcc/avr/4.9.1/../../../../avr/lib/avr51/libprintf_min.a
LOAD /opt/local/lib/gcc/avr/4.9.1/../../../../avr/lib/avr51/libm.a
START GROUP
LOAD /opt/local/lib/gcc/avr/4.9.1/avr51/libgcc.a
LOAD /opt/local/lib/gcc/avr/4.9.1/../../../../avr/lib/avr51/libm.a
LOAD /opt/local/lib/gcc/avr/4.9.1/../../../../avr/lib/avr51/libc.a
END GROUP

.hash
 *(.hash)

.dynsym
 *(.dynsym)

.dynstr
 *(.dynstr)

.gnu.version
 *(.gnu.version)

.gnu.version_d
 *(.gnu.version_d)

.gnu.version_r
 *(.gnu.version_r)

.rel.init
 *(.rel.init)

.rela.init
 *(.rela.init)

.rel.text
 *(.rel.text)
 *(.rel.text.*)
 *(.rel.gnu.linkonce.t*)

.rela.text
 *(.rela.text)
 *(.rela.text.*)
 *(.rela.gnu.linkonce.t*)

.rel.fini
 *(.rel.fini)

.rela.fini
 *(.rela.fini)

.rel.rodata
 *(.rel.rodata)
 *(.rel.rodata.*)
 *(.rel.gnu.linkonce.r*)

.rela.rodata
 *(.rela.rodata)
 *(.rela.rodata.*)
 *(.rela.gnu.linkonce.r*)

.rel.data
 *(.rel.data)
 *(.rel.data.*)
 *(.rel.gnu.linkonce.d*)

.rela.data
 *(.rela.data)
 *(.rela.data.*)
 *(.rela.gnu.linkonce.d*)

.rel.ctors
 *(.rel.ctors)

.rela.ctors
 *(.rela.ctors)

.rel.dtors
 *(.rel.dtors)

.rela.dtors
 *(.rela.dtors)

.rel.got
 *(.rel.got)

.rela.got
 *(.rela.got)

.rel.bss
 *(.rel.bss)

.rela.bss
 *(.rela.bss)

.rel.plt
 *(.rel.plt)

.rela.plt
 *(.rela.plt)

.text           0x0000000000000000     0x699a
 *(.vectors)
 .vectors       0x0000000000000000      0x120 /opt/local/lib/gcc/avr/4.9.1/../../../../avr/lib/avr51/crtm128rfa1.o
                0x0000000000000000                __vectors
 *(.vectors)
 *(.progmem.gcc*)
 .progmem.gcc_sw_table
                0x0000000000000120       0x54 ../../../src/platform/firefly3/source/ulib.o
 .progmem.gcc_sw_table
                0x0000000000000174       0x40 ../../../src/kernel/source/nrk_error.o
                0x00000000000001b4                . = ALIGN (0x2)
                0x00000000000001b4                __trampolines_start = .
 *(.trampolines)
 .trampolines   0x00000000000001b4        0x0 linker stubs
 *(.trampolines*)
                0x00000000000001b4                __trampolines_end = .
 *(.progmem*)
 .progmem.data  0x00000000000001b4      0x226 main.o
 .progmem.data  0x00000000000003da       0xdf ../../../src/net/bmac/rf231_soc/bmac.o
 .progmem.data  0x00000000000004b9       0x1a ../../../projects/lab3/utility/light_pool.o
 .progmem.data  0x00000000000004d3       0x14 ../../../projects/lab3/utility/neighbors.o
 .progmem.data  0x00000000000004e7       0x15 ../../../src/platform/firefly3/source/ulib.o
 .progmem.data  0x00000000000004fc      0x238 ../../../src/kernel/source/nrk_error.o
 .progmem.data  0x0000000000000734        0xf ../../../src/kernel/source/nrk_stack_check.o
 .progmem.data  0x0000000000000743       0x17 /opt/local/lib/gcc/avr/4.9.1/../../../../avr/lib/avr51/libprintf_min.a(vfprintf_min.o)
                0x000000000000075a                . = ALIGN (0x2)
 *(.jumptables)
 *(.jumptables*)
 *(.lowtext)
 *(.lowtext*)
                0x000000000000075a                __ctors_start = .
 *(.ctors)
                0x000000000000075a                __ctors_end = .
                0x000000000000075a                __dtors_start = .
 *(.dtors)
                0x000000000000075a                __dtors_end = .
 SORT(*)(.ctors)
 SORT(*)(.dtors)
 *(.init0)
 .init0         0x000000000000075a        0x0 /opt/local/lib/gcc/avr/4.9.1/../../../../avr/lib/avr51/crtm128rfa1.o
                0x000000000000075a                __init
 *(.init0)
 *(.init1)
 *(.init1)
 *(.init2)
 .init2         0x000000000000075a        0xc /opt/local/lib/gcc/avr/4.9.1/../../../../avr/lib/avr51/crtm128rfa1.o
 *(.init2)
 *(.init3)
 *(.init3)
 *(.init4)
 .init4         0x0000000000000766       0x1a /opt/local/lib/gcc/avr/4.9.1/avr51/libgcc.a(_copy_data.o)
                0x0000000000000766                __do_copy_data
 .init4         0x0000000000000780       0x10 /opt/local/lib/gcc/avr/4.9.1/avr51/libgcc.a(_clear_bss.o)
                0x0000000000000780                __do_clear_bss
 *(.init4)
 *(.init5)
 *(.init5)
 *(.init6)
 *(.init6)
 *(.init7)
 *(.init7)
 *(.init8)
 *(.init8)
 *(.init9)
 .init9         0x0000000000000790        0x8 /opt/local/lib/gcc/avr/4.9.1/../../../../avr/lib/avr51/crtm128rfa1.o
 *(.init9)
 *(.text)
 .text          0x0000000000000798        0x4 /opt/local/lib/gcc/avr/4.9.1/../../../../avr/lib/avr51/crtm128rfa1.o
                0x0000000000000798                __vector_65
                0x0000000000000798                __vector_22
                0x0000000000000798                __vector_28
                0x0000000000000798                __vector_67
                0x0000000000000798                __vector_71
                0x0000000000000798                __vector_34
                0x0000000000000798                __vector_24
                0x0000000000000798                __vector_12
                0x0000000000000798                __vector_55
                0x0000000000000798                __vector_69
                0x0000000000000798                __vector_46
                0x0000000000000798                __bad_interrupt
                0x0000000000000798                __vector_6
                0x0000000000000798                __vector_31
                0x0000000000000798                __vector_35
                0x0000000000000798                __vector_39
                0x0000000000000798                __vector_23
                0x0000000000000798                __vector_68
                0x0000000000000798                __vector_30
                0x0000000000000798                __vector_45
                0x0000000000000798                __vector_11
                0x0000000000000798                __vector_54
                0x0000000000000798                __vector_17
                0x0000000000000798                __vector_19
                0x0000000000000798                __vector_56
                0x0000000000000798                __vector_7
                0x0000000000000798                __vector_49
                0x0000000000000798                __vector_41
                0x0000000000000798                __vector_43
                0x0000000000000798                __vector_27
                0x0000000000000798                __vector_5
                0x0000000000000798                __vector_33
                0x0000000000000798                __vector_47
                0x0000000000000798                __vector_52
                0x0000000000000798                __vector_37
                0x0000000000000798                __vector_4
                0x0000000000000798                __vector_44
                0x0000000000000798                __vector_51
                0x0000000000000798                __vector_21
                0x0000000000000798                __vector_66
                0x0000000000000798                __vector_36
                0x0000000000000798                __vector_70
                0x0000000000000798                __vector_29
                0x0000000000000798                __vector_40
                0x0000000000000798                __vector_8
                0x0000000000000798                __vector_26
                0x0000000000000798                __vector_48
                0x0000000000000798                __vector_14
                0x0000000000000798                __vector_53
                0x0000000000000798                __vector_10
                0x0000000000000798                __vector_50
                0x0000000000000798                __vector_16
                0x0000000000000798                __vector_18
                0x0000000000000798                __vector_20
                0x0000000000000798                __vector_42
                0x0000000000000798                __vector_38
 .text          0x000000000000079c      0x70c main.o
                0x000000000000079c                transmit_task
                0x00000000000008c2                receive_task
                0x0000000000000a44                add_to_ui_buffer
                0x0000000000000a62                get_user_input
                0x0000000000000a98                clear_ui_buf
                0x0000000000000ab4                turnUItoUint
                0x0000000000000b04                set_neighbor_rate
                0x0000000000000b72                set_sensor_rate
                0x0000000000000be0                ui_task
                0x0000000000000d64                nrk_create_taskset
 .text          0x0000000000000ea8      0x724 ../../../src/net/bmac/rf231_soc/bmac.o
                0x0000000000000ea8                rf_rx_callback
                0x0000000000000eaa                bmac_encryption_set_ctr_counter
                0x0000000000000eba                bmac_tx_reserve_set
                0x0000000000000ebe                bmac_tx_reserve_get
                0x0000000000000ec4                bmac_auto_ack_disable
                0x0000000000000ecc                bmac_auto_ack_enable
                0x0000000000000ed4                bmac_addr_decode_disable
                0x0000000000000edc                bmac_addr_decode_enable
                0x0000000000000ee4                bmac_addr_decode_set_my_mac
                0x0000000000000eec                bmac_addr_decode_dest_mac
                0x0000000000000ef8                bmac_rx_pkt_is_encrypted
                0x0000000000000efe                bmac_encryption_set_key
                0x0000000000000f0e                bmac_encryption_enable
                0x0000000000000f12                bmac_encryption_disable
                0x0000000000000f16                bmac_set_rf_power
                0x0000000000000f26                bmac_set_cca_active
                0x0000000000000f2c                bmac_set_cca_thresh
                0x0000000000000f3a                bmac_set_channel
                0x0000000000000f72                bmac_wait_until_rx_pkt
                0x0000000000000fc6                bmac_rx_pkt_set_buffer
                0x0000000000000fe2                bmac_init
                0x00000000000010cc                bmac_tx_pkt_nonblocking
                0x00000000000010ee                bmac_get_rx_pkt_signal
                0x00000000000010fc                bmac_get_tx_done_signal
                0x000000000000110a                bmac_tx_pkt
                0x00000000000011a6                bmac_rx_pkt_get
                0x00000000000011d6                bmac_rx_pkt_ready
                0x00000000000011e2                bmac_rx_pkt_release
                0x00000000000011ea                bmac_disable
                0x00000000000011f2                bmac_enable
                0x0000000000001204                bmac_set_rx_check_rate
                0x000000000000128a                bmac_started
                0x0000000000001290                _bmac_channel_check
                0x00000000000012b8                _bmac_rx
                0x0000000000001348                bmac_rx_failure_count_get
                0x0000000000001352                bmac_rx_failure_count_reset
                0x0000000000001366                _b_pow
                0x0000000000001384                _bmac_tx
                0x0000000000001494                bmac_nw_task
                0x0000000000001562                bmac_task_config
 .text          0x00000000000015cc       0xf4 ../../../projects/lab3/utility/assembler.o
                0x00000000000015cc                assemble_packet
 .text          0x00000000000016c0      0x150 ../../../projects/lab3/utility/light_pool.o
                0x00000000000016c0                in_light_pool
                0x00000000000016dc                get_light_pool_index
                0x00000000000016f8                add_to_light_pool
                0x0000000000001752                update_light_pool
                0x00000000000017a2                print_light_pool
 .text          0x0000000000001810      0x2b8 ../../../projects/lab3/utility/neighbors.o
                0x0000000000001810                init_neighbor_table
                0x000000000000181c                in_neighbor_table
                0x000000000000183a                add_neighbor
                0x0000000000001894                get_neighbor_table_index
                0x00000000000018ae                print_neighbor_table
                0x0000000000001936                in_neighbor_graph
                0x000000000000195a                get_neighbor_graph_index
                0x0000000000001980                add_to_neighbor_graph
                0x00000000000019d6                update_neighbor_graph
                0x0000000000001a50                print_neighbor_graph
 .text          0x0000000000001ac8      0x2da ../../../projects/lab3/utility/parser.o
                0x0000000000001ac8                print_packet
                0x0000000000001bd8                parse_comma
                0x0000000000001c14                parse_bracket
                0x0000000000001c50                parse_msg
 .text          0x0000000000001da2       0xec ../../../projects/lab3/utility/sequence_pool.o
                0x0000000000001da2                in_sequence_pool
                0x0000000000001dbe                get_sequence_pool_index
                0x0000000000001dda                get_sequence_number
                0x0000000000001e02                add_to_sequence_pool
                0x0000000000001e5c                update_sequence_pool
 .text          0x0000000000001e8e      0xb2c ../../../src/radio/rf231_soc/source/basic_rf.o
                0x0000000000001e9e                rf_enable_glossy
                0x0000000000001ea6                rf_disable_glossy
                0x0000000000001eac                rf_power_down
                0x0000000000001ef8                rf_power_up
                0x0000000000001f24                rf_tx_power
                0x0000000000001f38                rf_addr_decode_enable
                0x0000000000001f44                rf_addr_decode_disable
                0x0000000000001f50                rf_auto_ack_enable
                0x0000000000001f5c                rf_auto_ack_disable
                0x0000000000001f68                rf_addr_decode_set_my_mac
                0x0000000000001f7a                rf_set_rx
                0x0000000000001f94                rx_start_callback
                0x0000000000001f9e                rx_end_callback
                0x0000000000001fa8                rf_init
                0x0000000000002088                rf_rx_on
                0x000000000000208e                rf_polling_rx_on
                0x0000000000002094                rf_rx_off
                0x00000000000020a0                rf_tx_packet_repeat
                0x0000000000002340                rf_tx_packet
                0x0000000000002348                rf_cca_check
                0x00000000000023ac                rf_rx_packet_nonblock
                0x00000000000024fa                __vector_64
                0x0000000000002518                __vector_63
                0x000000000000253c                __vector_62
                0x000000000000255a                __vector_61
                0x0000000000002578                __vector_59
                0x00000000000025d8                __vector_58
                0x00000000000025f6                __vector_57
                0x0000000000002614                rf_set_cca_thresh
                0x0000000000002628                rf_security_last_pkt_status
                0x000000000000262c                rf_security_set_ctr_counter
                0x000000000000262e                rf_security_set_key
                0x0000000000002630                rf_security_disable
                0x0000000000002632                rf_tx_tdma_packet
                0x0000000000002636                rf_get_sem
                0x0000000000002640                rf_rx_packet
                0x0000000000002644                rf_flush_rx_fifo
                0x0000000000002646                rf_busy
                0x000000000000264a                rf_rx_check_fifop
                0x000000000000264e                rf_rx_check_sfd
                0x0000000000002652                rf_carrier_on
                0x0000000000002654                rf_carrier_off
                0x0000000000002656                rf_test_mode
                0x0000000000002658                rf_data_mode
                0x000000000000265a                rf_rx_set_serial
                0x000000000000265c                rf_tx_set_serial
                0x000000000000265e                rf_set_preamble_length
                0x0000000000002660                rf_set_cca_mode
                0x0000000000002662                rf_cc2591_tx_on
                0x000000000000267e                rf_cc2591_rx_on
                0x000000000000269a                rf_glossy_interrupt
                0x0000000000002774                __vector_60
                0x000000000000280c                aes_setkey
                0x0000000000002850                aes_encrypt
                0x00000000000028ee                aes_decrypt
 .text          0x00000000000029ba      0x90a ../../../src/platform/firefly3/source/ulib.o
                0x00000000000029ba                putc0
                0x00000000000029d2                __vector_25
                0x0000000000002a78                nrk_uart_data_ready
                0x0000000000002aaa                nrk_uart_rx_signal_get
                0x0000000000002abe                nrk_kprintf
                0x0000000000002ae8                getc0
                0x0000000000002b52                PORT_INIT
                0x0000000000002b66                nrk_setup_ports
                0x0000000000002b6a                nrk_gpio_set
                0x0000000000002c4c                nrk_gpio_clr
                0x0000000000002d20                nrk_gpio_get
                0x0000000000002d74                nrk_gpio_toggle
                0x0000000000002f8a                nrk_gpio_direction
                0x000000000000313e                nrk_get_button
                0x0000000000003152                nrk_led_toggle
                0x0000000000003180                nrk_led_clr
                0x00000000000031ae                nrk_led_set
                0x00000000000031dc                nrk_gpio_pullups
                0x00000000000031f0                putc1
                0x00000000000031fe                setup_uart0
                0x0000000000003228                setup_uart1
                0x0000000000003252                nrk_setup_uart
                0x00000000000032ac                getc1
 .text          0x00000000000032c4        0xe ../../../src/platform/firefly3/source/hal_wait.o
                0x00000000000032c4                halWait
 .text          0x00000000000032d2      0x13e ../../../src/platform/firefly3/source/nrk_eeprom.o
                0x00000000000032d2                nrk_eeprom_read_byte
                0x00000000000032d6                nrk_eeprom_write_byte
                0x00000000000032dc                read_eeprom_mac_address
                0x0000000000003348                read_eeprom_channel
                0x0000000000003360                write_eeprom_load_img_pages
                0x0000000000003370                read_eeprom_load_img_pages
                0x0000000000003388                read_eeprom_aes_key
                0x00000000000033b8                write_eeprom_aes_key
                0x00000000000033e8                read_eeprom_current_image_checksum
                0x0000000000003400                write_eeprom_current_image_checksum
 .text          0x0000000000003410      0x364 ../../../src/kernel/source/nrk.o
                0x0000000000003410                nrk_int_disable
                0x0000000000003414                nrk_int_enable
                0x0000000000003418                nrk_halt
                0x000000000000341e                nrk_init
                0x000000000000357c                nrk_start
                0x00000000000035fe                nrk_TCB_init
                0x000000000000376a                _nrk_timer_tick
                0x000000000000376e                nrk_version
 .text          0x0000000000003774        0x0 ../../../src/kernel/source/nrk_stats.o
 .text          0x0000000000003774      0x2ea ../../../src/kernel/source/nrk_error.o
                0x0000000000003774                _nrk_errno_set
                0x0000000000003780                nrk_errno_get
                0x000000000000378c                nrk_error_get
                0x00000000000037a4                nrk_error_print
                0x00000000000038ba                nrk_error_add
                0x00000000000038d0                nrk_kernel_error_add
                0x00000000000038dc                pause
                0x0000000000003906                blink_dash
                0x0000000000003926                blink_dot
                0x000000000000393e                blink_morse_code_error
 .text          0x0000000000003a5e      0x1da ../../../src/kernel/source/nrk_stack_check.o
                0x0000000000003a5e                dump_stack_info
                0x0000000000003bb8                nrk_stack_check
                0x0000000000003c02                nrk_stack_check_pid
 .text          0x0000000000003c38      0x642 ../../../src/kernel/source/nrk_events.o
                0x0000000000003c38                nrk_signal_create
                0x0000000000003caa                nrk_signal_get_registered_mask
                0x0000000000003cbc                nrk_signal_delete
                0x0000000000003dda                nrk_signal_unregister
                0x0000000000003e58                nrk_signal_register
                0x0000000000003ebc                nrk_event_signal
                0x0000000000003f9e                nrk_event_wait
                0x0000000000004012                nrk_sem_create
                0x0000000000004054                nrk_get_resource_index
                0x0000000000004086                nrk_sem_query
                0x00000000000040ba                nrk_sem_pend
                0x0000000000004178                nrk_sem_post
                0x0000000000004234                nrk_sem_delete
 .text          0x000000000000427a      0x6a4 ../../../src/kernel/source/nrk_task.o
                0x000000000000427a                nrk_get_high_ready_task_ID
                0x0000000000004286                nrk_print_readyQ
                0x000000000000429c                nrk_add_to_readyQ
                0x00000000000043fc                nrk_rem_from_readyQ
                0x000000000000449c                nrk_activate_task
                0x0000000000004532                nrk_set_next_wakeup
                0x00000000000045ac                _nrk_wait_for_scheduler
                0x00000000000045c0                nrk_wait_until_next_period
                0x0000000000004614                nrk_terminate_task
                0x0000000000004636                nrk_wait_until_next_n_periods
                0x0000000000004696                nrk_wait_ticks
                0x000000000000470e                nrk_wait_until_ticks
                0x000000000000476c                nrk_wait_until_nw
                0x00000000000047b8                nrk_wait
                0x0000000000004866                nrk_wait_until
                0x0000000000004912                nrk_get_pid
 .text          0x000000000000491e      0x514 ../../../src/kernel/source/nrk_time.o
                0x000000000000491e                nrk_time_get
                0x00000000000049d8                nrk_time_sub
                0x0000000000004af0                nrk_time_compact_nanos
                0x0000000000004b32                nrk_time_add
                0x0000000000004be8                nrk_time_set
                0x0000000000004bfe                _nrk_time_to_ticks
                0x0000000000004ce8                _nrk_ticks_to_time
                0x0000000000004d56                _nrk_time_to_ticks_long
 .text          0x0000000000004e32       0x34 ../../../src/kernel/source/nrk_idle_task.o
                0x0000000000004e32                nrk_idle_task
 .text          0x0000000000004e66      0x54a ../../../src/kernel/source/nrk_scheduler.o
                0x0000000000004e66                _nrk_scheduler
 .text          0x00000000000053b0        0x0 ../../../src/kernel/source/nrk_driver.o
 .text          0x00000000000053b0        0x0 ../../../src/kernel/source/nrk_reserve.o
 .text          0x00000000000053b0        0x0 ../../../src/kernel/source/nrk_sw_wdt.o
 .text          0x00000000000053b0      0x394 ../../../src/kernel/hal/atmega128rfa1/nrk_timer.o
                0x00000000000053b0                nrk_spin_wait_us
                0x00000000000053ce                _nrk_precision_os_timer_stop
                0x00000000000053d4                _nrk_precision_os_timer_start
                0x00000000000053e8                _nrk_precision_os_timer_reset
                0x00000000000053f2                _nrk_precision_os_timer_get
                0x0000000000005416                _nrk_high_speed_timer_stop
                0x000000000000541c                _nrk_high_speed_timer_start
                0x0000000000005424                _nrk_high_speed_timer_reset
                0x0000000000005434                _nrk_high_speed_timer_get
                0x0000000000005458                nrk_high_speed_timer_wait
                0x00000000000054b8                _nrk_os_timer_stop
                0x00000000000054ce                _nrk_os_timer_set
                0x00000000000054d4                _nrk_os_timer_start
                0x00000000000054e6                _nrk_os_timer_reset
                0x00000000000054fa                _nrk_setup_timer
                0x0000000000005580                _nrk_get_next_wakeup
                0x0000000000005588                _nrk_set_next_wakeup
                0x0000000000005590                nrk_timer_int_stop
                0x000000000000559c                nrk_timer_int_reset
                0x00000000000055b0                nrk_timer_int_read
                0x00000000000055c4                nrk_timer_int_start
                0x00000000000055d6                nrk_timer_int_configure
                0x000000000000564c                _nrk_os_timer_get
                0x0000000000005652                __vector_default
                0x0000000000005666                __vector_13
                0x0000000000005666                __vector_15
                0x00000000000056cc                __vector_32
                0x0000000000005730                SIG_OUTPUT_COMPARE1A
 .text          0x0000000000005744       0x4c ../../../src/kernel/hal/atmega128rfa1/nrk_status.o
                0x0000000000005744                _nrk_startup_error
 .text          0x0000000000005790      0x3a8 ../../../src/kernel/hal/atmega128rfa1/nrk_ext_int.o
                0x0000000000005790                nrk_ext_int_enable
                0x0000000000005812                nrk_ext_int_disable
                0x0000000000005894                nrk_ext_int_configure
                0x00000000000059a8                __vector_9
                0x0000000000005a0c                __vector_1
                0x0000000000005a70                __vector_2
                0x0000000000005ad4                __vector_3
 .text          0x0000000000005b38       0x4c ../../../src/kernel/hal/atmega128rfa1/nrk_watchdog.o
                0x0000000000005b38                nrk_watchdog_disable
                0x0000000000005b54                nrk_watchdog_enable
                0x0000000000005b72                nrk_watchdog_check
                0x0000000000005b80                nrk_watchdog_reset
 .text          0x0000000000005b84      0x124 ../../../src/kernel/hal/atmega128rfa1/nrk_cpu.o
                0x0000000000005b84                nrk_battery_save
                0x0000000000005b86                nrk_sleep
                0x0000000000005b9e                nrk_idle
                0x0000000000005bb4                nrk_task_set_entry_function
                0x0000000000005bbc                nrk_task_set_stk
                0x0000000000005bf8                nrk_task_stk_init
                0x0000000000005c74                nrk_stack_pointer_init
                0x0000000000005c92                nrk_stack_pointer_restore
                0x0000000000005ca0                nrk_target_start
 .text          0x0000000000005ca8       0x56 ../../../src/kernel/hal/atmega128rfa1/atmel_hw_specific.o
                0x0000000000005ca8                nrk_start_high_ready_task
 .text          0x0000000000005cfe        0x0 /opt/local/lib/gcc/avr/4.9.1/../../../../avr/lib/avr51/libprintf_min.a(vfprintf_min.o)
 .text          0x0000000000005cfe        0x0 /opt/local/lib/gcc/avr/4.9.1/avr51/libgcc.a(_muluhisi3.o)
 .text          0x0000000000005cfe        0x0 /opt/local/lib/gcc/avr/4.9.1/avr51/libgcc.a(_mulsi3.o)
 .text          0x0000000000005cfe        0x0 /opt/local/lib/gcc/avr/4.9.1/avr51/libgcc.a(_udivmodhi4.o)
 .text          0x0000000000005cfe        0x0 /opt/local/lib/gcc/avr/4.9.1/avr51/libgcc.a(_divmodhi4.o)
 .text          0x0000000000005cfe        0x0 /opt/local/lib/gcc/avr/4.9.1/avr51/libgcc.a(_udivmodsi4.o)
 .text          0x0000000000005cfe        0x0 /opt/local/lib/gcc/avr/4.9.1/avr51/libgcc.a(_udivdi3.o)
 .text          0x0000000000005cfe        0x0 /opt/local/lib/gcc/avr/4.9.1/avr51/libgcc.a(_udivmod64.o)
 .text          0x0000000000005cfe        0x0 /opt/local/lib/gcc/avr/4.9.1/avr51/libgcc.a(_exit.o)
 .text          0x0000000000005cfe        0x0 /opt/local/lib/gcc/avr/4.9.1/avr51/libgcc.a(_tablejump.o)
 .text          0x0000000000005cfe        0x0 /opt/local/lib/gcc/avr/4.9.1/avr51/libgcc.a(_copy_data.o)
 .text          0x0000000000005cfe        0x0 /opt/local/lib/gcc/avr/4.9.1/avr51/libgcc.a(_clear_bss.o)
 .text          0x0000000000005cfe        0x0 /opt/local/lib/gcc/avr/4.9.1/avr51/libgcc.a(_umulhisi3.o)
 .text          0x0000000000005cfe        0x0 /opt/local/lib/gcc/avr/4.9.1/../../../../avr/lib/avr51/libc.a(rand.o)
 .text          0x0000000000005cfe        0x0 /opt/local/lib/gcc/avr/4.9.1/../../../../avr/lib/avr51/libc.a(atoi.o)
 .text          0x0000000000005cfe        0x0 /opt/local/lib/gcc/avr/4.9.1/../../../../avr/lib/avr51/libc.a(strchr_P.o)
 .text          0x0000000000005cfe        0x0 /opt/local/lib/gcc/avr/4.9.1/../../../../avr/lib/avr51/libc.a(memcpy.o)
 .text          0x0000000000005cfe        0x0 /opt/local/lib/gcc/avr/4.9.1/../../../../avr/lib/avr51/libc.a(strncpy.o)
 .text          0x0000000000005cfe        0x0 /opt/local/lib/gcc/avr/4.9.1/../../../../avr/lib/avr51/libc.a(mul10.o)
 .text          0x0000000000005cfe        0x0 /opt/local/lib/gcc/avr/4.9.1/../../../../avr/lib/avr51/libc.a(fdevopen.o)
 .text          0x0000000000005cfe        0x0 /opt/local/lib/gcc/avr/4.9.1/../../../../avr/lib/avr51/libc.a(fgetc.o)
 .text          0x0000000000005cfe        0x0 /opt/local/lib/gcc/avr/4.9.1/../../../../avr/lib/avr51/libc.a(fputc.o)
 .text          0x0000000000005cfe        0x0 /opt/local/lib/gcc/avr/4.9.1/../../../../avr/lib/avr51/libc.a(iob.o)
 .text          0x0000000000005cfe        0x0 /opt/local/lib/gcc/avr/4.9.1/../../../../avr/lib/avr51/libc.a(printf.o)
 .text          0x0000000000005cfe        0x0 /opt/local/lib/gcc/avr/4.9.1/../../../../avr/lib/avr51/libc.a(putchar.o)
 .text          0x0000000000005cfe        0x0 /opt/local/lib/gcc/avr/4.9.1/../../../../avr/lib/avr51/libc.a(puts.o)
 .text          0x0000000000005cfe        0x0 /opt/local/lib/gcc/avr/4.9.1/../../../../avr/lib/avr51/libc.a(sprintf.o)
 .text          0x0000000000005cfe        0x0 /opt/local/lib/gcc/avr/4.9.1/../../../../avr/lib/avr51/libc.a(ultoa_invert.o)
 .text          0x0000000000005cfe        0x0 /opt/local/lib/gcc/avr/4.9.1/../../../../avr/lib/avr51/libc.a(eerd_byte_atmega128rfa1.o)
 .text          0x0000000000005cfe        0x0 /opt/local/lib/gcc/avr/4.9.1/../../../../avr/lib/avr51/libc.a(eewr_byte_atmega128rfa1.o)
 .text          0x0000000000005cfe        0x0 /opt/local/lib/gcc/avr/4.9.1/../../../../avr/lib/avr51/libc.a(calloc.o)
 .text          0x0000000000005cfe        0x0 /opt/local/lib/gcc/avr/4.9.1/../../../../avr/lib/avr51/libc.a(malloc.o)
 .text          0x0000000000005cfe        0x0 /opt/local/lib/gcc/avr/4.9.1/../../../../avr/lib/avr51/libc.a(memset.o)
 .text          0x0000000000005cfe        0x0 /opt/local/lib/gcc/avr/4.9.1/avr51/libgcc.a(_mulshisi3.o)
 .text          0x0000000000005cfe        0x0 /opt/local/lib/gcc/avr/4.9.1/avr51/libgcc.a(_divmodsi4.o)
 .text          0x0000000000005cfe        0x0 /opt/local/lib/gcc/avr/4.9.1/avr51/libgcc.a(_negsi2.o)
                0x0000000000005cfe                . = ALIGN (0x2)
 *(.text.*)
 .text.startup  0x0000000000005cfe       0xc6 main.o
                0x0000000000005cfe                main
 .text.avr-libc
                0x0000000000005dc4      0x28e /opt/local/lib/gcc/avr/4.9.1/../../../../avr/lib/avr51/libprintf_min.a(vfprintf_min.o)
                0x0000000000005dc4                vfprintf
 .text.libgcc.mul
                0x0000000000006052       0x16 /opt/local/lib/gcc/avr/4.9.1/avr51/libgcc.a(_muluhisi3.o)
                0x0000000000006052                __muluhisi3
 .text.libgcc.div
                0x0000000000006068        0x0 /opt/local/lib/gcc/avr/4.9.1/avr51/libgcc.a(_muluhisi3.o)
 .text.libgcc   0x0000000000006068        0x0 /opt/local/lib/gcc/avr/4.9.1/avr51/libgcc.a(_muluhisi3.o)
 .text.libgcc.prologue
                0x0000000000006068        0x0 /opt/local/lib/gcc/avr/4.9.1/avr51/libgcc.a(_muluhisi3.o)
 .text.libgcc.builtins
                0x0000000000006068        0x0 /opt/local/lib/gcc/avr/4.9.1/avr51/libgcc.a(_muluhisi3.o)
 .text.libgcc.fmul
                0x0000000000006068        0x0 /opt/local/lib/gcc/avr/4.9.1/avr51/libgcc.a(_muluhisi3.o)
 .text.libgcc.fixed
                0x0000000000006068        0x0 /opt/local/lib/gcc/avr/4.9.1/avr51/libgcc.a(_muluhisi3.o)
 .text.libgcc.mul
                0x0000000000006068       0x20 /opt/local/lib/gcc/avr/4.9.1/avr51/libgcc.a(_mulsi3.o)
                0x0000000000006068                __mulsi3
 .text.libgcc.div
                0x0000000000006088        0x0 /opt/local/lib/gcc/avr/4.9.1/avr51/libgcc.a(_mulsi3.o)
 .text.libgcc   0x0000000000006088        0x0 /opt/local/lib/gcc/avr/4.9.1/avr51/libgcc.a(_mulsi3.o)
 .text.libgcc.prologue
                0x0000000000006088        0x0 /opt/local/lib/gcc/avr/4.9.1/avr51/libgcc.a(_mulsi3.o)
 .text.libgcc.builtins
                0x0000000000006088        0x0 /opt/local/lib/gcc/avr/4.9.1/avr51/libgcc.a(_mulsi3.o)
 .text.libgcc.fmul
                0x0000000000006088        0x0 /opt/local/lib/gcc/avr/4.9.1/avr51/libgcc.a(_mulsi3.o)
 .text.libgcc.fixed
                0x0000000000006088        0x0 /opt/local/lib/gcc/avr/4.9.1/avr51/libgcc.a(_mulsi3.o)
 .text.libgcc.mul
                0x0000000000006088        0x0 /opt/local/lib/gcc/avr/4.9.1/avr51/libgcc.a(_udivmodhi4.o)
 .text.libgcc.div
                0x0000000000006088       0x28 /opt/local/lib/gcc/avr/4.9.1/avr51/libgcc.a(_udivmodhi4.o)
                0x0000000000006088                __udivmodhi4
 .text.libgcc   0x00000000000060b0        0x0 /opt/local/lib/gcc/avr/4.9.1/avr51/libgcc.a(_udivmodhi4.o)
 .text.libgcc.prologue
                0x00000000000060b0        0x0 /opt/local/lib/gcc/avr/4.9.1/avr51/libgcc.a(_udivmodhi4.o)
 .text.libgcc.builtins
                0x00000000000060b0        0x0 /opt/local/lib/gcc/avr/4.9.1/avr51/libgcc.a(_udivmodhi4.o)
 .text.libgcc.fmul
                0x00000000000060b0        0x0 /opt/local/lib/gcc/avr/4.9.1/avr51/libgcc.a(_udivmodhi4.o)
 .text.libgcc.fixed
                0x00000000000060b0        0x0 /opt/local/lib/gcc/avr/4.9.1/avr51/libgcc.a(_udivmodhi4.o)
 .text.libgcc.mul
                0x00000000000060b0        0x0 /opt/local/lib/gcc/avr/4.9.1/avr51/libgcc.a(_divmodhi4.o)
 .text.libgcc.div
                0x00000000000060b0       0x28 /opt/local/lib/gcc/avr/4.9.1/avr51/libgcc.a(_divmodhi4.o)
                0x00000000000060b0                __divmodhi4
                0x00000000000060b0                _div
 .text.libgcc   0x00000000000060d8        0x0 /opt/local/lib/gcc/avr/4.9.1/avr51/libgcc.a(_divmodhi4.o)
 .text.libgcc.prologue
                0x00000000000060d8        0x0 /opt/local/lib/gcc/avr/4.9.1/avr51/libgcc.a(_divmodhi4.o)
 .text.libgcc.builtins
                0x00000000000060d8        0x0 /opt/local/lib/gcc/avr/4.9.1/avr51/libgcc.a(_divmodhi4.o)
 .text.libgcc.fmul
                0x00000000000060d8        0x0 /opt/local/lib/gcc/avr/4.9.1/avr51/libgcc.a(_divmodhi4.o)
 .text.libgcc.fixed
                0x00000000000060d8        0x0 /opt/local/lib/gcc/avr/4.9.1/avr51/libgcc.a(_divmodhi4.o)
 .text.libgcc.mul
                0x00000000000060d8        0x0 /opt/local/lib/gcc/avr/4.9.1/avr51/libgcc.a(_udivmodsi4.o)
 .text.libgcc.div
                0x00000000000060d8       0x44 /opt/local/lib/gcc/avr/4.9.1/avr51/libgcc.a(_udivmodsi4.o)
                0x00000000000060d8                __udivmodsi4
 .text.libgcc   0x000000000000611c        0x0 /opt/local/lib/gcc/avr/4.9.1/avr51/libgcc.a(_udivmodsi4.o)
 .text.libgcc.prologue
                0x000000000000611c        0x0 /opt/local/lib/gcc/avr/4.9.1/avr51/libgcc.a(_udivmodsi4.o)
 .text.libgcc.builtins
                0x000000000000611c        0x0 /opt/local/lib/gcc/avr/4.9.1/avr51/libgcc.a(_udivmodsi4.o)
 .text.libgcc.fmul
                0x000000000000611c        0x0 /opt/local/lib/gcc/avr/4.9.1/avr51/libgcc.a(_udivmodsi4.o)
 .text.libgcc.fixed
                0x000000000000611c        0x0 /opt/local/lib/gcc/avr/4.9.1/avr51/libgcc.a(_udivmodsi4.o)
 .text.libgcc.mul
                0x000000000000611c        0x0 /opt/local/lib/gcc/avr/4.9.1/avr51/libgcc.a(_udivdi3.o)
 .text.libgcc.div
                0x000000000000611c       0x1c /opt/local/lib/gcc/avr/4.9.1/avr51/libgcc.a(_udivdi3.o)
                0x000000000000611c                __umoddi3
                0x0000000000006120                __udivdi3
                0x0000000000006122                __udivdi3_umoddi3
 .text.libgcc   0x0000000000006138        0x0 /opt/local/lib/gcc/avr/4.9.1/avr51/libgcc.a(_udivdi3.o)
 .text.libgcc.prologue
                0x0000000000006138        0x0 /opt/local/lib/gcc/avr/4.9.1/avr51/libgcc.a(_udivdi3.o)
 .text.libgcc.builtins
                0x0000000000006138        0x0 /opt/local/lib/gcc/avr/4.9.1/avr51/libgcc.a(_udivdi3.o)
 .text.libgcc.fmul
                0x0000000000006138        0x0 /opt/local/lib/gcc/avr/4.9.1/avr51/libgcc.a(_udivdi3.o)
 .text.libgcc.fixed
                0x0000000000006138        0x0 /opt/local/lib/gcc/avr/4.9.1/avr51/libgcc.a(_udivdi3.o)
 .text.libgcc.mul
                0x0000000000006138        0x0 /opt/local/lib/gcc/avr/4.9.1/avr51/libgcc.a(_udivmod64.o)
 .text.libgcc.div
                0x0000000000006138       0xa2 /opt/local/lib/gcc/avr/4.9.1/avr51/libgcc.a(_udivmod64.o)
                0x0000000000006138                __udivmod64
 .text.libgcc   0x00000000000061da        0x0 /opt/local/lib/gcc/avr/4.9.1/avr51/libgcc.a(_udivmod64.o)
 .text.libgcc.prologue
                0x00000000000061da        0x0 /opt/local/lib/gcc/avr/4.9.1/avr51/libgcc.a(_udivmod64.o)
 .text.libgcc.builtins
                0x00000000000061da        0x0 /opt/local/lib/gcc/avr/4.9.1/avr51/libgcc.a(_udivmod64.o)
 .text.libgcc.fmul
                0x00000000000061da        0x0 /opt/local/lib/gcc/avr/4.9.1/avr51/libgcc.a(_udivmod64.o)
 .text.libgcc.fixed
                0x00000000000061da        0x0 /opt/local/lib/gcc/avr/4.9.1/avr51/libgcc.a(_udivmod64.o)
 .text.libgcc.mul
                0x00000000000061da        0x0 /opt/local/lib/gcc/avr/4.9.1/avr51/libgcc.a(_exit.o)
 .text.libgcc.div
                0x00000000000061da        0x0 /opt/local/lib/gcc/avr/4.9.1/avr51/libgcc.a(_exit.o)
 .text.libgcc   0x00000000000061da        0x0 /opt/local/lib/gcc/avr/4.9.1/avr51/libgcc.a(_exit.o)
 .text.libgcc.prologue
                0x00000000000061da        0x0 /opt/local/lib/gcc/avr/4.9.1/avr51/libgcc.a(_exit.o)
 .text.libgcc.builtins
                0x00000000000061da        0x0 /opt/local/lib/gcc/avr/4.9.1/avr51/libgcc.a(_exit.o)
 .text.libgcc.fmul
                0x00000000000061da        0x0 /opt/local/lib/gcc/avr/4.9.1/avr51/libgcc.a(_exit.o)
 .text.libgcc.fixed
                0x00000000000061da        0x0 /opt/local/lib/gcc/avr/4.9.1/avr51/libgcc.a(_exit.o)
 .text.libgcc.mul
                0x00000000000061da        0x0 /opt/local/lib/gcc/avr/4.9.1/avr51/libgcc.a(_tablejump.o)
 .text.libgcc.div
                0x00000000000061da        0x0 /opt/local/lib/gcc/avr/4.9.1/avr51/libgcc.a(_tablejump.o)
 .text.libgcc   0x00000000000061da        0xc /opt/local/lib/gcc/avr/4.9.1/avr51/libgcc.a(_tablejump.o)
                0x00000000000061da                __tablejump2__
                0x00000000000061de                __tablejump__
 .text.libgcc.prologue
                0x00000000000061e6        0x0 /opt/local/lib/gcc/avr/4.9.1/avr51/libgcc.a(_tablejump.o)
 .text.libgcc.builtins
                0x00000000000061e6        0x0 /opt/local/lib/gcc/avr/4.9.1/avr51/libgcc.a(_tablejump.o)
 .text.libgcc.fmul
                0x00000000000061e6        0x0 /opt/local/lib/gcc/avr/4.9.1/avr51/libgcc.a(_tablejump.o)
 .text.libgcc.fixed
                0x00000000000061e6        0x0 /opt/local/lib/gcc/avr/4.9.1/avr51/libgcc.a(_tablejump.o)
 .text.libgcc.mul
                0x00000000000061e6        0x0 /opt/local/lib/gcc/avr/4.9.1/avr51/libgcc.a(_copy_data.o)
 .text.libgcc.div
                0x00000000000061e6        0x0 /opt/local/lib/gcc/avr/4.9.1/avr51/libgcc.a(_copy_data.o)
 .text.libgcc   0x00000000000061e6        0x0 /opt/local/lib/gcc/avr/4.9.1/avr51/libgcc.a(_copy_data.o)
 .text.libgcc.prologue
                0x00000000000061e6        0x0 /opt/local/lib/gcc/avr/4.9.1/avr51/libgcc.a(_copy_data.o)
 .text.libgcc.builtins
                0x00000000000061e6        0x0 /opt/local/lib/gcc/avr/4.9.1/avr51/libgcc.a(_copy_data.o)
 .text.libgcc.fmul
                0x00000000000061e6        0x0 /opt/local/lib/gcc/avr/4.9.1/avr51/libgcc.a(_copy_data.o)
 .text.libgcc.fixed
                0x00000000000061e6        0x0 /opt/local/lib/gcc/avr/4.9.1/avr51/libgcc.a(_copy_data.o)
 .text.libgcc.mul
                0x00000000000061e6        0x0 /opt/local/lib/gcc/avr/4.9.1/avr51/libgcc.a(_clear_bss.o)
 .text.libgcc.div
                0x00000000000061e6        0x0 /opt/local/lib/gcc/avr/4.9.1/avr51/libgcc.a(_clear_bss.o)
 .text.libgcc   0x00000000000061e6        0x0 /opt/local/lib/gcc/avr/4.9.1/avr51/libgcc.a(_clear_bss.o)
 .text.libgcc.prologue
                0x00000000000061e6        0x0 /opt/local/lib/gcc/avr/4.9.1/avr51/libgcc.a(_clear_bss.o)
 .text.libgcc.builtins
                0x00000000000061e6        0x0 /opt/local/lib/gcc/avr/4.9.1/avr51/libgcc.a(_clear_bss.o)
 .text.libgcc.fmul
                0x00000000000061e6        0x0 /opt/local/lib/gcc/avr/4.9.1/avr51/libgcc.a(_clear_bss.o)
 .text.libgcc.fixed
                0x00000000000061e6        0x0 /opt/local/lib/gcc/avr/4.9.1/avr51/libgcc.a(_clear_bss.o)
 .text.libgcc.mul
                0x00000000000061e6       0x1e /opt/local/lib/gcc/avr/4.9.1/avr51/libgcc.a(_umulhisi3.o)
                0x00000000000061e6                __umulhisi3
 .text.libgcc.div
                0x0000000000006204        0x0 /opt/local/lib/gcc/avr/4.9.1/avr51/libgcc.a(_umulhisi3.o)
 .text.libgcc   0x0000000000006204        0x0 /opt/local/lib/gcc/avr/4.9.1/avr51/libgcc.a(_umulhisi3.o)
 .text.libgcc.prologue
                0x0000000000006204        0x0 /opt/local/lib/gcc/avr/4.9.1/avr51/libgcc.a(_umulhisi3.o)
 .text.libgcc.builtins
                0x0000000000006204        0x0 /opt/local/lib/gcc/avr/4.9.1/avr51/libgcc.a(_umulhisi3.o)
 .text.libgcc.fmul
                0x0000000000006204        0x0 /opt/local/lib/gcc/avr/4.9.1/avr51/libgcc.a(_umulhisi3.o)
 .text.libgcc.fixed
                0x0000000000006204        0x0 /opt/local/lib/gcc/avr/4.9.1/avr51/libgcc.a(_umulhisi3.o)
 .text.avr-libc
                0x0000000000006204       0xb4 /opt/local/lib/gcc/avr/4.9.1/../../../../avr/lib/avr51/libc.a(rand.o)
                0x0000000000006296                rand_r
                0x000000000000629a                rand
                0x00000000000062a2                srand
 .text.avr-libc
                0x00000000000062b8       0x3c /opt/local/lib/gcc/avr/4.9.1/../../../../avr/lib/avr51/libc.a(atoi.o)
                0x00000000000062b8                atoi
 .text.avr-libc
                0x00000000000062f4       0x16 /opt/local/lib/gcc/avr/4.9.1/../../../../avr/lib/avr51/libc.a(strchr_P.o)
                0x00000000000062f4                strchr_P
 .text.avr-libc
                0x000000000000630a       0x12 /opt/local/lib/gcc/avr/4.9.1/../../../../avr/lib/avr51/libc.a(memcpy.o)
                0x000000000000630a                memcpy
 .text.avr-libc
                0x000000000000631c       0x1e /opt/local/lib/gcc/avr/4.9.1/../../../../avr/lib/avr51/libc.a(strncpy.o)
                0x000000000000631c                strncpy
 .text.avr-libc
                0x000000000000633a       0x10 /opt/local/lib/gcc/avr/4.9.1/../../../../avr/lib/avr51/libc.a(mul10.o)
                0x000000000000633a                __mulhi_const_10
 .text.avr-libc
                0x000000000000634a       0x96 /opt/local/lib/gcc/avr/4.9.1/../../../../avr/lib/avr51/libc.a(fdevopen.o)
                0x000000000000634a                fdevopen
 .text.avr-libc
                0x00000000000063e0       0x7c /opt/local/lib/gcc/avr/4.9.1/../../../../avr/lib/avr51/libc.a(fgetc.o)
                0x00000000000063e0                fgetc
 .text.avr-libc
                0x000000000000645c       0x70 /opt/local/lib/gcc/avr/4.9.1/../../../../avr/lib/avr51/libc.a(fputc.o)
                0x000000000000645c                fputc
 .text.avr-libc
                0x00000000000064cc       0x28 /opt/local/lib/gcc/avr/4.9.1/../../../../avr/lib/avr51/libc.a(printf.o)
                0x00000000000064cc                printf
 .text.avr-libc
                0x00000000000064f4        0xc /opt/local/lib/gcc/avr/4.9.1/../../../../avr/lib/avr51/libc.a(putchar.o)
                0x00000000000064f4                putchar
 .text.avr-libc
                0x0000000000006500       0x60 /opt/local/lib/gcc/avr/4.9.1/../../../../avr/lib/avr51/libc.a(puts.o)
                0x0000000000006500                puts
 .text.avr-libc
                0x0000000000006560       0x60 /opt/local/lib/gcc/avr/4.9.1/../../../../avr/lib/avr51/libc.a(sprintf.o)
                0x0000000000006560                sprintf
 .text.avr-libc
                0x00000000000065c0       0xbc /opt/local/lib/gcc/avr/4.9.1/../../../../avr/lib/avr51/libc.a(ultoa_invert.o)
                0x00000000000065c0                __ultoa_invert
 .text.avr-libc
                0x000000000000667c       0x10 /opt/local/lib/gcc/avr/4.9.1/../../../../avr/lib/avr51/libc.a(eerd_byte_atmega128rfa1.o)
                0x000000000000667c                __eerd_byte_m128rfa1
 .text.avr-libc
                0x000000000000668c       0x1c /opt/local/lib/gcc/avr/4.9.1/../../../../avr/lib/avr51/libc.a(eewr_byte_atmega128rfa1.o)
                0x000000000000668c                __eewr_byte_m128rfa1
                0x000000000000668e                __eewr_r18_m128rfa1
 .text.avr-libc
                0x00000000000066a8       0x38 /opt/local/lib/gcc/avr/4.9.1/../../../../avr/lib/avr51/libc.a(calloc.o)
                0x00000000000066a8                calloc
 .text.avr-libc
                0x00000000000066e0      0x25a /opt/local/lib/gcc/avr/4.9.1/../../../../avr/lib/avr51/libc.a(malloc.o)
                0x00000000000066e0                malloc
                0x000000000000680a                free
 .text.avr-libc
                0x000000000000693a        0xe /opt/local/lib/gcc/avr/4.9.1/../../../../avr/lib/avr51/libc.a(memset.o)
                0x000000000000693a                memset
 .text.libgcc.mul
                0x0000000000006948       0x10 /opt/local/lib/gcc/avr/4.9.1/avr51/libgcc.a(_mulshisi3.o)
                0x0000000000006948                __mulshisi3
                0x000000000000694e                __mulohisi3
 .text.libgcc.div
                0x0000000000006958        0x0 /opt/local/lib/gcc/avr/4.9.1/avr51/libgcc.a(_mulshisi3.o)
 .text.libgcc   0x0000000000006958        0x0 /opt/local/lib/gcc/avr/4.9.1/avr51/libgcc.a(_mulshisi3.o)
 .text.libgcc.prologue
                0x0000000000006958        0x0 /opt/local/lib/gcc/avr/4.9.1/avr51/libgcc.a(_mulshisi3.o)
 .text.libgcc.builtins
                0x0000000000006958        0x0 /opt/local/lib/gcc/avr/4.9.1/avr51/libgcc.a(_mulshisi3.o)
 .text.libgcc.fmul
                0x0000000000006958        0x0 /opt/local/lib/gcc/avr/4.9.1/avr51/libgcc.a(_mulshisi3.o)
 .text.libgcc.fixed
                0x0000000000006958        0x0 /opt/local/lib/gcc/avr/4.9.1/avr51/libgcc.a(_mulshisi3.o)
 .text.libgcc.mul
                0x0000000000006958        0x0 /opt/local/lib/gcc/avr/4.9.1/avr51/libgcc.a(_divmodsi4.o)
 .text.libgcc.div
                0x0000000000006958       0x2e /opt/local/lib/gcc/avr/4.9.1/avr51/libgcc.a(_divmodsi4.o)
                0x0000000000006958                __divmodsi4
 .text.libgcc   0x0000000000006986        0x0 /opt/local/lib/gcc/avr/4.9.1/avr51/libgcc.a(_divmodsi4.o)
 .text.libgcc.prologue
                0x0000000000006986        0x0 /opt/local/lib/gcc/avr/4.9.1/avr51/libgcc.a(_divmodsi4.o)
 .text.libgcc.builtins
                0x0000000000006986        0x0 /opt/local/lib/gcc/avr/4.9.1/avr51/libgcc.a(_divmodsi4.o)
 .text.libgcc.fmul
                0x0000000000006986        0x0 /opt/local/lib/gcc/avr/4.9.1/avr51/libgcc.a(_divmodsi4.o)
 .text.libgcc.fixed
                0x0000000000006986        0x0 /opt/local/lib/gcc/avr/4.9.1/avr51/libgcc.a(_divmodsi4.o)
 .text.libgcc.mul
                0x0000000000006986        0x0 /opt/local/lib/gcc/avr/4.9.1/avr51/libgcc.a(_negsi2.o)
 .text.libgcc.div
                0x0000000000006986       0x10 /opt/local/lib/gcc/avr/4.9.1/avr51/libgcc.a(_negsi2.o)
                0x0000000000006986                __negsi2
 .text.libgcc   0x0000000000006996        0x0 /opt/local/lib/gcc/avr/4.9.1/avr51/libgcc.a(_negsi2.o)
 .text.libgcc.prologue
                0x0000000000006996        0x0 /opt/local/lib/gcc/avr/4.9.1/avr51/libgcc.a(_negsi2.o)
 .text.libgcc.builtins
                0x0000000000006996        0x0 /opt/local/lib/gcc/avr/4.9.1/avr51/libgcc.a(_negsi2.o)
 .text.libgcc.fmul
                0x0000000000006996        0x0 /opt/local/lib/gcc/avr/4.9.1/avr51/libgcc.a(_negsi2.o)
 .text.libgcc.fixed
                0x0000000000006996        0x0 /opt/local/lib/gcc/avr/4.9.1/avr51/libgcc.a(_negsi2.o)
                0x0000000000006996                . = ALIGN (0x2)
 *(.fini9)
 .fini9         0x0000000000006996        0x0 /opt/local/lib/gcc/avr/4.9.1/avr51/libgcc.a(_exit.o)
                0x0000000000006996                exit
                0x0000000000006996                _exit
 *(.fini9)
 *(.fini8)
 *(.fini8)
 *(.fini7)
 *(.fini7)
 *(.fini6)
 *(.fini6)
 *(.fini5)
 *(.fini5)
 *(.fini4)
 *(.fini4)
 *(.fini3)
 *(.fini3)
 *(.fini2)
 *(.fini2)
 *(.fini1)
 *(.fini1)
 *(.fini0)
 .fini0         0x0000000000006996        0x4 /opt/local/lib/gcc/avr/4.9.1/avr51/libgcc.a(_exit.o)
 *(.fini0)
                0x000000000000699a                _etext = .

.data           0x0000000000800200      0x2d6 load address 0x000000000000699a
                0x0000000000800200                PROVIDE (__data_start, .)
 *(.data)
 .data          0x0000000000800200        0x0 /opt/local/lib/gcc/avr/4.9.1/../../../../avr/lib/avr51/crtm128rfa1.o
 .data          0x0000000000800200        0x2 main.o
                0x0000000000800200                sensor_update_rate
                0x0000000000800201                neighbor_update_rate
 .data          0x0000000000800202        0x0 ../../../src/net/bmac/rf231_soc/bmac.o
 .data          0x0000000000800202        0x0 ../../../projects/lab3/utility/assembler.o
 .data          0x0000000000800202        0x0 ../../../projects/lab3/utility/light_pool.o
 .data          0x0000000000800202        0x0 ../../../projects/lab3/utility/neighbors.o
 .data          0x0000000000800202        0x0 ../../../projects/lab3/utility/parser.o
 .data          0x0000000000800202        0x0 ../../../projects/lab3/utility/sequence_pool.o
 .data          0x0000000000800202        0x0 ../../../src/radio/rf231_soc/source/basic_rf.o
 .data          0x0000000000800202        0x0 ../../../src/platform/firefly3/source/ulib.o
 .data          0x0000000000800202        0x0 ../../../src/platform/firefly3/source/hal_wait.o
 .data          0x0000000000800202        0x0 ../../../src/platform/firefly3/source/nrk_eeprom.o
 .data          0x0000000000800202        0x0 ../../../src/kernel/source/nrk.o
 .data          0x0000000000800202        0x0 ../../../src/kernel/source/nrk_stats.o
 .data          0x0000000000800202        0x0 ../../../src/kernel/source/nrk_error.o
 .data          0x0000000000800202        0x0 ../../../src/kernel/source/nrk_stack_check.o
 .data          0x0000000000800202        0x0 ../../../src/kernel/source/nrk_events.o
 .data          0x0000000000800202        0x0 ../../../src/kernel/source/nrk_task.o
 .data          0x0000000000800202        0x0 ../../../src/kernel/source/nrk_time.o
 .data          0x0000000000800202        0x0 ../../../src/kernel/source/nrk_idle_task.o
 .data          0x0000000000800202        0x0 ../../../src/kernel/source/nrk_scheduler.o
 .data          0x0000000000800202        0x0 ../../../src/kernel/source/nrk_driver.o
 .data          0x0000000000800202        0x0 ../../../src/kernel/source/nrk_reserve.o
 .data          0x0000000000800202        0x0 ../../../src/kernel/source/nrk_sw_wdt.o
 .data          0x0000000000800202        0x0 ../../../src/kernel/hal/atmega128rfa1/nrk_timer.o
 .data          0x0000000000800202        0x0 ../../../src/kernel/hal/atmega128rfa1/nrk_status.o
 .data          0x0000000000800202        0x0 ../../../src/kernel/hal/atmega128rfa1/nrk_ext_int.o
 .data          0x0000000000800202        0x0 ../../../src/kernel/hal/atmega128rfa1/nrk_watchdog.o
 .data          0x0000000000800202        0x0 ../../../src/kernel/hal/atmega128rfa1/nrk_cpu.o
 .data          0x0000000000800202        0x0 ../../../src/kernel/hal/atmega128rfa1/atmel_hw_specific.o
 .data          0x0000000000800202        0x0 /opt/local/lib/gcc/avr/4.9.1/../../../../avr/lib/avr51/libprintf_min.a(vfprintf_min.o)
 .data          0x0000000000800202        0x0 /opt/local/lib/gcc/avr/4.9.1/avr51/libgcc.a(_muluhisi3.o)
 .data          0x0000000000800202        0x0 /opt/local/lib/gcc/avr/4.9.1/avr51/libgcc.a(_mulsi3.o)
 .data          0x0000000000800202        0x0 /opt/local/lib/gcc/avr/4.9.1/avr51/libgcc.a(_udivmodhi4.o)
 .data          0x0000000000800202        0x0 /opt/local/lib/gcc/avr/4.9.1/avr51/libgcc.a(_divmodhi4.o)
 .data          0x0000000000800202        0x0 /opt/local/lib/gcc/avr/4.9.1/avr51/libgcc.a(_udivmodsi4.o)
 .data          0x0000000000800202        0x0 /opt/local/lib/gcc/avr/4.9.1/avr51/libgcc.a(_udivdi3.o)
 .data          0x0000000000800202        0x0 /opt/local/lib/gcc/avr/4.9.1/avr51/libgcc.a(_udivmod64.o)
 .data          0x0000000000800202        0x0 /opt/local/lib/gcc/avr/4.9.1/avr51/libgcc.a(_exit.o)
 .data          0x0000000000800202        0x0 /opt/local/lib/gcc/avr/4.9.1/avr51/libgcc.a(_tablejump.o)
 .data          0x0000000000800202        0x0 /opt/local/lib/gcc/avr/4.9.1/avr51/libgcc.a(_copy_data.o)
 .data          0x0000000000800202        0x0 /opt/local/lib/gcc/avr/4.9.1/avr51/libgcc.a(_clear_bss.o)
 .data          0x0000000000800202        0x0 /opt/local/lib/gcc/avr/4.9.1/avr51/libgcc.a(_umulhisi3.o)
 .data          0x0000000000800202        0x4 /opt/local/lib/gcc/avr/4.9.1/../../../../avr/lib/avr51/libc.a(rand.o)
 .data          0x0000000000800206        0x0 /opt/local/lib/gcc/avr/4.9.1/../../../../avr/lib/avr51/libc.a(atoi.o)
 .data          0x0000000000800206        0x0 /opt/local/lib/gcc/avr/4.9.1/../../../../avr/lib/avr51/libc.a(strchr_P.o)
 .data          0x0000000000800206        0x0 /opt/local/lib/gcc/avr/4.9.1/../../../../avr/lib/avr51/libc.a(memcpy.o)
 .data          0x0000000000800206        0x0 /opt/local/lib/gcc/avr/4.9.1/../../../../avr/lib/avr51/libc.a(strncpy.o)
 .data          0x0000000000800206        0x0 /opt/local/lib/gcc/avr/4.9.1/../../../../avr/lib/avr51/libc.a(mul10.o)
 .data          0x0000000000800206        0x0 /opt/local/lib/gcc/avr/4.9.1/../../../../avr/lib/avr51/libc.a(fdevopen.o)
 .data          0x0000000000800206        0x0 /opt/local/lib/gcc/avr/4.9.1/../../../../avr/lib/avr51/libc.a(fgetc.o)
 .data          0x0000000000800206        0x0 /opt/local/lib/gcc/avr/4.9.1/../../../../avr/lib/avr51/libc.a(fputc.o)
 .data          0x0000000000800206        0x0 /opt/local/lib/gcc/avr/4.9.1/../../../../avr/lib/avr51/libc.a(iob.o)
 .data          0x0000000000800206        0x0 /opt/local/lib/gcc/avr/4.9.1/../../../../avr/lib/avr51/libc.a(printf.o)
 .data          0x0000000000800206        0x0 /opt/local/lib/gcc/avr/4.9.1/../../../../avr/lib/avr51/libc.a(putchar.o)
 .data          0x0000000000800206        0x0 /opt/local/lib/gcc/avr/4.9.1/../../../../avr/lib/avr51/libc.a(puts.o)
 .data          0x0000000000800206        0x0 /opt/local/lib/gcc/avr/4.9.1/../../../../avr/lib/avr51/libc.a(sprintf.o)
 .data          0x0000000000800206        0x0 /opt/local/lib/gcc/avr/4.9.1/../../../../avr/lib/avr51/libc.a(ultoa_invert.o)
 .data          0x0000000000800206        0x0 /opt/local/lib/gcc/avr/4.9.1/../../../../avr/lib/avr51/libc.a(eerd_byte_atmega128rfa1.o)
 .data          0x0000000000800206        0x0 /opt/local/lib/gcc/avr/4.9.1/../../../../avr/lib/avr51/libc.a(eewr_byte_atmega128rfa1.o)
 .data          0x0000000000800206        0x0 /opt/local/lib/gcc/avr/4.9.1/../../../../avr/lib/avr51/libc.a(calloc.o)
 .data          0x0000000000800206        0x6 /opt/local/lib/gcc/avr/4.9.1/../../../../avr/lib/avr51/libc.a(malloc.o)
                0x0000000000800206                __malloc_heap_end
                0x0000000000800208                __malloc_heap_start
                0x000000000080020a                __malloc_margin
 .data          0x000000000080020c        0x0 /opt/local/lib/gcc/avr/4.9.1/../../../../avr/lib/avr51/libc.a(memset.o)
 .data          0x000000000080020c        0x0 /opt/local/lib/gcc/avr/4.9.1/avr51/libgcc.a(_mulshisi3.o)
 .data          0x000000000080020c        0x0 /opt/local/lib/gcc/avr/4.9.1/avr51/libgcc.a(_divmodsi4.o)
 .data          0x000000000080020c        0x0 /opt/local/lib/gcc/avr/4.9.1/avr51/libgcc.a(_negsi2.o)
 *(.data*)
 *(.rodata)
 .rodata        0x000000000080020c       0x51 ../../../src/platform/firefly3/source/ulib.o
                0x000000000080020c                NRK_ADC_INPUT_7
                0x000000000080020d                NRK_ADC_INPUT_6
                0x000000000080020e                NRK_ADC_INPUT_5
                0x000000000080020f                NRK_ADC_INPUT_4
                0x0000000000800210                NRK_ADC_INPUT_3
                0x0000000000800211                NRK_ADC_INPUT_2
                0x0000000000800212                NRK_ADC_INPUT_1
                0x0000000000800213                NRK_ADC_INPUT_0
                0x0000000000800214                NRK_PORTF_7
                0x0000000000800215                NRK_PORTF_6
                0x0000000000800216                NRK_PORTF_5
                0x0000000000800217                NRK_PORTF_4
                0x0000000000800218                NRK_PORTF_3
                0x0000000000800219                NRK_PORTF_2
                0x000000000080021a                NRK_PORTF_1
                0x000000000080021b                NRK_PORTF_0
                0x000000000080021c                NRK_PORTG_5
                0x000000000080021d                NRK_PORTG_4
                0x000000000080021e                NRK_PORTG_3
                0x000000000080021f                NRK_PORTG_2
                0x0000000000800220                NRK_PORTG_1
                0x0000000000800221                NRK_PORTG_0
                0x0000000000800222                NRK_ANT_1
                0x0000000000800223                NRK_ANT_0
                0x0000000000800224                NRK_UART0_TXD
                0x0000000000800225                NRK_UART0_RXD
                0x0000000000800226                NRK_PORTE_7
                0x0000000000800227                NRK_PORTE_6
                0x0000000000800228                NRK_PORTE_5
                0x0000000000800229                NRK_PORTE_4
                0x000000000080022a                NRK_PORTE_3
                0x000000000080022b                NRK_PORTE_2
                0x000000000080022c                NRK_PORTE_1
                0x000000000080022d                NRK_PORTE_0
                0x000000000080022e                NRK_LED_3
                0x000000000080022f                NRK_LED_2
                0x0000000000800230                NRK_LED_1
                0x0000000000800231                NRK_LED_0
                0x0000000000800232                NRK_UART1_TXD
                0x0000000000800233                NRK_UART1_RXD
                0x0000000000800234                NRK_BUTTON
                0x0000000000800235                NRK_PORTD_7
                0x0000000000800236                NRK_PORTD_6
                0x0000000000800237                NRK_PORTD_5
                0x0000000000800238                NRK_PORTD_4
                0x0000000000800239                NRK_PORTD_3
                0x000000000080023a                NRK_PORTD_2
                0x000000000080023b                NRK_PORTD_1
                0x000000000080023c                NRK_PORTD_0
                0x000000000080023d                NRK_PORTC_7
                0x000000000080023e                NRK_PORTC_6
                0x000000000080023f                NRK_PORTC_5
                0x0000000000800240                NRK_PORTC_4
                0x0000000000800241                NRK_PORTC_3
                0x0000000000800242                NRK_PORTC_2
                0x0000000000800243                NRK_PORTC_1
                0x0000000000800244                NRK_PORTC_0
                0x0000000000800245                NRK_PORTB_7
                0x0000000000800246                NRK_PORTB_6
                0x0000000000800247                NRK_PORTB_5
                0x0000000000800248                NRK_PORTB_4
                0x0000000000800249                NRK_PORTB_3
                0x000000000080024a                NRK_PORTB_2
                0x000000000080024b                NRK_PORTB_1
                0x000000000080024c                NRK_PORTB_0
                0x000000000080024d                NRK_MISO
                0x000000000080024e                NRK_MOSI
                0x000000000080024f                NRK_SCK
                0x0000000000800250                NRK_SPI_SS
                0x0000000000800251                NRK_DEBUG_3
                0x0000000000800252                NRK_DEBUG_2
                0x0000000000800253                NRK_DEBUG_1
                0x0000000000800254                NRK_DEBUG_0
                0x0000000000800255                NRK_PORTA_7
                0x0000000000800256                NRK_PORTA_6
                0x0000000000800257                NRK_PORTA_5
                0x0000000000800258                NRK_PORTA_4
                0x0000000000800259                NRK_PORTA_3
                0x000000000080025a                NRK_PORTA_2
                0x000000000080025b                NRK_PORTA_1
                0x000000000080025c                NRK_PORTA_0
 *(.rodata*)
 .rodata.str1.1
                0x000000000080025d       0x71 main.o
                                         0x73 (size before relaxing)
 .rodata.str1.1
                0x00000000008002ce       0x38 ../../../projects/lab3/utility/assembler.o
                                         0x4d (size before relaxing)
 .rodata.str1.1
                0x0000000000800306       0x19 ../../../projects/lab3/utility/light_pool.o
 .rodata.str1.1
                0x000000000080031f       0x58 ../../../projects/lab3/utility/neighbors.o
                                         0x5b (size before relaxing)
 .rodata.str1.1
                0x0000000000800377       0x9a ../../../projects/lab3/utility/parser.o
 .rodata.str1.1
                0x0000000000800411       0x83 ../../../src/radio/rf231_soc/source/basic_rf.o
 .rodata.str1.1
                0x0000000000800494        0x3 ../../../src/kernel/source/nrk_error.o
 .rodata.str1.1
                0x0000000000800494       0x41 ../../../src/kernel/source/nrk_stack_check.o
                                         0x4e (size before relaxing)
 *(.gnu.linkonce.d*)
                0x00000000008004d6                . = ALIGN (0x2)
 *fill*         0x00000000008004d5        0x1 
                0x00000000008004d6                _edata = .
                0x00000000008004d6                PROVIDE (__data_end, .)

.bss            0x00000000008004d6      0xcb1
                0x00000000008004d6                PROVIDE (__bss_start, .)
 *(.bss)
 .bss           0x00000000008004d6        0x0 /opt/local/lib/gcc/avr/4.9.1/../../../../avr/lib/avr51/crtm128rfa1.o
 .bss           0x00000000008004d6        0x3 main.o
                0x00000000008004d6                seq_num
                0x00000000008004d8                ui_index
 .bss           0x00000000008004d9       0xbf ../../../src/net/bmac/rf231_soc/bmac.o
 .bss           0x0000000000800598        0x0 ../../../projects/lab3/utility/assembler.o
 .bss           0x0000000000800598        0x0 ../../../projects/lab3/utility/light_pool.o
 .bss           0x0000000000800598        0x0 ../../../projects/lab3/utility/neighbors.o
 .bss           0x0000000000800598        0x0 ../../../projects/lab3/utility/parser.o
 .bss           0x0000000000800598        0x0 ../../../projects/lab3/utility/sequence_pool.o
 .bss           0x0000000000800598        0x4 ../../../src/radio/rf231_soc/source/basic_rf.o
                0x0000000000800598                rx_end_func
                0x000000000080059a                rx_start_func
 .bss           0x000000000080059c       0x15 ../../../src/platform/firefly3/source/ulib.o
 .bss           0x00000000008005b1        0x0 ../../../src/platform/firefly3/source/hal_wait.o
 .bss           0x00000000008005b1        0x0 ../../../src/platform/firefly3/source/nrk_eeprom.o
 .bss           0x00000000008005b1        0x0 ../../../src/kernel/source/nrk.o
 .bss           0x00000000008005b1        0x0 ../../../src/kernel/source/nrk_stats.o
 .bss           0x00000000008005b1        0x0 ../../../src/kernel/source/nrk_error.o
 .bss           0x00000000008005b1        0x0 ../../../src/kernel/source/nrk_stack_check.o
 .bss           0x00000000008005b1        0x0 ../../../src/kernel/source/nrk_events.o
 .bss           0x00000000008005b1        0x0 ../../../src/kernel/source/nrk_task.o
 .bss           0x00000000008005b1        0x0 ../../../src/kernel/source/nrk_time.o
 .bss           0x00000000008005b1        0x0 ../../../src/kernel/source/nrk_idle_task.o
 .bss           0x00000000008005b1        0x0 ../../../src/kernel/source/nrk_scheduler.o
 .bss           0x00000000008005b1        0x0 ../../../src/kernel/source/nrk_driver.o
 .bss           0x00000000008005b1        0x0 ../../../src/kernel/source/nrk_reserve.o
 .bss           0x00000000008005b1        0x0 ../../../src/kernel/source/nrk_sw_wdt.o
 .bss           0x00000000008005b1        0x0 ../../../src/kernel/hal/atmega128rfa1/nrk_timer.o
 .bss           0x00000000008005b1        0x0 ../../../src/kernel/hal/atmega128rfa1/nrk_status.o
 .bss           0x00000000008005b1        0x0 ../../../src/kernel/hal/atmega128rfa1/nrk_ext_int.o
 .bss           0x00000000008005b1        0x0 ../../../src/kernel/hal/atmega128rfa1/nrk_watchdog.o
 .bss           0x00000000008005b1        0x0 ../../../src/kernel/hal/atmega128rfa1/nrk_cpu.o
 .bss           0x00000000008005b1        0x0 ../../../src/kernel/hal/atmega128rfa1/atmel_hw_specific.o
 .bss           0x00000000008005b1        0x0 /opt/local/lib/gcc/avr/4.9.1/../../../../avr/lib/avr51/libprintf_min.a(vfprintf_min.o)
 .bss           0x00000000008005b1        0x0 /opt/local/lib/gcc/avr/4.9.1/avr51/libgcc.a(_muluhisi3.o)
 .bss           0x00000000008005b1        0x0 /opt/local/lib/gcc/avr/4.9.1/avr51/libgcc.a(_mulsi3.o)
 .bss           0x00000000008005b1        0x0 /opt/local/lib/gcc/avr/4.9.1/avr51/libgcc.a(_udivmodhi4.o)
 .bss           0x00000000008005b1        0x0 /opt/local/lib/gcc/avr/4.9.1/avr51/libgcc.a(_divmodhi4.o)
 .bss           0x00000000008005b1        0x0 /opt/local/lib/gcc/avr/4.9.1/avr51/libgcc.a(_udivmodsi4.o)
 .bss           0x00000000008005b1        0x0 /opt/local/lib/gcc/avr/4.9.1/avr51/libgcc.a(_udivdi3.o)
 .bss           0x00000000008005b1        0x0 /opt/local/lib/gcc/avr/4.9.1/avr51/libgcc.a(_udivmod64.o)
 .bss           0x00000000008005b1        0x0 /opt/local/lib/gcc/avr/4.9.1/avr51/libgcc.a(_exit.o)
 .bss           0x00000000008005b1        0x0 /opt/local/lib/gcc/avr/4.9.1/avr51/libgcc.a(_tablejump.o)
 .bss           0x00000000008005b1        0x0 /opt/local/lib/gcc/avr/4.9.1/avr51/libgcc.a(_copy_data.o)
 .bss           0x00000000008005b1        0x0 /opt/local/lib/gcc/avr/4.9.1/avr51/libgcc.a(_clear_bss.o)
 .bss           0x00000000008005b1        0x0 /opt/local/lib/gcc/avr/4.9.1/avr51/libgcc.a(_umulhisi3.o)
 .bss           0x00000000008005b1        0x0 /opt/local/lib/gcc/avr/4.9.1/../../../../avr/lib/avr51/libc.a(rand.o)
 .bss           0x00000000008005b1        0x0 /opt/local/lib/gcc/avr/4.9.1/../../../../avr/lib/avr51/libc.a(atoi.o)
 .bss           0x00000000008005b1        0x0 /opt/local/lib/gcc/avr/4.9.1/../../../../avr/lib/avr51/libc.a(strchr_P.o)
 .bss           0x00000000008005b1        0x0 /opt/local/lib/gcc/avr/4.9.1/../../../../avr/lib/avr51/libc.a(memcpy.o)
 .bss           0x00000000008005b1        0x0 /opt/local/lib/gcc/avr/4.9.1/../../../../avr/lib/avr51/libc.a(strncpy.o)
 .bss           0x00000000008005b1        0x0 /opt/local/lib/gcc/avr/4.9.1/../../../../avr/lib/avr51/libc.a(mul10.o)
 .bss           0x00000000008005b1        0x0 /opt/local/lib/gcc/avr/4.9.1/../../../../avr/lib/avr51/libc.a(fdevopen.o)
 .bss           0x00000000008005b1        0x0 /opt/local/lib/gcc/avr/4.9.1/../../../../avr/lib/avr51/libc.a(fgetc.o)
 .bss           0x00000000008005b1        0x0 /opt/local/lib/gcc/avr/4.9.1/../../../../avr/lib/avr51/libc.a(fputc.o)
 .bss           0x00000000008005b1        0x0 /opt/local/lib/gcc/avr/4.9.1/../../../../avr/lib/avr51/libc.a(iob.o)
 .bss           0x00000000008005b1        0x0 /opt/local/lib/gcc/avr/4.9.1/../../../../avr/lib/avr51/libc.a(printf.o)
 .bss           0x00000000008005b1        0x0 /opt/local/lib/gcc/avr/4.9.1/../../../../avr/lib/avr51/libc.a(putchar.o)
 .bss           0x00000000008005b1        0x0 /opt/local/lib/gcc/avr/4.9.1/../../../../avr/lib/avr51/libc.a(puts.o)
 .bss           0x00000000008005b1        0x0 /opt/local/lib/gcc/avr/4.9.1/../../../../avr/lib/avr51/libc.a(sprintf.o)
 .bss           0x00000000008005b1        0x0 /opt/local/lib/gcc/avr/4.9.1/../../../../avr/lib/avr51/libc.a(ultoa_invert.o)
 .bss           0x00000000008005b1        0x0 /opt/local/lib/gcc/avr/4.9.1/../../../../avr/lib/avr51/libc.a(eerd_byte_atmega128rfa1.o)
 .bss           0x00000000008005b1        0x0 /opt/local/lib/gcc/avr/4.9.1/../../../../avr/lib/avr51/libc.a(eewr_byte_atmega128rfa1.o)
 .bss           0x00000000008005b1        0x0 /opt/local/lib/gcc/avr/4.9.1/../../../../avr/lib/avr51/libc.a(calloc.o)
 .bss           0x00000000008005b1        0x0 /opt/local/lib/gcc/avr/4.9.1/../../../../avr/lib/avr51/libc.a(malloc.o)
 .bss           0x00000000008005b1        0x0 /opt/local/lib/gcc/avr/4.9.1/../../../../avr/lib/avr51/libc.a(memset.o)
 .bss           0x00000000008005b1        0x0 /opt/local/lib/gcc/avr/4.9.1/avr51/libgcc.a(_mulshisi3.o)
 .bss           0x00000000008005b1        0x0 /opt/local/lib/gcc/avr/4.9.1/avr51/libgcc.a(_divmodsi4.o)
 .bss           0x00000000008005b1        0x0 /opt/local/lib/gcc/avr/4.9.1/avr51/libgcc.a(_negsi2.o)
 *(.bss*)
 *(COMMON)
 COMMON         0x00000000008005b1      0xa22 main.o
                0x00000000008005b1                UI_TASK
                0x00000000008005d4                neighbor_graph
                0x00000000008005e4                ui_task_stack
                0x00000000008007e4                ui_buf
                0x0000000000800858                error_task
                0x0000000000800859                sensor_mux
                0x000000000080085b                RECEIVE_TASK
                0x000000000080087e                TRANSMIT_TASK
                0x00000000008008a1                print_incoming
                0x00000000008008a2                bmac_enable_signal
                0x00000000008008a3                bmac_rfTxInfo
                0x00000000008008aa                _nrk_signal_list
                0x00000000008008ae                bmac_rx_pkt_signal
                0x00000000008008af                rx_buf
                0x0000000000800923                neighbor_graph_mux
                0x0000000000800925                nrk_kernel_stk_ptr
                0x0000000000800927                transmit_task_stack
                0x0000000000800b27                tx_packet
                0x0000000000800b37                print_mux
                0x0000000000800b39                receive_task_stack
                0x0000000000800d39                tx_buf
                0x0000000000800dad                seq_pool
                0x0000000000800db7                neighbor_mux
                0x0000000000800db9                light_pool_mux
                0x0000000000800dbb                bmac_rfRxInfo
                0x0000000000800dc7                error_num
                0x0000000000800dc8                nrk_idle_task_stk
                0x0000000000800fc8                light_pool
                0x0000000000800fd2                bmac_tx_pkt_done_signal
 COMMON         0x0000000000800fd3        0x5 ../../../src/net/bmac/rf231_soc/bmac.o
                0x0000000000800fd3                app_timer0_callback
                0x0000000000800fd5                _nrk_time_trigger
                0x0000000000800fd6                app_timer0_prescale
                0x0000000000800fd7                _nrk_prev_timer_val
 COMMON         0x0000000000800fd8       0x53 ../../../src/radio/rf231_soc/source/basic_rf.o
                0x0000000000800fd8                rx_ctr
                0x0000000000800fdc                radio_sem
                0x0000000000800fde                use_glossy
                0x0000000000800fdf                mdmctrl0
                0x0000000000800fe1                rfSettings
                0x0000000000800fea                curr_t
                0x0000000000800ff2                tx_done
                0x0000000000800ff3                ekey
                0x0000000000801003                rf_ready
                0x0000000000801004                target_t
                0x000000000080100c                dkey
                0x000000000080101c                tx_ctr
                0x0000000000801022                rx_ready
                0x0000000000801023                dummy_t
 COMMON         0x000000000080102b      0x149 ../../../src/kernel/source/nrk.o
                0x000000000080102b                _free_node
                0x000000000080102d                nrk_task_TCB
                0x000000000080112f                next_next_wakeup
                0x0000000000801131                nrk_sem_list
                0x000000000080113d                nrk_task_init_cnt
                0x000000000080113e                nrk_wakeup_signal
                0x000000000080113f                nrk_high_ready_TCB
                0x0000000000801141                nrk_cur_task_prio
                0x0000000000801142                _nrk_cpu_state
                0x0000000000801143                _head_node
                0x0000000000801145                nrk_system_time
                0x000000000080114d                _nrk_resource_cnt
                0x000000000080114e                nrk_cur_task_TCB
                0x0000000000801150                nrk_high_ready_prio
                0x0000000000801151                _nrk_readyQ
 COMMON         0x0000000000801174        0x1 ../../../src/kernel/source/nrk_scheduler.o
                0x0000000000801174                t
 COMMON         0x0000000000801175        0x8 ../../../src/kernel/hal/atmega128rfa1/nrk_ext_int.o
                0x0000000000801175                ext_int1_callback
                0x0000000000801177                ext_int0_callback
                0x0000000000801179                ext_int2_callback
                0x000000000080117b                pc_int0_callback
 COMMON         0x000000000080117d        0x6 /opt/local/lib/gcc/avr/4.9.1/../../../../avr/lib/avr51/libc.a(iob.o)
                0x000000000080117d                __iob
 COMMON         0x0000000000801183        0x4 /opt/local/lib/gcc/avr/4.9.1/../../../../avr/lib/avr51/libc.a(malloc.o)
                0x0000000000801183                __brkval
                0x0000000000801185                __flp
                0x0000000000801187                PROVIDE (__bss_end, .)
                0x000000000000699a                __data_load_start = LOADADDR (.data)
                0x0000000000006c70                __data_load_end = (__data_load_start + SIZEOF (.data))

.noinit         0x0000000000801187        0x0
                0x0000000000801187                PROVIDE (__noinit_start, .)
 *(.noinit*)
                0x0000000000801187                PROVIDE (__noinit_end, .)
                0x0000000000801187                _end = .
                0x0000000000801187                PROVIDE (__heap_start, .)

.eeprom         0x0000000000810000        0x0
 *(.eeprom*)
                0x0000000000810000                __eeprom_end = .

.fuse
 *(.fuse)
 *(.lfuse)
 *(.hfuse)
 *(.efuse)

.lock
 *(.lock*)

.signature
 *(.signature*)

.stab           0x0000000000000000    0x14d18
 *(.stab)
 .stab          0x0000000000000000     0x21b4 main.o
 .stab          0x00000000000021b4     0x1b18 ../../../src/net/bmac/rf231_soc/bmac.o
                                       0x26c4 (size before relaxing)
 .stab          0x0000000000003ccc      0x4bc ../../../projects/lab3/utility/assembler.o
                                       0x1110 (size before relaxing)
 .stab          0x0000000000004188      0x804 ../../../projects/lab3/utility/light_pool.o
                                       0x144c (size before relaxing)
 .stab          0x000000000000498c      0xbdc ../../../projects/lab3/utility/neighbors.o
                                       0x1824 (size before relaxing)
 .stab          0x0000000000005568      0x8f4 ../../../projects/lab3/utility/parser.o
                                       0x153c (size before relaxing)
 .stab          0x0000000000005e5c      0x7d4 ../../../projects/lab3/utility/sequence_pool.o
                                       0x141c (size before relaxing)
 .stab          0x0000000000006630     0x225c ../../../src/radio/rf231_soc/source/basic_rf.o
                                       0x2d0c (size before relaxing)
 .stab          0x000000000000888c     0x174c ../../../src/platform/firefly3/source/ulib.o
                                       0x21f0 (size before relaxing)
 .stab          0x0000000000009fd8      0x378 ../../../src/platform/firefly3/source/hal_wait.o
                                        0xd50 (size before relaxing)
 .stab          0x000000000000a350      0x7ec ../../../src/platform/firefly3/source/nrk_eeprom.o
                                       0x1278 (size before relaxing)
 .stab          0x000000000000ab3c      0xb34 ../../../src/kernel/source/nrk.o
                                       0x1644 (size before relaxing)
 .stab          0x000000000000b670      0x420 ../../../src/kernel/source/nrk_stats.o
                                        0xf54 (size before relaxing)
 .stab          0x000000000000ba90      0xba0 ../../../src/kernel/source/nrk_error.o
                                       0x16e0 (size before relaxing)
 .stab          0x000000000000c630      0x624 ../../../src/kernel/source/nrk_stack_check.o
                                       0x1158 (size before relaxing)
 .stab          0x000000000000cc54     0x1044 ../../../src/kernel/source/nrk_events.o
                                       0x1b90 (size before relaxing)
 .stab          0x000000000000dc98     0x10e0 ../../../src/kernel/source/nrk_task.o
                                       0x1c2c (size before relaxing)
 .stab          0x000000000000ed78      0x93c ../../../src/kernel/source/nrk_time.o
                                       0x1488 (size before relaxing)
 .stab          0x000000000000f6b4      0x48c ../../../src/kernel/source/nrk_idle_task.o
                                        0xfd8 (size before relaxing)
 .stab          0x000000000000fb40      0x990 ../../../src/kernel/source/nrk_scheduler.o
                                       0x14dc (size before relaxing)
 .stab          0x00000000000104d0      0x264 ../../../src/kernel/source/nrk_driver.o
                                        0x270 (size before relaxing)
 .stab          0x0000000000010734      0x264 ../../../src/kernel/source/nrk_reserve.o
                                        0x270 (size before relaxing)
 .stab          0x0000000000010998      0x390 ../../../src/kernel/source/nrk_sw_wdt.o
                                        0xec4 (size before relaxing)
 .stab          0x0000000000010d28     0x111c ../../../src/kernel/hal/atmega128rfa1/nrk_timer.o
                                       0x1c5c (size before relaxing)
 .stab          0x0000000000011e44      0x474 ../../../src/kernel/hal/atmega128rfa1/nrk_status.o
                                        0xf18 (size before relaxing)
 .stab          0x00000000000122b8      0xa14 ../../../src/kernel/hal/atmega128rfa1/nrk_ext_int.o
                                       0x14b8 (size before relaxing)
 .stab          0x0000000000012ccc      0x540 ../../../src/kernel/hal/atmega128rfa1/nrk_watchdog.o
                                       0x1068 (size before relaxing)
 .stab          0x000000000001320c      0x894 ../../../src/kernel/hal/atmega128rfa1/nrk_cpu.o
                                       0x13d4 (size before relaxing)
 .stab          0x0000000000013aa0      0x204 ../../../src/kernel/hal/atmega128rfa1/atmel_hw_specific.o
                                        0x210 (size before relaxing)
 .stab          0x0000000000013ca4       0xcc /opt/local/lib/gcc/avr/4.9.1/avr51/libgcc.a(_muluhisi3.o)
                                         0xd8 (size before relaxing)
 .stab          0x0000000000013d70      0x108 /opt/local/lib/gcc/avr/4.9.1/avr51/libgcc.a(_mulsi3.o)
                                        0x114 (size before relaxing)
 .stab          0x0000000000013e78      0x15c /opt/local/lib/gcc/avr/4.9.1/avr51/libgcc.a(_udivmodhi4.o)
                                        0x168 (size before relaxing)
 .stab          0x0000000000013fd4      0x138 /opt/local/lib/gcc/avr/4.9.1/avr51/libgcc.a(_divmodhi4.o)
                                        0x144 (size before relaxing)
 .stab          0x000000000001410c      0x228 /opt/local/lib/gcc/avr/4.9.1/avr51/libgcc.a(_udivmodsi4.o)
                                        0x234 (size before relaxing)
 .stab          0x0000000000014334      0x150 /opt/local/lib/gcc/avr/4.9.1/avr51/libgcc.a(_udivdi3.o)
                                        0x15c (size before relaxing)
 .stab          0x0000000000014484      0x234 /opt/local/lib/gcc/avr/4.9.1/avr51/libgcc.a(_udivmod64.o)
                                        0x240 (size before relaxing)
 .stab          0x00000000000146b8       0x6c /opt/local/lib/gcc/avr/4.9.1/avr51/libgcc.a(_exit.o)
                                         0x78 (size before relaxing)
 .stab          0x0000000000014724       0xcc /opt/local/lib/gcc/avr/4.9.1/avr51/libgcc.a(_tablejump.o)
                                         0xd8 (size before relaxing)
 .stab          0x00000000000147f0       0xf0 /opt/local/lib/gcc/avr/4.9.1/avr51/libgcc.a(_copy_data.o)
                                         0xfc (size before relaxing)
 .stab          0x00000000000148e0       0xb4 /opt/local/lib/gcc/avr/4.9.1/avr51/libgcc.a(_clear_bss.o)
                                         0xc0 (size before relaxing)
 .stab          0x0000000000014994      0x108 /opt/local/lib/gcc/avr/4.9.1/avr51/libgcc.a(_umulhisi3.o)
                                        0x114 (size before relaxing)
 .stab          0x0000000000014a9c       0xcc /opt/local/lib/gcc/avr/4.9.1/avr51/libgcc.a(_mulshisi3.o)
                                         0xd8 (size before relaxing)
 .stab          0x0000000000014b68      0x144 /opt/local/lib/gcc/avr/4.9.1/avr51/libgcc.a(_divmodsi4.o)
                                        0x150 (size before relaxing)
 .stab          0x0000000000014cac       0x6c /opt/local/lib/gcc/avr/4.9.1/avr51/libgcc.a(_negsi2.o)
                                         0x78 (size before relaxing)

.stabstr        0x0000000000000000     0x9ee0
 *(.stabstr)
 .stabstr       0x0000000000000000     0x9ee0 main.o

.stab.excl
 *(.stab.excl)

.stab.exclstr
 *(.stab.exclstr)

.stab.index
 *(.stab.index)

.stab.indexstr
 *(.stab.indexstr)

.comment        0x0000000000000000       0x11
 *(.comment)
 .comment       0x0000000000000000       0x11 main.o
                                         0x12 (size before relaxing)
 .comment       0x0000000000000011       0x12 ../../../src/net/bmac/rf231_soc/bmac.o
 .comment       0x0000000000000011       0x12 ../../../projects/lab3/utility/assembler.o
 .comment       0x0000000000000011       0x12 ../../../projects/lab3/utility/light_pool.o
 .comment       0x0000000000000011       0x12 ../../../projects/lab3/utility/neighbors.o
 .comment       0x0000000000000011       0x12 ../../../projects/lab3/utility/parser.o
 .comment       0x0000000000000011       0x12 ../../../projects/lab3/utility/sequence_pool.o
 .comment       0x0000000000000011       0x12 ../../../src/radio/rf231_soc/source/basic_rf.o
 .comment       0x0000000000000011       0x12 ../../../src/platform/firefly3/source/ulib.o
 .comment       0x0000000000000011       0x12 ../../../src/platform/firefly3/source/hal_wait.o
 .comment       0x0000000000000011       0x12 ../../../src/platform/firefly3/source/nrk_eeprom.o
 .comment       0x0000000000000011       0x12 ../../../src/kernel/source/nrk.o
 .comment       0x0000000000000011       0x12 ../../../src/kernel/source/nrk_stats.o
 .comment       0x0000000000000011       0x12 ../../../src/kernel/source/nrk_error.o
 .comment       0x0000000000000011       0x12 ../../../src/kernel/source/nrk_stack_check.o
 .comment       0x0000000000000011       0x12 ../../../src/kernel/source/nrk_events.o
 .comment       0x0000000000000011       0x12 ../../../src/kernel/source/nrk_task.o
 .comment       0x0000000000000011       0x12 ../../../src/kernel/source/nrk_time.o
 .comment       0x0000000000000011       0x12 ../../../src/kernel/source/nrk_idle_task.o
 .comment       0x0000000000000011       0x12 ../../../src/kernel/source/nrk_scheduler.o
 .comment       0x0000000000000011       0x12 ../../../src/kernel/source/nrk_driver.o
 .comment       0x0000000000000011       0x12 ../../../src/kernel/source/nrk_reserve.o
 .comment       0x0000000000000011       0x12 ../../../src/kernel/source/nrk_sw_wdt.o
 .comment       0x0000000000000011       0x12 ../../../src/kernel/hal/atmega128rfa1/nrk_timer.o
 .comment       0x0000000000000011       0x12 ../../../src/kernel/hal/atmega128rfa1/nrk_status.o
 .comment       0x0000000000000011       0x12 ../../../src/kernel/hal/atmega128rfa1/nrk_ext_int.o
 .comment       0x0000000000000011       0x12 ../../../src/kernel/hal/atmega128rfa1/nrk_watchdog.o
 .comment       0x0000000000000011       0x12 ../../../src/kernel/hal/atmega128rfa1/nrk_cpu.o
 .comment       0x0000000000000011       0x12 /opt/local/lib/gcc/avr/4.9.1/../../../../avr/lib/avr51/libprintf_min.a(vfprintf_min.o)
 .comment       0x0000000000000011       0x12 /opt/local/lib/gcc/avr/4.9.1/../../../../avr/lib/avr51/libc.a(rand.o)
 .comment       0x0000000000000011       0x12 /opt/local/lib/gcc/avr/4.9.1/../../../../avr/lib/avr51/libc.a(fdevopen.o)
 .comment       0x0000000000000011       0x12 /opt/local/lib/gcc/avr/4.9.1/../../../../avr/lib/avr51/libc.a(fgetc.o)
 .comment       0x0000000000000011       0x12 /opt/local/lib/gcc/avr/4.9.1/../../../../avr/lib/avr51/libc.a(fputc.o)
 .comment       0x0000000000000011       0x12 /opt/local/lib/gcc/avr/4.9.1/../../../../avr/lib/avr51/libc.a(iob.o)
 .comment       0x0000000000000011       0x12 /opt/local/lib/gcc/avr/4.9.1/../../../../avr/lib/avr51/libc.a(printf.o)
 .comment       0x0000000000000011       0x12 /opt/local/lib/gcc/avr/4.9.1/../../../../avr/lib/avr51/libc.a(putchar.o)
 .comment       0x0000000000000011       0x12 /opt/local/lib/gcc/avr/4.9.1/../../../../avr/lib/avr51/libc.a(puts.o)
 .comment       0x0000000000000011       0x12 /opt/local/lib/gcc/avr/4.9.1/../../../../avr/lib/avr51/libc.a(sprintf.o)
 .comment       0x0000000000000011       0x12 /opt/local/lib/gcc/avr/4.9.1/../../../../avr/lib/avr51/libc.a(calloc.o)
 .comment       0x0000000000000011       0x12 /opt/local/lib/gcc/avr/4.9.1/../../../../avr/lib/avr51/libc.a(malloc.o)

.note.gnu.build-id
 *(.note.gnu.build-id)

.debug
 *(.debug)

.line
 *(.line)

.debug_srcinfo
 *(.debug_srcinfo)

.debug_sfnames
 *(.debug_sfnames)

.debug_aranges
 *(.debug_aranges)

.debug_pubnames
 *(.debug_pubnames)

.debug_info     0x0000000000000000     0x1160
 *(.debug_info .gnu.linkonce.wi.*)
 .debug_info    0x0000000000000000     0x1160 /opt/local/lib/gcc/avr/4.9.1/../../../../avr/lib/avr51/crtm128rfa1.o

.debug_abbrev   0x0000000000000000     0x1072
 *(.debug_abbrev)
 .debug_abbrev  0x0000000000000000     0x1072 /opt/local/lib/gcc/avr/4.9.1/../../../../avr/lib/avr51/crtm128rfa1.o

.debug_line     0x0000000000000000       0x1d
 *(.debug_line .debug_line.* .debug_line_end)
 .debug_line    0x0000000000000000       0x1d /opt/local/lib/gcc/avr/4.9.1/../../../../avr/lib/avr51/crtm128rfa1.o

.debug_frame
 *(.debug_frame)

.debug_str      0x0000000000000000      0x6de
 *(.debug_str)
 .debug_str     0x0000000000000000      0x6de /opt/local/lib/gcc/avr/4.9.1/../../../../avr/lib/avr51/crtm128rfa1.o

.debug_loc
 *(.debug_loc)

.debug_macinfo
 *(.debug_macinfo)

.debug_weaknames
 *(.debug_weaknames)

.debug_funcnames
 *(.debug_funcnames)

.debug_typenames
 *(.debug_typenames)

.debug_varnames
 *(.debug_varnames)

.debug_pubtypes
 *(.debug_pubtypes)

.debug_ranges
 *(.debug_ranges)

.debug_macro
 *(.debug_macro)
OUTPUT(main.elf elf32-avr)
LOAD linker stubs

Cross Reference Table

Symbol                                            File
NRK_ADC_INPUT_0                                   ../../../src/platform/firefly3/source/ulib.o
NRK_ADC_INPUT_1                                   ../../../src/platform/firefly3/source/ulib.o
NRK_ADC_INPUT_2                                   ../../../src/platform/firefly3/source/ulib.o
NRK_ADC_INPUT_3                                   ../../../src/platform/firefly3/source/ulib.o
NRK_ADC_INPUT_4                                   ../../../src/platform/firefly3/source/ulib.o
NRK_ADC_INPUT_5                                   ../../../src/platform/firefly3/source/ulib.o
NRK_ADC_INPUT_6                                   ../../../src/platform/firefly3/source/ulib.o
NRK_ADC_INPUT_7                                   ../../../src/platform/firefly3/source/ulib.o
NRK_ANT_0                                         ../../../src/platform/firefly3/source/ulib.o
NRK_ANT_1                                         ../../../src/platform/firefly3/source/ulib.o
NRK_BUTTON                                        ../../../src/platform/firefly3/source/ulib.o
NRK_DEBUG_0                                       ../../../src/platform/firefly3/source/ulib.o
NRK_DEBUG_1                                       ../../../src/platform/firefly3/source/ulib.o
NRK_DEBUG_2                                       ../../../src/platform/firefly3/source/ulib.o