Archive member included to satisfy reference by file (symbol)

/opt/local/lib/gcc/avr/4.9.1/../../../../avr/lib/avr51/libprintf_min.a(vfprintf_min.o)
                              (vfprintf)
/opt/local/lib/gcc/avr/4.9.1/avr51/libgcc.a(_muluhisi3.o)
                              ../../../src/drivers/platform/firefly3/source/ff_basic_sensor.o (__muluhisi3)
/opt/local/lib/gcc/avr/4.9.1/avr51/libgcc.a(_mulshisi3.o)
                              ../../../src/drivers/platform/firefly3/source/ff_basic_sensor.o (__mulshisi3)
/opt/local/lib/gcc/avr/4.9.1/avr51/libgcc.a(_mulsi3.o)
                              ../../../src/drivers/platform/firefly3/source/ff_basic_sensor.o (__mulsi3)
/opt/local/lib/gcc/avr/4.9.1/avr51/libgcc.a(_udivmodhi4.o)
                              ../../../src/net/bmac/rf231_soc/bmac.o (__udivmodhi4)
/opt/local/lib/gcc/avr/4.9.1/avr51/libgcc.a(_divmodhi4.o)
                              ../../../src/net/bmac/rf231_soc/bmac.o (__divmodhi4)
/opt/local/lib/gcc/avr/4.9.1/avr51/libgcc.a(_udivmodsi4.o)
                              ../../../src/net/bmac/rf231_soc/bmac.o (__udivmodsi4)
/opt/local/lib/gcc/avr/4.9.1/avr51/libgcc.a(_divmodsi4.o)
                              ../../../src/drivers/platform/firefly3/source/ff_basic_sensor.o (__divmodsi4)
/opt/local/lib/gcc/avr/4.9.1/avr51/libgcc.a(_udivdi3.o)
                              ../../../src/kernel/source/nrk_time.o (__udivdi3)
/opt/local/lib/gcc/avr/4.9.1/avr51/libgcc.a(_udivmod64.o)
                              /opt/local/lib/gcc/avr/4.9.1/avr51/libgcc.a(_udivdi3.o) (__udivmod64)
/opt/local/lib/gcc/avr/4.9.1/avr51/libgcc.a(_negsi2.o)
                              /opt/local/lib/gcc/avr/4.9.1/avr51/libgcc.a(_divmodsi4.o) (__negsi2)
/opt/local/lib/gcc/avr/4.9.1/avr51/libgcc.a(_exit.o)
                              /opt/local/lib/gcc/avr/4.9.1/../../../../avr/lib/avr51/crtm128rfa1.o (exit)
/opt/local/lib/gcc/avr/4.9.1/avr51/libgcc.a(_tablejump.o)
                              ../../../src/platform/firefly3/source/ulib.o (__tablejump2__)
/opt/local/lib/gcc/avr/4.9.1/avr51/libgcc.a(_copy_data.o)
                              main.o (__do_copy_data)
/opt/local/lib/gcc/avr/4.9.1/avr51/libgcc.a(_clear_bss.o)
                              main.o (__do_clear_bss)
/opt/local/lib/gcc/avr/4.9.1/avr51/libgcc.a(_umulhisi3.o)
                              /opt/local/lib/gcc/avr/4.9.1/avr51/libgcc.a(_muluhisi3.o) (__umulhisi3)
/opt/local/lib/gcc/avr/4.9.1/../../../../avr/lib/avr51/libc.a(rand.o)
                              ../../../src/net/bmac/rf231_soc/bmac.o (rand)
/opt/local/lib/gcc/avr/4.9.1/../../../../avr/lib/avr51/libc.a(atoi.o)
                              ../../../projects/lab3/utility/parser.o (atoi)
/opt/local/lib/gcc/avr/4.9.1/../../../../avr/lib/avr51/libc.a(strchr_P.o)
                              /opt/local/lib/gcc/avr/4.9.1/../../../../avr/lib/avr51/libprintf_min.a(vfprintf_min.o) (strchr_P)
/opt/local/lib/gcc/avr/4.9.1/../../../../avr/lib/avr51/libc.a(memcpy.o)
                              ../../../src/radio/rf231_soc/source/basic_rf.o (memcpy)
/opt/local/lib/gcc/avr/4.9.1/../../../../avr/lib/avr51/libc.a(strncpy.o)
                              ../../../projects/lab3/utility/parser.o (strncpy)
/opt/local/lib/gcc/avr/4.9.1/../../../../avr/lib/avr51/libc.a(mul10.o)
                              /opt/local/lib/gcc/avr/4.9.1/../../../../avr/lib/avr51/libc.a(atoi.o) (__mulhi_const_10)
/opt/local/lib/gcc/avr/4.9.1/../../../../avr/lib/avr51/libc.a(fdevopen.o)
                              ../../../src/platform/firefly3/source/ulib.o (fdevopen)
/opt/local/lib/gcc/avr/4.9.1/../../../../avr/lib/avr51/libc.a(fputc.o)
                              ../../../src/platform/firefly3/source/ulib.o (fputc)
/opt/local/lib/gcc/avr/4.9.1/../../../../avr/lib/avr51/libc.a(iob.o)
                              ../../../src/platform/firefly3/source/ulib.o (__iob)
/opt/local/lib/gcc/avr/4.9.1/../../../../avr/lib/avr51/libc.a(printf.o)
                              main.o (printf)
/opt/local/lib/gcc/avr/4.9.1/../../../../avr/lib/avr51/libc.a(putchar.o)
                              ../../../projects/lab3/utility/neighbors.o (putchar)
/opt/local/lib/gcc/avr/4.9.1/../../../../avr/lib/avr51/libc.a(puts.o)
                              ../../../projects/lab3/utility/neighbors.o (puts)
/opt/local/lib/gcc/avr/4.9.1/../../../../avr/lib/avr51/libc.a(sprintf.o)
                              main.o (sprintf)
/opt/local/lib/gcc/avr/4.9.1/../../../../avr/lib/avr51/libc.a(ultoa_invert.o)
                              /opt/local/lib/gcc/avr/4.9.1/../../../../avr/lib/avr51/libprintf_min.a(vfprintf_min.o) (__ultoa_invert)
/opt/local/lib/gcc/avr/4.9.1/../../../../avr/lib/avr51/libc.a(eerd_byte_atmega128rfa1.o)
                              ../../../src/platform/firefly3/source/nrk_eeprom.o (__eerd_byte_m128rfa1)
/opt/local/lib/gcc/avr/4.9.1/../../../../avr/lib/avr51/libc.a(eewr_byte_atmega128rfa1.o)
[...]
Memory Configuration

Name             Origin             Length             Attributes
text             0x0000000000000000 0x0000000000020000 xr
data             0x0000000000800100 0x000000000000ff00 rw !x
eeprom           0x0000000000810000 0x0000000000010000 rw !x
fuse             0x0000000000820000 0x0000000000000400 rw !x
lock             0x0000000000830000 0x0000000000000400 rw !x
signature        0x0000000000840000 0x0000000000000400 rw !x
*default*        0x0000000000000000 0xffffffffffffffff

Linker script and memory map

Address of section .data set to 0x800200
LOAD /opt/local/lib/gcc/avr/4.9.1/../../../../avr/lib/avr51/crtm128rfa1.o
LOAD main.o
LOAD ../../../src/net/bmac/rf231_soc/bmac.o
LOAD ../../../src/drivers/platform/firefly3/source/ff_basic_sensor.o
LOAD ../../../src/drivers/platform/firefly3/source/twi_base_calls.o
LOAD ../../../projects/lab3/utility/assembler.o
LOAD ../../../projects/lab3/utility/light_pool.o
LOAD ../../../projects/lab3/utility/neighbors.o
LOAD ../../../projects/lab3/utility/parser.o
LOAD ../../../projects/lab3/utility/sample_sensor.o
LOAD ../../../projects/lab3/utility/sequence_pool.o
LOAD ../../../src/radio/rf231_soc/source/basic_rf.o
LOAD ../../../src/platform/firefly3/source/ulib.o
LOAD ../../../src/platform/firefly3/source/hal_wait.o
LOAD ../../../src/platform/firefly3/source/nrk_eeprom.o
LOAD ../../../src/kernel/source/nrk.o
LOAD ../../../src/kernel/source/nrk_stats.o
LOAD ../../../src/kernel/source/nrk_error.o
LOAD ../../../src/kernel/source/nrk_stack_check.o
LOAD ../../../src/kernel/source/nrk_events.o
LOAD ../../../src/kernel/source/nrk_task.o
LOAD ../../../src/kernel/source/nrk_time.o
LOAD ../../../src/kernel/source/nrk_idle_task.o
LOAD ../../../src/kernel/source/nrk_scheduler.o
LOAD ../../../src/kernel/source/nrk_driver.o
LOAD ../../../src/kernel/source/nrk_reserve.o
LOAD ../../../src/kernel/source/nrk_sw_wdt.o
LOAD ../../../src/kernel/hal/atmega128rfa1/nrk_timer.o
LOAD ../../../src/kernel/hal/atmega128rfa1/nrk_status.o
LOAD ../../../src/kernel/hal/atmega128rfa1/nrk_ext_int.o
LOAD ../../../src/kernel/hal/atmega128rfa1/nrk_watchdog.o
LOAD ../../../src/kernel/hal/atmega128rfa1/nrk_cpu.o
LOAD ../../../src/kernel/hal/atmega128rfa1/atmel_hw_specific.o
LOAD /opt/local/lib/gcc/avr/4.9.1/../../../../avr/lib/avr51/libprintf_min.a
LOAD /opt/local/lib/gcc/avr/4.9.1/../../../../avr/lib/avr51/libm.a
START GROUP
LOAD /opt/local/lib/gcc/avr/4.9.1/avr51/libgcc.a
LOAD /opt/local/lib/gcc/avr/4.9.1/../../../../avr/lib/avr51/libm.a
LOAD /opt/local/lib/gcc/avr/4.9.1/../../../../avr/lib/avr51/libc.a
END GROUP

.hash
 *(.hash)

.dynsym
 *(.dynsym)

.dynstr
 *(.dynstr)

.gnu.version
 *(.gnu.version)

.gnu.version_d
 *(.gnu.version_d)

.gnu.version_r
 *(.gnu.version_r)

.rel.init
 *(.rel.init)

.rela.init
 *(.rela.init)

.rel.text
 *(.rel.text)
 *(.rel.text.*)
 *(.rel.gnu.linkonce.t*)

.rela.text
 *(.rela.text)
 *(.rela.text.*)
 *(.rela.gnu.linkonce.t*)

.rel.fini
 *(.rel.fini)

.rela.fini
 *(.rela.fini)

.rel.rodata
 *(.rel.rodata)
 *(.rel.rodata.*)
 *(.rel.gnu.linkonce.r*)

.rela.rodata
 *(.rela.rodata)
 *(.rela.rodata.*)
 *(.rela.gnu.linkonce.r*)

.rel.data
 *(.rel.data)
 *(.rel.data.*)
 *(.rel.gnu.linkonce.d*)

.rela.data
 *(.rela.data)
 *(.rela.data.*)
 *(.rela.gnu.linkonce.d*)

.rel.ctors
 *(.rel.ctors)

.rela.ctors
 *(.rela.ctors)

.rel.dtors
 *(.rel.dtors)

.rela.dtors
 *(.rela.dtors)

.rel.got
 *(.rel.got)

.rela.got
 *(.rela.got)

.rel.bss
 *(.rel.bss)

.rela.bss
 *(.rela.bss)

.rel.plt
 *(.rel.plt)

.rela.plt
 *(.rela.plt)

.text           0x0000000000000000     0x7298
 *(.vectors)
 .vectors       0x0000000000000000      0x120 /opt/local/lib/gcc/avr/4.9.1/../../../../avr/lib/avr51/crtm128rfa1.o
                0x0000000000000000                __vectors
 *(.vectors)
 *(.progmem.gcc*)
 .progmem.gcc_sw_table
                0x0000000000000120       0x54 ../../../src/platform/firefly3/source/ulib.o
 .progmem.gcc_sw_table
                0x0000000000000174       0x40 ../../../src/kernel/source/nrk_error.o
                0x00000000000001b4                . = ALIGN (0x2)
                0x00000000000001b4                __trampolines_start = .
 *(.trampolines)
 .trampolines   0x00000000000001b4        0x0 linker stubs
 *(.trampolines*)
                0x00000000000001b4                __trampolines_end = .
 *(.progmem*)
 .progmem.data  0x00000000000001b4       0x2d main.o
 .progmem.data  0x00000000000001e1       0xdf ../../../src/net/bmac/rf231_soc/bmac.o
 .progmem.data  0x00000000000002c0       0x1a ../../../projects/lab3/utility/light_pool.o
 .progmem.data  0x00000000000002da       0x14 ../../../projects/lab3/utility/neighbors.o
 .progmem.data  0x00000000000002ee       0x15 ../../../src/platform/firefly3/source/ulib.o
 .progmem.data  0x0000000000000303      0x238 ../../../src/kernel/source/nrk_error.o
 .progmem.data  0x000000000000053b        0xf ../../../src/kernel/source/nrk_stack_check.o
 .progmem.data  0x000000000000054a       0x17 /opt/local/lib/gcc/avr/4.9.1/../../../../avr/lib/avr51/libprintf_min.a(vfprintf_min.o)
                0x0000000000000562                . = ALIGN (0x2)
 *fill*         0x0000000000000561        0x1 
 *(.jumptables)
 *(.jumptables*)
 *(.lowtext)
 *(.lowtext*)
                0x0000000000000562                __ctors_start = .
 *(.ctors)
                0x0000000000000562                __ctors_end = .
                0x0000000000000562                __dtors_start = .
 *(.dtors)
                0x0000000000000562                __dtors_end = .
 SORT(*)(.ctors)
 SORT(*)(.dtors)
 *(.init0)
 .init0         0x0000000000000562        0x0 /opt/local/lib/gcc/avr/4.9.1/../../../../avr/lib/avr51/crtm128rfa1.o
                0x0000000000000562                __init
 *(.init0)
 *(.init1)
 *(.init1)
 *(.init2)
 .init2         0x0000000000000562        0xc /opt/local/lib/gcc/avr/4.9.1/../../../../avr/lib/avr51/crtm128rfa1.o
 *(.init2)
 *(.init3)
 *(.init3)
 *(.init4)
 .init4         0x000000000000056e       0x1a /opt/local/lib/gcc/avr/4.9.1/avr51/libgcc.a(_copy_data.o)
                0x000000000000056e                __do_copy_data
 .init4         0x0000000000000588       0x10 /opt/local/lib/gcc/avr/4.9.1/avr51/libgcc.a(_clear_bss.o)
                0x0000000000000588                __do_clear_bss
 *(.init4)
 *(.init5)
 *(.init5)
 *(.init6)
 *(.init6)
 *(.init7)
 *(.init7)
 *(.init8)
 *(.init8)
 *(.init9)
 .init9         0x0000000000000598        0x8 /opt/local/lib/gcc/avr/4.9.1/../../../../avr/lib/avr51/crtm128rfa1.o
 *(.init9)
 *(.text)
 .text          0x00000000000005a0        0x4 /opt/local/lib/gcc/avr/4.9.1/../../../../avr/lib/avr51/crtm128rfa1.o
                0x00000000000005a0                __vector_65
                0x00000000000005a0                __vector_22
                0x00000000000005a0                __vector_28
                0x00000000000005a0                __vector_67
                0x00000000000005a0                __vector_71
                0x00000000000005a0                __vector_34
                0x00000000000005a0                __vector_24
                0x00000000000005a0                __vector_12
                0x00000000000005a0                __vector_55
                0x00000000000005a0                __vector_69
                0x00000000000005a0                __vector_46
                0x00000000000005a0                __bad_interrupt
                0x00000000000005a0                __vector_6
                0x00000000000005a0                __vector_31
                0x00000000000005a0                __vector_35
                0x00000000000005a0                __vector_39
                0x00000000000005a0                __vector_23
                0x00000000000005a0                __vector_68
                0x00000000000005a0                __vector_30
                0x00000000000005a0                __vector_45
                0x00000000000005a0                __vector_11
                0x00000000000005a0                __vector_54
                0x00000000000005a0                __vector_17
                0x00000000000005a0                __vector_19
                0x00000000000005a0                __vector_56
                0x00000000000005a0                __vector_7
                0x00000000000005a0                __vector_49
                0x00000000000005a0                __vector_41
                0x00000000000005a0                __vector_43
                0x00000000000005a0                __vector_27
                0x00000000000005a0                __vector_5
                0x00000000000005a0                __vector_33
                0x00000000000005a0                __vector_47
                0x00000000000005a0                __vector_52
                0x00000000000005a0                __vector_37
                0x00000000000005a0                __vector_4
                0x00000000000005a0                __vector_44
                0x00000000000005a0                __vector_51
                0x00000000000005a0                __vector_21
                0x00000000000005a0                __vector_66
                0x00000000000005a0                __vector_36
                0x00000000000005a0                __vector_70
                0x00000000000005a0                __vector_29
                0x00000000000005a0                __vector_40
                0x00000000000005a0                __vector_8
                0x00000000000005a0                __vector_26
                0x00000000000005a0                __vector_48
                0x00000000000005a0                __vector_14
                0x00000000000005a0                __vector_53
                0x00000000000005a0                __vector_10
                0x00000000000005a0                __vector_50
                0x00000000000005a0                __vector_16
                0x00000000000005a0                __vector_18
                0x00000000000005a0                __vector_20
                0x00000000000005a0                __vector_42
                0x00000000000005a0                __vector_38
 .text          0x00000000000005a4      0x426 main.o
                0x00000000000005a4                receive_message
                0x0000000000000694                hop_task
                0x0000000000000944                nrk_create_taskset
                0x00000000000009b2                nrk_register_drivers
 .text          0x00000000000009ca      0x724 ../../../src/net/bmac/rf231_soc/bmac.o
                0x00000000000009ca                rf_rx_callback
                0x00000000000009cc                bmac_encryption_set_ctr_counter
                0x00000000000009dc                bmac_tx_reserve_set
                0x00000000000009e0                bmac_tx_reserve_get
                0x00000000000009e6                bmac_auto_ack_disable
                0x00000000000009ee                bmac_auto_ack_enable
                0x00000000000009f6                bmac_addr_decode_disable
                0x00000000000009fe                bmac_addr_decode_enable
                0x0000000000000a06                bmac_addr_decode_set_my_mac
                0x0000000000000a0e                bmac_addr_decode_dest_mac
                0x0000000000000a1a                bmac_rx_pkt_is_encrypted
                0x0000000000000a20                bmac_encryption_set_key
                0x0000000000000a30                bmac_encryption_enable
                0x0000000000000a34                bmac_encryption_disable
                0x0000000000000a38                bmac_set_rf_power
                0x0000000000000a48                bmac_set_cca_active
                0x0000000000000a4e                bmac_set_cca_thresh
                0x0000000000000a5c                bmac_set_channel
                0x0000000000000a94                bmac_wait_until_rx_pkt
                0x0000000000000ae8                bmac_rx_pkt_set_buffer
                0x0000000000000b04                bmac_init
                0x0000000000000bee                bmac_tx_pkt_nonblocking
                0x0000000000000c10                bmac_get_rx_pkt_signal
                0x0000000000000c1e                bmac_get_tx_done_signal
                0x0000000000000c2c                bmac_tx_pkt
                0x0000000000000cc8                bmac_rx_pkt_get
                0x0000000000000cf8                bmac_rx_pkt_ready
                0x0000000000000d04                bmac_rx_pkt_release
                0x0000000000000d0c                bmac_disable
                0x0000000000000d14                bmac_enable
                0x0000000000000d26                bmac_set_rx_check_rate
                0x0000000000000dac                bmac_started
                0x0000000000000db2                _bmac_channel_check
                0x0000000000000dda                _bmac_rx
                0x0000000000000e6a                bmac_rx_failure_count_get
                0x0000000000000e74                bmac_rx_failure_count_reset
                0x0000000000000e88                _b_pow
                0x0000000000000ea6                _bmac_tx
                0x0000000000000fb6                bmac_nw_task
                0x0000000000001084                bmac_task_config
 .text          0x00000000000010ee      0x962 ../../../src/drivers/platform/firefly3/source/ff_basic_sensor.o
                0x00000000000010ee                open
                0x0000000000001142                close
                0x0000000000001160                get_status
                0x000000000000116e                set_status
                0x00000000000011da                get_eeprom_values
                0x0000000000001238                init_adc
                0x0000000000001266                init
                0x00000000000012c0                delay
                0x00000000000012c8                get_adc_val
                0x00000000000012ec                calc_true_press
                0x0000000000001654                calc_true_temp
                0x0000000000001756                read_uncomp_temp
                0x00000000000017be                calc_temp
                0x00000000000017c6                read_uncomp_press
                0x0000000000001860                calc_press
                0x0000000000001870                read
                0x0000000000001a00                dev_manager_ff3_sensors
 .text          0x0000000000001a50      0x2e6 ../../../src/drivers/platform/firefly3/source/twi_base_calls.o
                0x0000000000001a50                set_i2c_device
                0x0000000000001a56                init_i2c
                0x0000000000001a76                close_i2c
                0x0000000000001a8a                ee24xx_read_bytes
                0x0000000000001bc8                ee24xx_write_page
                0x0000000000001cbc                ee24xx_write_bytes
                0x0000000000001d18                error
 .text          0x0000000000001d36       0xf4 ../../../projects/lab3/utility/assembler.o
                0x0000000000001d36                assemble_packet
 .text          0x0000000000001e2a      0x150 ../../../projects/lab3/utility/light_pool.o
                0x0000000000001e2a                in_light_pool
                0x0000000000001e46                get_light_pool_index
                0x0000000000001e62                add_to_light_pool
                0x0000000000001ebc                update_light_pool
                0x0000000000001f0c                print_light_pool
 .text          0x0000000000001f7a      0x2b8 ../../../projects/lab3/utility/neighbors.o
                0x0000000000001f7a                init_neighbor_table
                0x0000000000001f86                in_neighbor_table
                0x0000000000001fa4                add_neighbor
                0x0000000000001ffe                get_neighbor_table_index
                0x0000000000002018                print_neighbor_table
                0x00000000000020a0                in_neighbor_graph
                0x00000000000020c4                get_neighbor_graph_index
                0x00000000000020ea                add_to_neighbor_graph
                0x0000000000002140                update_neighbor_graph
                0x00000000000021ba                print_neighbor_graph
 .text          0x0000000000002232      0x2da ../../../projects/lab3/utility/parser.o
                0x0000000000002232                print_packet
                0x0000000000002342                parse_comma
                0x000000000000237e                parse_bracket
                0x00000000000023ba                parse_msg
 .text          0x000000000000250c       0x42 ../../../projects/lab3/utility/sample_sensor.o
                0x000000000000250c                sample_light
 .text          0x000000000000254e       0xec ../../../projects/lab3/utility/sequence_pool.o
                0x000000000000254e                in_sequence_pool
                0x000000000000256a                get_sequence_pool_index
                0x0000000000002586                get_sequence_number
                0x00000000000025ae                add_to_sequence_pool
                0x0000000000002608                update_sequence_pool
 .text          0x000000000000263a      0xb2c ../../../src/radio/rf231_soc/source/basic_rf.o
                0x000000000000264a                rf_enable_glossy
                0x0000000000002652                rf_disable_glossy
                0x0000000000002658                rf_power_down
                0x00000000000026a4                rf_power_up
                0x00000000000026d0                rf_tx_power
                0x00000000000026e4                rf_addr_decode_enable
                0x00000000000026f0                rf_addr_decode_disable
                0x00000000000026fc                rf_auto_ack_enable
                0x0000000000002708                rf_auto_ack_disable
                0x0000000000002714                rf_addr_decode_set_my_mac
                0x0000000000002726                rf_set_rx
                0x0000000000002740                rx_start_callback
                0x000000000000274a                rx_end_callback
                0x0000000000002754                rf_init
                0x0000000000002834                rf_rx_on
                0x000000000000283a                rf_polling_rx_on
                0x0000000000002840                rf_rx_off
                0x000000000000284c                rf_tx_packet_repeat
                0x0000000000002aec                rf_tx_packet
                0x0000000000002af4                rf_cca_check
                0x0000000000002b58                rf_rx_packet_nonblock
                0x0000000000002ca6                __vector_64
                0x0000000000002cc4                __vector_63
                0x0000000000002ce8                __vector_62
                0x0000000000002d06                __vector_61
                0x0000000000002d24                __vector_59
                0x0000000000002d84                __vector_58
                0x0000000000002da2                __vector_57
                0x0000000000002dc0                rf_set_cca_thresh
                0x0000000000002dd4                rf_security_last_pkt_status
                0x0000000000002dd8                rf_security_set_ctr_counter
                0x0000000000002dda                rf_security_set_key
                0x0000000000002ddc                rf_security_disable
                0x0000000000002dde                rf_tx_tdma_packet
                0x0000000000002de2                rf_get_sem
                0x0000000000002dec                rf_rx_packet
                0x0000000000002df0                rf_flush_rx_fifo
                0x0000000000002df2                rf_busy
                0x0000000000002df6                rf_rx_check_fifop
                0x0000000000002dfa                rf_rx_check_sfd
                0x0000000000002dfe                rf_carrier_on
                0x0000000000002e00                rf_carrier_off
                0x0000000000002e02                rf_test_mode
                0x0000000000002e04                rf_data_mode
                0x0000000000002e06                rf_rx_set_serial
                0x0000000000002e08                rf_tx_set_serial
                0x0000000000002e0a                rf_set_preamble_length
                0x0000000000002e0c                rf_set_cca_mode
                0x0000000000002e0e                rf_cc2591_tx_on
                0x0000000000002e2a                rf_cc2591_rx_on
                0x0000000000002e46                rf_glossy_interrupt
                0x0000000000002f20                __vector_60
                0x0000000000002fb8                aes_setkey
                0x0000000000002ffc                aes_encrypt
                0x000000000000309a                aes_decrypt
 .text          0x0000000000003166      0x90a ../../../src/platform/firefly3/source/ulib.o
                0x0000000000003166                putc0
                0x000000000000317e                __vector_25
                0x0000000000003224                nrk_uart_data_ready
                0x0000000000003256                nrk_uart_rx_signal_get
                0x000000000000326a                nrk_kprintf
                0x0000000000003294                getc0
                0x00000000000032fe                PORT_INIT
                0x0000000000003312                nrk_setup_ports
                0x0000000000003316                nrk_gpio_set
                0x00000000000033f8                nrk_gpio_clr
                0x00000000000034cc                nrk_gpio_get
                0x0000000000003520                nrk_gpio_toggle
                0x0000000000003736                nrk_gpio_direction
                0x00000000000038ea                nrk_get_button
                0x00000000000038fe                nrk_led_toggle
                0x000000000000392c                nrk_led_clr
                0x000000000000395a                nrk_led_set
                0x0000000000003988                nrk_gpio_pullups
                0x000000000000399c                putc1
                0x00000000000039aa                setup_uart0
                0x00000000000039d4                setup_uart1
                0x00000000000039fe                nrk_setup_uart
                0x0000000000003a58                getc1
 .text          0x0000000000003a70        0xe ../../../src/platform/firefly3/source/hal_wait.o
                0x0000000000003a70                halWait
 .text          0x0000000000003a7e      0x13e ../../../src/platform/firefly3/source/nrk_eeprom.o
                0x0000000000003a7e                nrk_eeprom_read_byte
                0x0000000000003a82                nrk_eeprom_write_byte
                0x0000000000003a88                read_eeprom_mac_address
                0x0000000000003af4                read_eeprom_channel
                0x0000000000003b0c                write_eeprom_load_img_pages
                0x0000000000003b1c                read_eeprom_load_img_pages
                0x0000000000003b34                read_eeprom_aes_key
                0x0000000000003b64                write_eeprom_aes_key
                0x0000000000003b94                read_eeprom_current_image_checksum
                0x0000000000003bac                write_eeprom_current_image_checksum
 .text          0x0000000000003bbc      0x3a0 ../../../src/kernel/source/nrk.o
                0x0000000000003bbc                nrk_int_disable
                0x0000000000003bc0                nrk_int_enable
                0x0000000000003bc4                nrk_halt
                0x0000000000003bca                nrk_init
                0x0000000000003d64                nrk_start
                0x0000000000003de6                nrk_TCB_init
                0x0000000000003f52                _nrk_timer_tick
                0x0000000000003f56                nrk_version
 .text          0x0000000000003f5c        0x0 ../../../src/kernel/source/nrk_stats.o
 .text          0x0000000000003f5c      0x2ea ../../../src/kernel/source/nrk_error.o
                0x0000000000003f5c                _nrk_errno_set
                0x0000000000003f68                nrk_errno_get
                0x0000000000003f74                nrk_error_get
                0x0000000000003f8c                nrk_error_print
                0x00000000000040a2                nrk_error_add
                0x00000000000040b8                nrk_kernel_error_add
                0x00000000000040c4                pause
                0x00000000000040ee                blink_dash
                0x000000000000410e                blink_dot
                0x0000000000004126                blink_morse_code_error
 .text          0x0000000000004246      0x1da ../../../src/kernel/source/nrk_stack_check.o
                0x0000000000004246                dump_stack_info
                0x00000000000043a0                nrk_stack_check
                0x00000000000043ea                nrk_stack_check_pid
 .text          0x0000000000004420      0x628 ../../../src/kernel/source/nrk_events.o
                0x0000000000004420                nrk_signal_create
                0x0000000000004492                nrk_signal_get_registered_mask
                0x00000000000044a4                nrk_signal_delete
                0x00000000000045c2                nrk_signal_unregister
                0x0000000000004640                nrk_signal_register
                0x00000000000046a4                nrk_event_signal
                0x0000000000004786                nrk_event_wait
                0x00000000000047fa                nrk_sem_create
                0x0000000000004842                nrk_get_resource_index
                0x000000000000485c                nrk_sem_query
                0x000000000000488e                nrk_sem_pend
                0x000000000000494a                nrk_sem_post
                0x0000000000004a04                nrk_sem_delete
 .text          0x0000000000004a48      0x6a4 ../../../src/kernel/source/nrk_task.o
                0x0000000000004a48                nrk_get_high_ready_task_ID
                0x0000000000004a54                nrk_print_readyQ
                0x0000000000004a6a                nrk_add_to_readyQ
                0x0000000000004bca                nrk_rem_from_readyQ
                0x0000000000004c6a                nrk_activate_task
                0x0000000000004d00                nrk_set_next_wakeup
                0x0000000000004d7a                _nrk_wait_for_scheduler
                0x0000000000004d8e                nrk_wait_until_next_period
                0x0000000000004de2                nrk_terminate_task
                0x0000000000004e04                nrk_wait_until_next_n_periods
                0x0000000000004e64                nrk_wait_ticks
                0x0000000000004edc                nrk_wait_until_ticks
                0x0000000000004f3a                nrk_wait_until_nw
                0x0000000000004f86                nrk_wait
                0x0000000000005034                nrk_wait_until
                0x00000000000050e0                nrk_get_pid
 .text          0x00000000000050ec      0x514 ../../../src/kernel/source/nrk_time.o
                0x00000000000050ec                nrk_time_get
                0x00000000000051a6                nrk_time_sub
                0x00000000000052be                nrk_time_compact_nanos
                0x0000000000005300                nrk_time_add
                0x00000000000053b6                nrk_time_set
                0x00000000000053cc                _nrk_time_to_ticks
                0x00000000000054b6                _nrk_ticks_to_time
                0x0000000000005524                _nrk_time_to_ticks_long
 .text          0x0000000000005600       0x48 ../../../src/kernel/source/nrk_idle_task.o
                0x0000000000005600                nrk_idle_task
 .text          0x0000000000005648      0x576 ../../../src/kernel/source/nrk_scheduler.o
                0x0000000000005648                _nrk_scheduler
 .text          0x0000000000005bbe      0x1dc ../../../src/kernel/source/nrk_driver.o
                0x0000000000005bbe                nrk_register_driver
                0x0000000000005be8                nrk_open
                0x0000000000005c76                nrk_close
                0x0000000000005cb2                nrk_write
                0x0000000000005cec                nrk_read
                0x0000000000005d26                nrk_set_status
                0x0000000000005d60                nrk_get_status
 .text          0x0000000000005d9a        0x0 ../../../src/kernel/source/nrk_reserve.o
 .text          0x0000000000005d9a        0x0 ../../../src/kernel/source/nrk_sw_wdt.o
 .text          0x0000000000005d9a      0x394 ../../../src/kernel/hal/atmega128rfa1/nrk_timer.o
                0x0000000000005d9a                nrk_spin_wait_us
                0x0000000000005db8                _nrk_precision_os_timer_stop
                0x0000000000005dbe                _nrk_precision_os_timer_start
                0x0000000000005dd2                _nrk_precision_os_timer_reset
                0x0000000000005ddc                _nrk_precision_os_timer_get
                0x0000000000005e00                _nrk_high_speed_timer_stop
                0x0000000000005e06                _nrk_high_speed_timer_start
                0x0000000000005e0e                _nrk_high_speed_timer_reset
                0x0000000000005e1e                _nrk_high_speed_timer_get
                0x0000000000005e42                nrk_high_speed_timer_wait
                0x0000000000005ea2                _nrk_os_timer_stop
                0x0000000000005eb8                _nrk_os_timer_set
                0x0000000000005ebe                _nrk_os_timer_start
                0x0000000000005ed0                _nrk_os_timer_reset
                0x0000000000005ee4                _nrk_setup_timer
                0x0000000000005f6a                _nrk_get_next_wakeup
                0x0000000000005f72                _nrk_set_next_wakeup
                0x0000000000005f7a                nrk_timer_int_stop
                0x0000000000005f86                nrk_timer_int_reset
                0x0000000000005f9a                nrk_timer_int_read
                0x0000000000005fae                nrk_timer_int_start
                0x0000000000005fc0                nrk_timer_int_configure
                0x0000000000006036                _nrk_os_timer_get
                0x000000000000603c                __vector_default
                0x0000000000006050                __vector_13
                0x0000000000006050                __vector_15
                0x00000000000060b6                __vector_32
                0x000000000000611a                SIG_OUTPUT_COMPARE1A
 .text          0x000000000000612e       0x4c ../../../src/kernel/hal/atmega128rfa1/nrk_status.o
                0x000000000000612e                _nrk_startup_error
 .text          0x000000000000617a      0x3a8 ../../../src/kernel/hal/atmega128rfa1/nrk_ext_int.o
                0x000000000000617a                nrk_ext_int_enable
                0x00000000000061fc                nrk_ext_int_disable
                0x000000000000627e                nrk_ext_int_configure
                0x0000000000006392                __vector_9
                0x00000000000063f6                __vector_1
                0x000000000000645a                __vector_2
                0x00000000000064be                __vector_3
 .text          0x0000000000006522       0x4c ../../../src/kernel/hal/atmega128rfa1/nrk_watchdog.o
                0x0000000000006522                nrk_watchdog_disable
                0x000000000000653e                nrk_watchdog_enable
                0x000000000000655c                nrk_watchdog_check
                0x000000000000656a                nrk_watchdog_reset
 .text          0x000000000000656e      0x124 ../../../src/kernel/hal/atmega128rfa1/nrk_cpu.o
                0x000000000000656e                nrk_battery_save
                0x0000000000006570                nrk_sleep
                0x0000000000006588                nrk_idle
                0x000000000000659e                nrk_task_set_entry_function
                0x00000000000065a6                nrk_task_set_stk
                0x00000000000065e2                nrk_task_stk_init
                0x000000000000665e                nrk_stack_pointer_init
                0x000000000000667c                nrk_stack_pointer_restore
                0x000000000000668a                nrk_target_start
 .text          0x0000000000006692       0x56 ../../../src/kernel/hal/atmega128rfa1/atmel_hw_specific.o
                0x0000000000006692                nrk_start_high_ready_task
 .text          0x00000000000066e8        0x0 /opt/local/lib/gcc/avr/4.9.1/../../../../avr/lib/avr51/libprintf_min.a(vfprintf_min.o)
 .text          0x00000000000066e8        0x0 /opt/local/lib/gcc/avr/4.9.1/avr51/libgcc.a(_muluhisi3.o)
 .text          0x00000000000066e8        0x0 /opt/local/lib/gcc/avr/4.9.1/avr51/libgcc.a(_mulshisi3.o)
 .text          0x00000000000066e8        0x0 /opt/local/lib/gcc/avr/4.9.1/avr51/libgcc.a(_mulsi3.o)
 .text          0x00000000000066e8        0x0 /opt/local/lib/gcc/avr/4.9.1/avr51/libgcc.a(_udivmodhi4.o)
 .text          0x00000000000066e8        0x0 /opt/local/lib/gcc/avr/4.9.1/avr51/libgcc.a(_divmodhi4.o)
 .text          0x00000000000066e8        0x0 /opt/local/lib/gcc/avr/4.9.1/avr51/libgcc.a(_udivmodsi4.o)
 .text          0x00000000000066e8        0x0 /opt/local/lib/gcc/avr/4.9.1/avr51/libgcc.a(_divmodsi4.o)
 .text          0x00000000000066e8        0x0 /opt/local/lib/gcc/avr/4.9.1/avr51/libgcc.a(_udivdi3.o)
 .text          0x00000000000066e8        0x0 /opt/local/lib/gcc/avr/4.9.1/avr51/libgcc.a(_udivmod64.o)
 .text          0x00000000000066e8        0x0 /opt/local/lib/gcc/avr/4.9.1/avr51/libgcc.a(_negsi2.o)
 .text          0x00000000000066e8        0x0 /opt/local/lib/gcc/avr/4.9.1/avr51/libgcc.a(_exit.o)
 .text          0x00000000000066e8        0x0 /opt/local/lib/gcc/avr/4.9.1/avr51/libgcc.a(_tablejump.o)
 .text          0x00000000000066e8        0x0 /opt/local/lib/gcc/avr/4.9.1/avr51/libgcc.a(_copy_data.o)
 .text          0x00000000000066e8        0x0 /opt/local/lib/gcc/avr/4.9.1/avr51/libgcc.a(_clear_bss.o)
 .text          0x00000000000066e8        0x0 /opt/local/lib/gcc/avr/4.9.1/avr51/libgcc.a(_umulhisi3.o)
 .text          0x00000000000066e8        0x0 /opt/local/lib/gcc/avr/4.9.1/../../../../avr/lib/avr51/libc.a(rand.o)
 .text          0x00000000000066e8        0x0 /opt/local/lib/gcc/avr/4.9.1/../../../../avr/lib/avr51/libc.a(atoi.o)
 .text          0x00000000000066e8        0x0 /opt/local/lib/gcc/avr/4.9.1/../../../../avr/lib/avr51/libc.a(strchr_P.o)
 .text          0x00000000000066e8        0x0 /opt/local/lib/gcc/avr/4.9.1/../../../../avr/lib/avr51/libc.a(memcpy.o)
 .text          0x00000000000066e8        0x0 /opt/local/lib/gcc/avr/4.9.1/../../../../avr/lib/avr51/libc.a(strncpy.o)
 .text          0x00000000000066e8        0x0 /opt/local/lib/gcc/avr/4.9.1/../../../../avr/lib/avr51/libc.a(mul10.o)
 .text          0x00000000000066e8        0x0 /opt/local/lib/gcc/avr/4.9.1/../../../../avr/lib/avr51/libc.a(fdevopen.o)
 .text          0x00000000000066e8        0x0 /opt/local/lib/gcc/avr/4.9.1/../../../../avr/lib/avr51/libc.a(fputc.o)
 .text          0x00000000000066e8        0x0 /opt/local/lib/gcc/avr/4.9.1/../../../../avr/lib/avr51/libc.a(iob.o)
 .text          0x00000000000066e8        0x0 /opt/local/lib/gcc/avr/4.9.1/../../../../avr/lib/avr51/libc.a(printf.o)
 .text          0x00000000000066e8        0x0 /opt/local/lib/gcc/avr/4.9.1/../../../../avr/lib/avr51/libc.a(putchar.o)
 .text          0x00000000000066e8        0x0 /opt/local/lib/gcc/avr/4.9.1/../../../../avr/lib/avr51/libc.a(puts.o)
 .text          0x00000000000066e8        0x0 /opt/local/lib/gcc/avr/4.9.1/../../../../avr/lib/avr51/libc.a(sprintf.o)
 .text          0x00000000000066e8        0x0 /opt/local/lib/gcc/avr/4.9.1/../../../../avr/lib/avr51/libc.a(ultoa_invert.o)
 .text          0x00000000000066e8        0x0 /opt/local/lib/gcc/avr/4.9.1/../../../../avr/lib/avr51/libc.a(eerd_byte_atmega128rfa1.o)
 .text          0x00000000000066e8        0x0 /opt/local/lib/gcc/avr/4.9.1/../../../../avr/lib/avr51/libc.a(eewr_byte_atmega128rfa1.o)
 .text          0x00000000000066e8        0x0 /opt/local/lib/gcc/avr/4.9.1/../../../../avr/lib/avr51/libc.a(calloc.o)
 .text          0x00000000000066e8        0x0 /opt/local/lib/gcc/avr/4.9.1/../../../../avr/lib/avr51/libc.a(malloc.o)
 .text          0x00000000000066e8        0x0 /opt/local/lib/gcc/avr/4.9.1/../../../../avr/lib/avr51/libc.a(memset.o)
                0x00000000000066e8                . = ALIGN (0x2)
 *(.text.*)
 .text.startup  0x00000000000066e8       0x56 main.o
                0x00000000000066e8                main
 .text.avr-libc
                0x000000000000673e      0x28e /opt/local/lib/gcc/avr/4.9.1/../../../../avr/lib/avr51/libprintf_min.a(vfprintf_min.o)
                0x000000000000673e                vfprintf
 .text.libgcc.mul
                0x00000000000069cc       0x16 /opt/local/lib/gcc/avr/4.9.1/avr51/libgcc.a(_muluhisi3.o)
                0x00000000000069cc                __muluhisi3
 .text.libgcc.div
                0x00000000000069e2        0x0 /opt/local/lib/gcc/avr/4.9.1/avr51/libgcc.a(_muluhisi3.o)
 .text.libgcc   0x00000000000069e2        0x0 /opt/local/lib/gcc/avr/4.9.1/avr51/libgcc.a(_muluhisi3.o)
 .text.libgcc.prologue
                0x00000000000069e2        0x0 /opt/local/lib/gcc/avr/4.9.1/avr51/libgcc.a(_muluhisi3.o)
 .text.libgcc.builtins
                0x00000000000069e2        0x0 /opt/local/lib/gcc/avr/4.9.1/avr51/libgcc.a(_muluhisi3.o)
 .text.libgcc.fmul
                0x00000000000069e2        0x0 /opt/local/lib/gcc/avr/4.9.1/avr51/libgcc.a(_muluhisi3.o)
 .text.libgcc.fixed
                0x00000000000069e2        0x0 /opt/local/lib/gcc/avr/4.9.1/avr51/libgcc.a(_muluhisi3.o)
 .text.libgcc.mul
                0x00000000000069e2       0x10 /opt/local/lib/gcc/avr/4.9.1/avr51/libgcc.a(_mulshisi3.o)
                0x00000000000069e2                __mulshisi3
                0x00000000000069e8                __mulohisi3
 .text.libgcc.div
                0x00000000000069f2        0x0 /opt/local/lib/gcc/avr/4.9.1/avr51/libgcc.a(_mulshisi3.o)
 .text.libgcc   0x00000000000069f2        0x0 /opt/local/lib/gcc/avr/4.9.1/avr51/libgcc.a(_mulshisi3.o)
 .text.libgcc.prologue
                0x00000000000069f2        0x0 /opt/local/lib/gcc/avr/4.9.1/avr51/libgcc.a(_mulshisi3.o)
 .text.libgcc.builtins
                0x00000000000069f2        0x0 /opt/local/lib/gcc/avr/4.9.1/avr51/libgcc.a(_mulshisi3.o)
 .text.libgcc.fmul
                0x00000000000069f2        0x0 /opt/local/lib/gcc/avr/4.9.1/avr51/libgcc.a(_mulshisi3.o)
 .text.libgcc.fixed
                0x00000000000069f2        0x0 /opt/local/lib/gcc/avr/4.9.1/avr51/libgcc.a(_mulshisi3.o)
 .text.libgcc.mul
                0x00000000000069f2       0x20 /opt/local/lib/gcc/avr/4.9.1/avr51/libgcc.a(_mulsi3.o)
                0x00000000000069f2                __mulsi3
 .text.libgcc.div
                0x0000000000006a12        0x0 /opt/local/lib/gcc/avr/4.9.1/avr51/libgcc.a(_mulsi3.o)
 .text.libgcc   0x0000000000006a12        0x0 /opt/local/lib/gcc/avr/4.9.1/avr51/libgcc.a(_mulsi3.o)
 .text.libgcc.prologue
                0x0000000000006a12        0x0 /opt/local/lib/gcc/avr/4.9.1/avr51/libgcc.a(_mulsi3.o)
 .text.libgcc.builtins
                0x0000000000006a12        0x0 /opt/local/lib/gcc/avr/4.9.1/avr51/libgcc.a(_mulsi3.o)
 .text.libgcc.fmul
                0x0000000000006a12        0x0 /opt/local/lib/gcc/avr/4.9.1/avr51/libgcc.a(_mulsi3.o)
 .text.libgcc.fixed
                0x0000000000006a12        0x0 /opt/local/lib/gcc/avr/4.9.1/avr51/libgcc.a(_mulsi3.o)
 .text.libgcc.mul
                0x0000000000006a12        0x0 /opt/local/lib/gcc/avr/4.9.1/avr51/libgcc.a(_udivmodhi4.o)
 .text.libgcc.div
                0x0000000000006a12       0x28 /opt/local/lib/gcc/avr/4.9.1/avr51/libgcc.a(_udivmodhi4.o)
                0x0000000000006a12                __udivmodhi4
 .text.libgcc   0x0000000000006a3a        0x0 /opt/local/lib/gcc/avr/4.9.1/avr51/libgcc.a(_udivmodhi4.o)
 .text.libgcc.prologue
                0x0000000000006a3a        0x0 /opt/local/lib/gcc/avr/4.9.1/avr51/libgcc.a(_udivmodhi4.o)
 .text.libgcc.builtins
                0x0000000000006a3a        0x0 /opt/local/lib/gcc/avr/4.9.1/avr51/libgcc.a(_udivmodhi4.o)
 .text.libgcc.fmul
                0x0000000000006a3a        0x0 /opt/local/lib/gcc/avr/4.9.1/avr51/libgcc.a(_udivmodhi4.o)
 .text.libgcc.fixed
                0x0000000000006a3a        0x0 /opt/local/lib/gcc/avr/4.9.1/avr51/libgcc.a(_udivmodhi4.o)
 .text.libgcc.mul
                0x0000000000006a3a        0x0 /opt/local/lib/gcc/avr/4.9.1/avr51/libgcc.a(_divmodhi4.o)
 .text.libgcc.div
                0x0000000000006a3a       0x28 /opt/local/lib/gcc/avr/4.9.1/avr51/libgcc.a(_divmodhi4.o)
                0x0000000000006a3a                __divmodhi4
                0x0000000000006a3a                _div
 .text.libgcc   0x0000000000006a62        0x0 /opt/local/lib/gcc/avr/4.9.1/avr51/libgcc.a(_divmodhi4.o)
 .text.libgcc.prologue
                0x0000000000006a62        0x0 /opt/local/lib/gcc/avr/4.9.1/avr51/libgcc.a(_divmodhi4.o)
 .text.libgcc.builtins
                0x0000000000006a62        0x0 /opt/local/lib/gcc/avr/4.9.1/avr51/libgcc.a(_divmodhi4.o)
 .text.libgcc.fmul
                0x0000000000006a62        0x0 /opt/local/lib/gcc/avr/4.9.1/avr51/libgcc.a(_divmodhi4.o)
 .text.libgcc.fixed
                0x0000000000006a62        0x0 /opt/local/lib/gcc/avr/4.9.1/avr51/libgcc.a(_divmodhi4.o)
 .text.libgcc.mul
                0x0000000000006a62        0x0 /opt/local/lib/gcc/avr/4.9.1/avr51/libgcc.a(_udivmodsi4.o)
 .text.libgcc.div
                0x0000000000006a62       0x44 /opt/local/lib/gcc/avr/4.9.1/avr51/libgcc.a(_udivmodsi4.o)
                0x0000000000006a62                __udivmodsi4
 .text.libgcc   0x0000000000006aa6        0x0 /opt/local/lib/gcc/avr/4.9.1/avr51/libgcc.a(_udivmodsi4.o)
 .text.libgcc.prologue
                0x0000000000006aa6        0x0 /opt/local/lib/gcc/avr/4.9.1/avr51/libgcc.a(_udivmodsi4.o)
 .text.libgcc.builtins
                0x0000000000006aa6        0x0 /opt/local/lib/gcc/avr/4.9.1/avr51/libgcc.a(_udivmodsi4.o)
 .text.libgcc.fmul
                0x0000000000006aa6        0x0 /opt/local/lib/gcc/avr/4.9.1/avr51/libgcc.a(_udivmodsi4.o)
 .text.libgcc.fixed
                0x0000000000006aa6        0x0 /opt/local/lib/gcc/avr/4.9.1/avr51/libgcc.a(_udivmodsi4.o)
 .text.libgcc.mul
                0x0000000000006aa6        0x0 /opt/local/lib/gcc/avr/4.9.1/avr51/libgcc.a(_divmodsi4.o)
 .text.libgcc.div
                0x0000000000006aa6       0x2e /opt/local/lib/gcc/avr/4.9.1/avr51/libgcc.a(_divmodsi4.o)
                0x0000000000006aa6                __divmodsi4
 .text.libgcc   0x0000000000006ad4        0x0 /opt/local/lib/gcc/avr/4.9.1/avr51/libgcc.a(_divmodsi4.o)
 .text.libgcc.prologue
                0x0000000000006ad4        0x0 /opt/local/lib/gcc/avr/4.9.1/avr51/libgcc.a(_divmodsi4.o)
 .text.libgcc.builtins
                0x0000000000006ad4        0x0 /opt/local/lib/gcc/avr/4.9.1/avr51/libgcc.a(_divmodsi4.o)
 .text.libgcc.fmul
                0x0000000000006ad4        0x0 /opt/local/lib/gcc/avr/4.9.1/avr51/libgcc.a(_divmodsi4.o)
 .text.libgcc.fixed
                0x0000000000006ad4        0x0 /opt/local/lib/gcc/avr/4.9.1/avr51/libgcc.a(_divmodsi4.o)
 .text.libgcc.mul
                0x0000000000006ad4        0x0 /opt/local/lib/gcc/avr/4.9.1/avr51/libgcc.a(_udivdi3.o)
 .text.libgcc.div
                0x0000000000006ad4       0x1c /opt/local/lib/gcc/avr/4.9.1/avr51/libgcc.a(_udivdi3.o)
                0x0000000000006ad4                __umoddi3
                0x0000000000006ad8                __udivdi3
                0x0000000000006ada                __udivdi3_umoddi3
 .text.libgcc   0x0000000000006af0        0x0 /opt/local/lib/gcc/avr/4.9.1/avr51/libgcc.a(_udivdi3.o)
 .text.libgcc.prologue
                0x0000000000006af0        0x0 /opt/local/lib/gcc/avr/4.9.1/avr51/libgcc.a(_udivdi3.o)
 .text.libgcc.builtins
                0x0000000000006af0        0x0 /opt/local/lib/gcc/avr/4.9.1/avr51/libgcc.a(_udivdi3.o)
 .text.libgcc.fmul
                0x0000000000006af0        0x0 /opt/local/lib/gcc/avr/4.9.1/avr51/libgcc.a(_udivdi3.o)
 .text.libgcc.fixed
                0x0000000000006af0        0x0 /opt/local/lib/gcc/avr/4.9.1/avr51/libgcc.a(_udivdi3.o)
 .text.libgcc.mul
                0x0000000000006af0        0x0 /opt/local/lib/gcc/avr/4.9.1/avr51/libgcc.a(_udivmod64.o)
 .text.libgcc.div
                0x0000000000006af0       0xa2 /opt/local/lib/gcc/avr/4.9.1/avr51/libgcc.a(_udivmod64.o)
                0x0000000000006af0                __udivmod64
 .text.libgcc   0x0000000000006b92        0x0 /opt/local/lib/gcc/avr/4.9.1/avr51/libgcc.a(_udivmod64.o)
 .text.libgcc.prologue
                0x0000000000006b92        0x0 /opt/local/lib/gcc/avr/4.9.1/avr51/libgcc.a(_udivmod64.o)
 .text.libgcc.builtins
                0x0000000000006b92        0x0 /opt/local/lib/gcc/avr/4.9.1/avr51/libgcc.a(_udivmod64.o)
 .text.libgcc.fmul
                0x0000000000006b92        0x0 /opt/local/lib/gcc/avr/4.9.1/avr51/libgcc.a(_udivmod64.o)
 .text.libgcc.fixed
                0x0000000000006b92        0x0 /opt/local/lib/gcc/avr/4.9.1/avr51/libgcc.a(_udivmod64.o)
 .text.libgcc.mul
                0x0000000000006b92        0x0 /opt/local/lib/gcc/avr/4.9.1/avr51/libgcc.a(_negsi2.o)
 .text.libgcc.div
                0x0000000000006b92       0x10 /opt/local/lib/gcc/avr/4.9.1/avr51/libgcc.a(_negsi2.o)
                0x0000000000006b92                __negsi2
 .text.libgcc   0x0000000000006ba2        0x0 /opt/local/lib/gcc/avr/4.9.1/avr51/libgcc.a(_negsi2.o)
 .text.libgcc.prologue
                0x0000000000006ba2        0x0 /opt/local/lib/gcc/avr/4.9.1/avr51/libgcc.a(_negsi2.o)
 .text.libgcc.builtins
                0x0000000000006ba2        0x0 /opt/local/lib/gcc/avr/4.9.1/avr51/libgcc.a(_negsi2.o)
 .text.libgcc.fmul
                0x0000000000006ba2        0x0 /opt/local/lib/gcc/avr/4.9.1/avr51/libgcc.a(_negsi2.o)
 .text.libgcc.fixed
                0x0000000000006ba2        0x0 /opt/local/lib/gcc/avr/4.9.1/avr51/libgcc.a(_negsi2.o)
 .text.libgcc.mul
                0x0000000000006ba2        0x0 /opt/local/lib/gcc/avr/4.9.1/avr51/libgcc.a(_exit.o)
 .text.libgcc.div
                0x0000000000006ba2        0x0 /opt/local/lib/gcc/avr/4.9.1/avr51/libgcc.a(_exit.o)
 .text.libgcc   0x0000000000006ba2        0x0 /opt/local/lib/gcc/avr/4.9.1/avr51/libgcc.a(_exit.o)
 .text.libgcc.prologue
                0x0000000000006ba2        0x0 /opt/local/lib/gcc/avr/4.9.1/avr51/libgcc.a(_exit.o)
 .text.libgcc.builtins
                0x0000000000006ba2        0x0 /opt/local/lib/gcc/avr/4.9.1/avr51/libgcc.a(_exit.o)
 .text.libgcc.fmul
                0x0000000000006ba2        0x0 /opt/local/lib/gcc/avr/4.9.1/avr51/libgcc.a(_exit.o)
 .text.libgcc.fixed
                0x0000000000006ba2        0x0 /opt/local/lib/gcc/avr/4.9.1/avr51/libgcc.a(_exit.o)
 .text.libgcc.mul
                0x0000000000006ba2        0x0 /opt/local/lib/gcc/avr/4.9.1/avr51/libgcc.a(_tablejump.o)
 .text.libgcc.div
                0x0000000000006ba2        0x0 /opt/local/lib/gcc/avr/4.9.1/avr51/libgcc.a(_tablejump.o)
 .text.libgcc   0x0000000000006ba2        0xc /opt/local/lib/gcc/avr/4.9.1/avr51/libgcc.a(_tablejump.o)
                0x0000000000006ba2                __tablejump2__
                0x0000000000006ba6                __tablejump__
 .text.libgcc.prologue
                0x0000000000006bae        0x0 /opt/local/lib/gcc/avr/4.9.1/avr51/libgcc.a(_tablejump.o)
 .text.libgcc.builtins
                0x0000000000006bae        0x0 /opt/local/lib/gcc/avr/4.9.1/avr51/libgcc.a(_tablejump.o)
 .text.libgcc.fmul
                0x0000000000006bae        0x0 /opt/local/lib/gcc/avr/4.9.1/avr51/libgcc.a(_tablejump.o)
 .text.libgcc.fixed
                0x0000000000006bae        0x0 /opt/local/lib/gcc/avr/4.9.1/avr51/libgcc.a(_tablejump.o)
 .text.libgcc.mul
                0x0000000000006bae        0x0 /opt/local/lib/gcc/avr/4.9.1/avr51/libgcc.a(_copy_data.o)
 .text.libgcc.div
                0x0000000000006bae        0x0 /opt/local/lib/gcc/avr/4.9.1/avr51/libgcc.a(_copy_data.o)
 .text.libgcc   0x0000000000006bae        0x0 /opt/local/lib/gcc/avr/4.9.1/avr51/libgcc.a(_copy_data.o)
 .text.libgcc.prologue
                0x0000000000006bae        0x0 /opt/local/lib/gcc/avr/4.9.1/avr51/libgcc.a(_copy_data.o)
 .text.libgcc.builtins
                0x0000000000006bae        0x0 /opt/local/lib/gcc/avr/4.9.1/avr51/libgcc.a(_copy_data.o)
 .text.libgcc.fmul
                0x0000000000006bae        0x0 /opt/local/lib/gcc/avr/4.9.1/avr51/libgcc.a(_copy_data.o)
 .text.libgcc.fixed
                0x0000000000006bae        0x0 /opt/local/lib/gcc/avr/4.9.1/avr51/libgcc.a(_copy_data.o)
 .text.libgcc.mul
                0x0000000000006bae        0x0 /opt/local/lib/gcc/avr/4.9.1/avr51/libgcc.a(_clear_bss.o)
 .text.libgcc.div
                0x0000000000006bae        0x0 /opt/local/lib/gcc/avr/4.9.1/avr51/libgcc.a(_clear_bss.o)
 .text.libgcc   0x0000000000006bae        0x0 /opt/local/lib/gcc/avr/4.9.1/avr51/libgcc.a(_clear_bss.o)
 .text.libgcc.prologue
                0x0000000000006bae        0x0 /opt/local/lib/gcc/avr/4.9.1/avr51/libgcc.a(_clear_bss.o)
 .text.libgcc.builtins
                0x0000000000006bae        0x0 /opt/local/lib/gcc/avr/4.9.1/avr51/libgcc.a(_clear_bss.o)
 .text.libgcc.fmul
                0x0000000000006bae        0x0 /opt/local/lib/gcc/avr/4.9.1/avr51/libgcc.a(_clear_bss.o)
 .text.libgcc.fixed
                0x0000000000006bae        0x0 /opt/local/lib/gcc/avr/4.9.1/avr51/libgcc.a(_clear_bss.o)
 .text.libgcc.mul
                0x0000000000006bae       0x1e /opt/local/lib/gcc/avr/4.9.1/avr51/libgcc.a(_umulhisi3.o)
                0x0000000000006bae                __umulhisi3
 .text.libgcc.div
                0x0000000000006bcc        0x0 /opt/local/lib/gcc/avr/4.9.1/avr51/libgcc.a(_umulhisi3.o)
 .text.libgcc   0x0000000000006bcc        0x0 /opt/local/lib/gcc/avr/4.9.1/avr51/libgcc.a(_umulhisi3.o)
 .text.libgcc.prologue
                0x0000000000006bcc        0x0 /opt/local/lib/gcc/avr/4.9.1/avr51/libgcc.a(_umulhisi3.o)
 .text.libgcc.builtins
                0x0000000000006bcc        0x0 /opt/local/lib/gcc/avr/4.9.1/avr51/libgcc.a(_umulhisi3.o)
 .text.libgcc.fmul
                0x0000000000006bcc        0x0 /opt/local/lib/gcc/avr/4.9.1/avr51/libgcc.a(_umulhisi3.o)
 .text.libgcc.fixed
                0x0000000000006bcc        0x0 /opt/local/lib/gcc/avr/4.9.1/avr51/libgcc.a(_umulhisi3.o)
 .text.avr-libc
                0x0000000000006bcc       0xb4 /opt/local/lib/gcc/avr/4.9.1/../../../../avr/lib/avr51/libc.a(rand.o)
                0x0000000000006c5e                rand_r
                0x0000000000006c62                rand
                0x0000000000006c6a                srand
 .text.avr-libc
                0x0000000000006c80       0x3c /opt/local/lib/gcc/avr/4.9.1/../../../../avr/lib/avr51/libc.a(atoi.o)
                0x0000000000006c80                atoi
 .text.avr-libc
                0x0000000000006cbc       0x16 /opt/local/lib/gcc/avr/4.9.1/../../../../avr/lib/avr51/libc.a(strchr_P.o)
                0x0000000000006cbc                strchr_P
 .text.avr-libc
                0x0000000000006cd2       0x12 /opt/local/lib/gcc/avr/4.9.1/../../../../avr/lib/avr51/libc.a(memcpy.o)
                0x0000000000006cd2                memcpy
 .text.avr-libc
                0x0000000000006ce4       0x1e /opt/local/lib/gcc/avr/4.9.1/../../../../avr/lib/avr51/libc.a(strncpy.o)
                0x0000000000006ce4                strncpy
 .text.avr-libc
                0x0000000000006d02       0x10 /opt/local/lib/gcc/avr/4.9.1/../../../../avr/lib/avr51/libc.a(mul10.o)
                0x0000000000006d02                __mulhi_const_10
 .text.avr-libc
                0x0000000000006d12       0x96 /opt/local/lib/gcc/avr/4.9.1/../../../../avr/lib/avr51/libc.a(fdevopen.o)
                0x0000000000006d12                fdevopen
 .text.avr-libc
                0x0000000000006da8       0x70 /opt/local/lib/gcc/avr/4.9.1/../../../../avr/lib/avr51/libc.a(fputc.o)
                0x0000000000006da8                fputc
 .text.avr-libc
                0x0000000000006e18       0x28 /opt/local/lib/gcc/avr/4.9.1/../../../../avr/lib/avr51/libc.a(printf.o)
                0x0000000000006e18                printf
 .text.avr-libc
                0x0000000000006e40        0xc /opt/local/lib/gcc/avr/4.9.1/../../../../avr/lib/avr51/libc.a(putchar.o)
                0x0000000000006e40                putchar
 .text.avr-libc
                0x0000000000006e4c       0x60 /opt/local/lib/gcc/avr/4.9.1/../../../../avr/lib/avr51/libc.a(puts.o)
                0x0000000000006e4c                puts
 .text.avr-libc
                0x0000000000006eac       0x60 /opt/local/lib/gcc/avr/4.9.1/../../../../avr/lib/avr51/libc.a(sprintf.o)
                0x0000000000006eac                sprintf
 .text.avr-libc
                0x0000000000006f0c       0xbc /opt/local/lib/gcc/avr/4.9.1/../../../../avr/lib/avr51/libc.a(ultoa_invert.o)
                0x0000000000006f0c                __ultoa_invert
 .text.avr-libc
                0x0000000000006fc8       0x10 /opt/local/lib/gcc/avr/4.9.1/../../../../avr/lib/avr51/libc.a(eerd_byte_atmega128rfa1.o)
                0x0000000000006fc8                __eerd_byte_m128rfa1
 .text.avr-libc
                0x0000000000006fd8       0x1c /opt/local/lib/gcc/avr/4.9.1/../../../../avr/lib/avr51/libc.a(eewr_byte_atmega128rfa1.o)
                0x0000000000006fd8                __eewr_byte_m128rfa1
                0x0000000000006fda                __eewr_r18_m128rfa1
 .text.avr-libc
                0x0000000000006ff4       0x38 /opt/local/lib/gcc/avr/4.9.1/../../../../avr/lib/avr51/libc.a(calloc.o)
                0x0000000000006ff4                calloc
 .text.avr-libc
                0x000000000000702c      0x25a /opt/local/lib/gcc/avr/4.9.1/../../../../avr/lib/avr51/libc.a(malloc.o)
                0x000000000000702c                malloc
                0x0000000000007156                free
 .text.avr-libc
                0x0000000000007286        0xe /opt/local/lib/gcc/avr/4.9.1/../../../../avr/lib/avr51/libc.a(memset.o)
                0x0000000000007286                memset
                0x0000000000007294                . = ALIGN (0x2)
 *(.fini9)
 .fini9         0x0000000000007294        0x0 /opt/local/lib/gcc/avr/4.9.1/avr51/libgcc.a(_exit.o)
                0x0000000000007294                exit
                0x0000000000007294                _exit
 *(.fini9)
 *(.fini8)
 *(.fini8)
 *(.fini7)
 *(.fini7)
 *(.fini6)
 *(.fini6)
 *(.fini5)
 *(.fini5)
 *(.fini4)
 *(.fini4)
 *(.fini3)
 *(.fini3)
 *(.fini2)
 *(.fini2)
 *(.fini1)
 *(.fini1)
 *(.fini0)
 .fini0         0x0000000000007294        0x4 /opt/local/lib/gcc/avr/4.9.1/avr51/libgcc.a(_exit.o)
 *(.fini0)
                0x0000000000007298                _etext = .

.data           0x0000000000800200      0x282 load address 0x0000000000007298
                0x0000000000800200                PROVIDE (__data_start, .)
 *(.data)
 .data          0x0000000000800200        0x0 /opt/local/lib/gcc/avr/4.9.1/../../../../avr/lib/avr51/crtm128rfa1.o
 .data          0x0000000000800200        0x0 main.o
 .data          0x0000000000800200        0x0 ../../../src/net/bmac/rf231_soc/bmac.o
 .data          0x0000000000800200        0x0 ../../../src/drivers/platform/firefly3/source/ff_basic_sensor.o
 .data          0x0000000000800200        0x0 ../../../src/drivers/platform/firefly3/source/twi_base_calls.o
 .data          0x0000000000800200        0x0 ../../../projects/lab3/utility/assembler.o
 .data          0x0000000000800200        0x0 ../../../projects/lab3/utility/light_pool.o
 .data          0x0000000000800200        0x0 ../../../projects/lab3/utility/neighbors.o
 .data          0x0000000000800200        0x0 ../../../projects/lab3/utility/parser.o
 .data          0x0000000000800200        0x0 ../../../projects/lab3/utility/sample_sensor.o
 .data          0x0000000000800200        0x0 ../../../projects/lab3/utility/sequence_pool.o
 .data          0x0000000000800200        0x0 ../../../src/radio/rf231_soc/source/basic_rf.o
 .data          0x0000000000800200        0x0 ../../../src/platform/firefly3/source/ulib.o
 .data          0x0000000000800200        0x0 ../../../src/platform/firefly3/source/hal_wait.o
 .data          0x0000000000800200        0x0 ../../../src/platform/firefly3/source/nrk_eeprom.o
 .data          0x0000000000800200        0x0 ../../../src/kernel/source/nrk.o
 .data          0x0000000000800200        0x0 ../../../src/kernel/source/nrk_stats.o
 .data          0x0000000000800200        0x0 ../../../src/kernel/source/nrk_error.o
 .data          0x0000000000800200        0x0 ../../../src/kernel/source/nrk_stack_check.o
 .data          0x0000000000800200        0x0 ../../../src/kernel/source/nrk_events.o
 .data          0x0000000000800200        0x0 ../../../src/kernel/source/nrk_task.o
 .data          0x0000000000800200        0x0 ../../../src/kernel/source/nrk_time.o
 .data          0x0000000000800200        0x0 ../../../src/kernel/source/nrk_idle_task.o
 .data          0x0000000000800200        0x0 ../../../src/kernel/source/nrk_scheduler.o
 .data          0x0000000000800200        0x0 ../../../src/kernel/source/nrk_driver.o
 .data          0x0000000000800200        0x0 ../../../src/kernel/source/nrk_reserve.o
 .data          0x0000000000800200        0x0 ../../../src/kernel/source/nrk_sw_wdt.o
 .data          0x0000000000800200        0x0 ../../../src/kernel/hal/atmega128rfa1/nrk_timer.o
 .data          0x0000000000800200        0x0 ../../../src/kernel/hal/atmega128rfa1/nrk_status.o
 .data          0x0000000000800200        0x0 ../../../src/kernel/hal/atmega128rfa1/nrk_ext_int.o
 .data          0x0000000000800200        0x0 ../../../src/kernel/hal/atmega128rfa1/nrk_watchdog.o
 .data          0x0000000000800200        0x0 ../../../src/kernel/hal/atmega128rfa1/nrk_cpu.o
 .data          0x0000000000800200        0x0 ../../../src/kernel/hal/atmega128rfa1/atmel_hw_specific.o
 .data          0x0000000000800200        0x0 /opt/local/lib/gcc/avr/4.9.1/../../../../avr/lib/avr51/libprintf_min.a(vfprintf_min.o)
 .data          0x0000000000800200        0x0 /opt/local/lib/gcc/avr/4.9.1/avr51/libgcc.a(_muluhisi3.o)
 .data          0x0000000000800200        0x0 /opt/local/lib/gcc/avr/4.9.1/avr51/libgcc.a(_mulshisi3.o)
 .data          0x0000000000800200        0x0 /opt/local/lib/gcc/avr/4.9.1/avr51/libgcc.a(_mulsi3.o)
 .data          0x0000000000800200        0x0 /opt/local/lib/gcc/avr/4.9.1/avr51/libgcc.a(_udivmodhi4.o)
 .data          0x0000000000800200        0x0 /opt/local/lib/gcc/avr/4.9.1/avr51/libgcc.a(_divmodhi4.o)
 .data          0x0000000000800200        0x0 /opt/local/lib/gcc/avr/4.9.1/avr51/libgcc.a(_udivmodsi4.o)
 .data          0x0000000000800200        0x0 /opt/local/lib/gcc/avr/4.9.1/avr51/libgcc.a(_divmodsi4.o)
 .data          0x0000000000800200        0x0 /opt/local/lib/gcc/avr/4.9.1/avr51/libgcc.a(_udivdi3.o)
 .data          0x0000000000800200        0x0 /opt/local/lib/gcc/avr/4.9.1/avr51/libgcc.a(_udivmod64.o)
 .data          0x0000000000800200        0x0 /opt/local/lib/gcc/avr/4.9.1/avr51/libgcc.a(_negsi2.o)
 .data          0x0000000000800200        0x0 /opt/local/lib/gcc/avr/4.9.1/avr51/libgcc.a(_exit.o)
 .data          0x0000000000800200        0x0 /opt/local/lib/gcc/avr/4.9.1/avr51/libgcc.a(_tablejump.o)
 .data          0x0000000000800200        0x0 /opt/local/lib/gcc/avr/4.9.1/avr51/libgcc.a(_copy_data.o)
 .data          0x0000000000800200        0x0 /opt/local/lib/gcc/avr/4.9.1/avr51/libgcc.a(_clear_bss.o)
 .data          0x0000000000800200        0x0 /opt/local/lib/gcc/avr/4.9.1/avr51/libgcc.a(_umulhisi3.o)
 .data          0x0000000000800200        0x4 /opt/local/lib/gcc/avr/4.9.1/../../../../avr/lib/avr51/libc.a(rand.o)
 .data          0x0000000000800204        0x0 /opt/local/lib/gcc/avr/4.9.1/../../../../avr/lib/avr51/libc.a(atoi.o)
 .data          0x0000000000800204        0x0 /opt/local/lib/gcc/avr/4.9.1/../../../../avr/lib/avr51/libc.a(strchr_P.o)
 .data          0x0000000000800204        0x0 /opt/local/lib/gcc/avr/4.9.1/../../../../avr/lib/avr51/libc.a(memcpy.o)
 .data          0x0000000000800204        0x0 /opt/local/lib/gcc/avr/4.9.1/../../../../avr/lib/avr51/libc.a(strncpy.o)
 .data          0x0000000000800204        0x0 /opt/local/lib/gcc/avr/4.9.1/../../../../avr/lib/avr51/libc.a(mul10.o)
 .data          0x0000000000800204        0x0 /opt/local/lib/gcc/avr/4.9.1/../../../../avr/lib/avr51/libc.a(fdevopen.o)
 .data          0x0000000000800204        0x0 /opt/local/lib/gcc/avr/4.9.1/../../../../avr/lib/avr51/libc.a(fputc.o)
 .data          0x0000000000800204        0x0 /opt/local/lib/gcc/avr/4.9.1/../../../../avr/lib/avr51/libc.a(iob.o)
 .data          0x0000000000800204        0x0 /opt/local/lib/gcc/avr/4.9.1/../../../../avr/lib/avr51/libc.a(printf.o)
 .data          0x0000000000800204        0x0 /opt/local/lib/gcc/avr/4.9.1/../../../../avr/lib/avr51/libc.a(putchar.o)
 .data          0x0000000000800204        0x0 /opt/local/lib/gcc/avr/4.9.1/../../../../avr/lib/avr51/libc.a(puts.o)
 .data          0x0000000000800204        0x0 /opt/local/lib/gcc/avr/4.9.1/../../../../avr/lib/avr51/libc.a(sprintf.o)
 .data          0x0000000000800204        0x0 /opt/local/lib/gcc/avr/4.9.1/../../../../avr/lib/avr51/libc.a(ultoa_invert.o)
 .data          0x0000000000800204        0x0 /opt/local/lib/gcc/avr/4.9.1/../../../../avr/lib/avr51/libc.a(eerd_byte_atmega128rfa1.o)
 .data          0x0000000000800204        0x0 /opt/local/lib/gcc/avr/4.9.1/../../../../avr/lib/avr51/libc.a(eewr_byte_atmega128rfa1.o)
 .data          0x0000000000800204        0x0 /opt/local/lib/gcc/avr/4.9.1/../../../../avr/lib/avr51/libc.a(calloc.o)
 .data          0x0000000000800204        0x6 /opt/local/lib/gcc/avr/4.9.1/../../../../avr/lib/avr51/libc.a(malloc.o)
                0x0000000000800204                __malloc_heap_end
                0x0000000000800206                __malloc_heap_start
                0x0000000000800208                __malloc_margin
 .data          0x000000000080020a        0x0 /opt/local/lib/gcc/avr/4.9.1/../../../../avr/lib/avr51/libc.a(memset.o)
 *(.data*)
 *(.rodata)
 .rodata        0x000000000080020a       0x51 ../../../src/platform/firefly3/source/ulib.o
                0x000000000080020a                NRK_ADC_INPUT_7
                0x000000000080020b                NRK_ADC_INPUT_6
                0x000000000080020c                NRK_ADC_INPUT_5
                0x000000000080020d                NRK_ADC_INPUT_4
                0x000000000080020e                NRK_ADC_INPUT_3
                0x000000000080020f                NRK_ADC_INPUT_2
                0x0000000000800210                NRK_ADC_INPUT_1
                0x0000000000800211                NRK_ADC_INPUT_0
                0x0000000000800212                NRK_PORTF_7
                0x0000000000800213                NRK_PORTF_6
                0x0000000000800214                NRK_PORTF_5
                0x0000000000800215                NRK_PORTF_4
                0x0000000000800216                NRK_PORTF_3
                0x0000000000800217                NRK_PORTF_2
                0x0000000000800218                NRK_PORTF_1
                0x0000000000800219                NRK_PORTF_0
                0x000000000080021a                NRK_PORTG_5
                0x000000000080021b                NRK_PORTG_4
                0x000000000080021c                NRK_PORTG_3
                0x000000000080021d                NRK_PORTG_2
                0x000000000080021e                NRK_PORTG_1
                0x000000000080021f                NRK_PORTG_0
                0x0000000000800220                NRK_ANT_1
                0x0000000000800221                NRK_ANT_0
                0x0000000000800222                NRK_UART0_TXD
                0x0000000000800223                NRK_UART0_RXD
                0x0000000000800224                NRK_PORTE_7
                0x0000000000800225                NRK_PORTE_6
                0x0000000000800226                NRK_PORTE_5
                0x0000000000800227                NRK_PORTE_4
                0x0000000000800228                NRK_PORTE_3
                0x0000000000800229                NRK_PORTE_2
                0x000000000080022a                NRK_PORTE_1
                0x000000000080022b                NRK_PORTE_0
                0x000000000080022c                NRK_LED_3
                0x000000000080022d                NRK_LED_2
                0x000000000080022e                NRK_LED_1
                0x000000000080022f                NRK_LED_0
                0x0000000000800230                NRK_UART1_TXD
                0x0000000000800231                NRK_UART1_RXD
                0x0000000000800232                NRK_BUTTON
                0x0000000000800233                NRK_PORTD_7
                0x0000000000800234                NRK_PORTD_6
                0x0000000000800235                NRK_PORTD_5
                0x0000000000800236                NRK_PORTD_4
                0x0000000000800237                NRK_PORTD_3
                0x0000000000800238                NRK_PORTD_2
                0x0000000000800239                NRK_PORTD_1
                0x000000000080023a                NRK_PORTD_0
                0x000000000080023b                NRK_PORTC_7
                0x000000000080023c                NRK_PORTC_6
                0x000000000080023d                NRK_PORTC_5
                0x000000000080023e                NRK_PORTC_4
                0x000000000080023f                NRK_PORTC_3
                0x0000000000800240                NRK_PORTC_2
                0x0000000000800241                NRK_PORTC_1
                0x0000000000800242                NRK_PORTC_0
                0x0000000000800243                NRK_PORTB_7
                0x0000000000800244                NRK_PORTB_6
                0x0000000000800245                NRK_PORTB_5
                0x0000000000800246                NRK_PORTB_4
                0x0000000000800247                NRK_PORTB_3
                0x0000000000800248                NRK_PORTB_2
                0x0000000000800249                NRK_PORTB_1
                0x000000000080024a                NRK_PORTB_0
                0x000000000080024b                NRK_MISO
                0x000000000080024c                NRK_MOSI
                0x000000000080024d                NRK_SCK
                0x000000000080024e                NRK_SPI_SS
                0x000000000080024f                NRK_DEBUG_3
                0x0000000000800250                NRK_DEBUG_2
                0x0000000000800251                NRK_DEBUG_1
                0x0000000000800252                NRK_DEBUG_0
                0x0000000000800253                NRK_PORTA_7
                0x0000000000800254                NRK_PORTA_6
                0x0000000000800255                NRK_PORTA_5
                0x0000000000800256                NRK_PORTA_4
                0x0000000000800257                NRK_PORTA_3
                0x0000000000800258                NRK_PORTA_2
                0x0000000000800259                NRK_PORTA_1
                0x000000000080025a                NRK_PORTA_0
 *(.rodata*)
 .rodata.str1.1
                0x000000000080025b       0x28 main.o
                                         0x3d (size before relaxing)
 .rodata.str1.1
                0x0000000000800283       0x17 ../../../src/drivers/platform/firefly3/source/twi_base_calls.o
 .rodata.str1.1
                0x000000000080029a       0x19 ../../../projects/lab3/utility/assembler.o
                                         0x4d (size before relaxing)
 .rodata.str1.1
                0x00000000008002b3       0x19 ../../../projects/lab3/utility/light_pool.o
 .rodata.str1.1
                0x00000000008002cc       0x58 ../../../projects/lab3/utility/neighbors.o
                                         0x5b (size before relaxing)
 .rodata.str1.1
                0x0000000000800324       0x9a ../../../projects/lab3/utility/parser.o
 .rodata.str1.1
                0x00000000008003be       0x83 ../../../src/radio/rf231_soc/source/basic_rf.o
 .rodata.str1.1
                0x0000000000800441        0x3 ../../../src/kernel/source/nrk_error.o
 .rodata.str1.1
                0x0000000000800441       0x41 ../../../src/kernel/source/nrk_stack_check.o
                                         0x4e (size before relaxing)
 *(.gnu.linkonce.d*)
                0x0000000000800482                . = ALIGN (0x2)
                0x0000000000800482                _edata = .
                0x0000000000800482                PROVIDE (__data_end, .)

.bss            0x0000000000800482      0x8ae
                0x0000000000800482                PROVIDE (__bss_start, .)
 *(.bss)
 .bss           0x0000000000800482        0x0 /opt/local/lib/gcc/avr/4.9.1/../../../../avr/lib/avr51/crtm128rfa1.o
 .bss           0x0000000000800482        0x0 main.o
 .bss           0x0000000000800482       0xbf ../../../src/net/bmac/rf231_soc/bmac.o
 .bss           0x0000000000800541        0x0 ../../../src/drivers/platform/firefly3/source/ff_basic_sensor.o
 .bss           0x0000000000800541        0x0 ../../../src/drivers/platform/firefly3/source/twi_base_calls.o
 .bss           0x0000000000800541        0x0 ../../../projects/lab3/utility/assembler.o
 .bss           0x0000000000800541        0x0 ../../../projects/lab3/utility/light_pool.o
 .bss           0x0000000000800541        0x0 ../../../projects/lab3/utility/neighbors.o
 .bss           0x0000000000800541        0x0 ../../../projects/lab3/utility/parser.o
 .bss           0x0000000000800541        0x0 ../../../projects/lab3/utility/sample_sensor.o
 .bss           0x0000000000800541        0x0 ../../../projects/lab3/utility/sequence_pool.o
 .bss           0x0000000000800541        0x4 ../../../src/radio/rf231_soc/source/basic_rf.o
                0x0000000000800541                rx_end_func
                0x0000000000800543                rx_start_func
 .bss           0x0000000000800545       0x15 ../../../src/platform/firefly3/source/ulib.o
 .bss           0x000000000080055a        0x0 ../../../src/platform/firefly3/source/hal_wait.o
 .bss           0x000000000080055a        0x0 ../../../src/platform/firefly3/source/nrk_eeprom.o
 .bss           0x000000000080055a        0x0 ../../../src/kernel/source/nrk.o
 .bss           0x000000000080055a        0x0 ../../../src/kernel/source/nrk_stats.o
 .bss           0x000000000080055a        0x0 ../../../src/kernel/source/nrk_error.o
 .bss           0x000000000080055a        0x0 ../../../src/kernel/source/nrk_stack_check.o
 .bss           0x000000000080055a        0x0 ../../../src/kernel/source/nrk_events.o
 .bss           0x000000000080055a        0x0 ../../../src/kernel/source/nrk_task.o
 .bss           0x000000000080055a        0x0 ../../../src/kernel/source/nrk_time.o
 .bss           0x000000000080055a        0x0 ../../../src/kernel/source/nrk_idle_task.o
 .bss           0x000000000080055a        0x0 ../../../src/kernel/source/nrk_scheduler.o
 .bss           0x000000000080055a        0x0 ../../../src/kernel/source/nrk_driver.o
 .bss           0x000000000080055a        0x0 ../../../src/kernel/source/nrk_reserve.o
 .bss           0x000000000080055a        0x0 ../../../src/kernel/source/nrk_sw_wdt.o
 .bss           0x000000000080055a        0x0 ../../../src/kernel/hal/atmega128rfa1/nrk_timer.o
 .bss           0x000000000080055a        0x0 ../../../src/kernel/hal/atmega128rfa1/nrk_status.o
 .bss           0x000000000080055a        0x0 ../../../src/kernel/hal/atmega128rfa1/nrk_ext_int.o
 .bss           0x000000000080055a        0x0 ../../../src/kernel/hal/atmega128rfa1/nrk_watchdog.o
 .bss           0x000000000080055a        0x0 ../../../src/kernel/hal/atmega128rfa1/nrk_cpu.o
 .bss           0x000000000080055a        0x0 ../../../src/kernel/hal/atmega128rfa1/atmel_hw_specific.o
 .bss           0x000000000080055a        0x0 /opt/local/lib/gcc/avr/4.9.1/../../../../avr/lib/avr51/libprintf_min.a(vfprintf_min.o)
 .bss           0x000000000080055a        0x0 /opt/local/lib/gcc/avr/4.9.1/avr51/libgcc.a(_muluhisi3.o)
 .bss           0x000000000080055a        0x0 /opt/local/lib/gcc/avr/4.9.1/avr51/libgcc.a(_mulshisi3.o)
 .bss           0x000000000080055a        0x0 /opt/local/lib/gcc/avr/4.9.1/avr51/libgcc.a(_mulsi3.o)
 .bss           0x000000000080055a        0x0 /opt/local/lib/gcc/avr/4.9.1/avr51/libgcc.a(_udivmodhi4.o)
 .bss           0x000000000080055a        0x0 /opt/local/lib/gcc/avr/4.9.1/avr51/libgcc.a(_divmodhi4.o)
 .bss           0x000000000080055a        0x0 /opt/local/lib/gcc/avr/4.9.1/avr51/libgcc.a(_udivmodsi4.o)
 .bss           0x000000000080055a        0x0 /opt/local/lib/gcc/avr/4.9.1/avr51/libgcc.a(_divmodsi4.o)
 .bss           0x000000000080055a        0x0 /opt/local/lib/gcc/avr/4.9.1/avr51/libgcc.a(_udivdi3.o)
 .bss           0x000000000080055a        0x0 /opt/local/lib/gcc/avr/4.9.1/avr51/libgcc.a(_udivmod64.o)
 .bss           0x000000000080055a        0x0 /opt/local/lib/gcc/avr/4.9.1/avr51/libgcc.a(_negsi2.o)
 .bss           0x000000000080055a        0x0 /opt/local/lib/gcc/avr/4.9.1/avr51/libgcc.a(_exit.o)
 .bss           0x000000000080055a        0x0 /opt/local/lib/gcc/avr/4.9.1/avr51/libgcc.a(_tablejump.o)
 .bss           0x000000000080055a        0x0 /opt/local/lib/gcc/avr/4.9.1/avr51/libgcc.a(_copy_data.o)
 .bss           0x000000000080055a        0x0 /opt/local/lib/gcc/avr/4.9.1/avr51/libgcc.a(_clear_bss.o)
 .bss           0x000000000080055a        0x0 /opt/local/lib/gcc/avr/4.9.1/avr51/libgcc.a(_umulhisi3.o)
 .bss           0x000000000080055a        0x0 /opt/local/lib/gcc/avr/4.9.1/../../../../avr/lib/avr51/libc.a(rand.o)
 .bss           0x000000000080055a        0x0 /opt/local/lib/gcc/avr/4.9.1/../../../../avr/lib/avr51/libc.a(atoi.o)
 .bss           0x000000000080055a        0x0 /opt/local/lib/gcc/avr/4.9.1/../../../../avr/lib/avr51/libc.a(strchr_P.o)
 .bss           0x000000000080055a        0x0 /opt/local/lib/gcc/avr/4.9.1/../../../../avr/lib/avr51/libc.a(memcpy.o)
 .bss           0x000000000080055a        0x0 /opt/local/lib/gcc/avr/4.9.1/../../../../avr/lib/avr51/libc.a(strncpy.o)
 .bss           0x000000000080055a        0x0 /opt/local/lib/gcc/avr/4.9.1/../../../../avr/lib/avr51/libc.a(mul10.o)
 .bss           0x000000000080055a        0x0 /opt/local/lib/gcc/avr/4.9.1/../../../../avr/lib/avr51/libc.a(fdevopen.o)
 .bss           0x000000000080055a        0x0 /opt/local/lib/gcc/avr/4.9.1/../../../../avr/lib/avr51/libc.a(fputc.o)
 .bss           0x000000000080055a        0x0 /opt/local/lib/gcc/avr/4.9.1/../../../../avr/lib/avr51/libc.a(iob.o)
 .bss           0x000000000080055a        0x0 /opt/local/lib/gcc/avr/4.9.1/../../../../avr/lib/avr51/libc.a(printf.o)
 .bss           0x000000000080055a        0x0 /opt/local/lib/gcc/avr/4.9.1/../../../../avr/lib/avr51/libc.a(putchar.o)
 .bss           0x000000000080055a        0x0 /opt/local/lib/gcc/avr/4.9.1/../../../../avr/lib/avr51/libc.a(puts.o)
 .bss           0x000000000080055a        0x0 /opt/local/lib/gcc/avr/4.9.1/../../../../avr/lib/avr51/libc.a(sprintf.o)
 .bss           0x000000000080055a        0x0 /opt/local/lib/gcc/avr/4.9.1/../../../../avr/lib/avr51/libc.a(ultoa_invert.o)
 .bss           0x000000000080055a        0x0 /opt/local/lib/gcc/avr/4.9.1/../../../../avr/lib/avr51/libc.a(eerd_byte_atmega128rfa1.o)
 .bss           0x000000000080055a        0x0 /opt/local/lib/gcc/avr/4.9.1/../../../../avr/lib/avr51/libc.a(eewr_byte_atmega128rfa1.o)
 .bss           0x000000000080055a        0x0 /opt/local/lib/gcc/avr/4.9.1/../../../../avr/lib/avr51/libc.a(calloc.o)
 .bss           0x000000000080055a        0x0 /opt/local/lib/gcc/avr/4.9.1/../../../../avr/lib/avr51/libc.a(malloc.o)
 .bss           0x000000000080055a        0x0 /opt/local/lib/gcc/avr/4.9.1/../../../../avr/lib/avr51/libc.a(memset.o)
 *(.bss*)
 *(COMMON)
 COMMON         0x000000000080055a      0x637 main.o
                0x000000000080055a                neighbor_count
                0x000000000080055b                local_neighbor_table
                0x0000000000800560                HOP_TASK
                0x0000000000800583                error_task
                0x0000000000800584                hop_task_stack
                0x0000000000800784                light
                0x0000000000800786                neighbor_time_limit
                0x000000000080078e                bmac_enable_signal
                0x000000000080078f                bmac_rfTxInfo
                0x0000000000800796                _nrk_signal_list
                0x000000000080079a                bmac_rx_pkt_signal
                0x000000000080079b                hop_buf
                0x000000000080080f                sensor_time_limit
                0x0000000000800817                rx_buf
                0x000000000080088b                nrk_kernel_stk_ptr
                0x000000000080088d                light_baseline
                0x000000000080088f                tx_buf
                0x0000000000800903                seq_pool
                0x000000000080090d                local_seq_count
                0x000000000080090f                bmac_rfRxInfo
                0x000000000080091b                error_num
                0x000000000080091c                nrk_idle_task_stk
                0x0000000000800b1c                bmac_tx_pkt_done_signal
                0x0000000000800b1d                cmd
 COMMON         0x0000000000800b91        0x5 ../../../src/net/bmac/rf231_soc/bmac.o
                0x0000000000800b91                app_timer0_callback
                0x0000000000800b93                _nrk_time_trigger
                0x0000000000800b94                app_timer0_prescale
                0x0000000000800b95                _nrk_prev_timer_val
 COMMON         0x0000000000800b96       0x49 ../../../src/drivers/platform/firefly3/source/ff_basic_sensor.o
                0x0000000000800b96                eeprom_values
                0x0000000000800bac                B6
                0x0000000000800bb0                UT
                0x0000000000800bb4                X2
                0x0000000000800bb8                T
                0x0000000000800bbc                B5
                0x0000000000800bc0                is_open
                0x0000000000800bc1                X1
                0x0000000000800bc5                channel
                0x0000000000800bc6                X3
                0x0000000000800bca                B4
                0x0000000000800bce                h_cnt
                0x0000000000800bcf                B7
                0x0000000000800bd3                UP
                0x0000000000800bd7                P
                0x0000000000800bdb                B3
 COMMON         0x0000000000800bdf        0x2 ../../../src/drivers/platform/firefly3/source/twi_base_calls.o
                0x0000000000800bdf                twst
                0x0000000000800be0                i2c_address
 COMMON         0x0000000000800be1       0x53 ../../../src/radio/rf231_soc/source/basic_rf.o
                0x0000000000800be1                rx_ctr
                0x0000000000800be5                radio_sem
                0x0000000000800be7                use_glossy
                0x0000000000800be8                mdmctrl0
                0x0000000000800bea                rfSettings
                0x0000000000800bf3                curr_t
                0x0000000000800bfb                tx_done
                0x0000000000800bfc                ekey
                0x0000000000800c0c                rf_ready
                0x0000000000800c0d                target_t
                0x0000000000800c15                dkey
                0x0000000000800c25                tx_ctr
                0x0000000000800c2b                rx_ready
                0x0000000000800c2c                dummy_t
 COMMON         0x0000000000800c34       0xe3 ../../../src/kernel/source/nrk.o
                0x0000000000800c34                _free_node
                0x0000000000800c36                nrk_task_TCB
                0x0000000000800ce2                next_next_wakeup
                0x0000000000800ce4                nrk_sem_list
                0x0000000000800cea                nrk_task_init_cnt
                0x0000000000800ceb                nrk_wakeup_signal
                0x0000000000800cec                nrk_high_ready_TCB
                0x0000000000800cee                nrk_cur_task_prio
                0x0000000000800cef                _nrk_cpu_state
                0x0000000000800cf0                _head_node
                0x0000000000800cf2                nrk_system_time
                0x0000000000800cfa                _nrk_resource_cnt
                0x0000000000800cfb                nrk_cur_task_TCB
                0x0000000000800cfd                nrk_high_ready_prio
                0x0000000000800cfe                _nrk_readyQ
 COMMON         0x0000000000800d17        0x1 ../../../src/kernel/source/nrk_scheduler.o
                0x0000000000800d17                t
 COMMON         0x0000000000800d18        0x6 ../../../src/kernel/source/nrk_driver.o
                0x0000000000800d18                _nrk_driver_count
                0x0000000000800d19                nrk_drivers
                0x0000000000800d1d                nrk_driver_init
 COMMON         0x0000000000800d1e        0x8 ../../../src/kernel/hal/atmega128rfa1/nrk_ext_int.o
                0x0000000000800d1e                ext_int1_callback
                0x0000000000800d20                ext_int0_callback
                0x0000000000800d22                ext_int2_callback
                0x0000000000800d24                pc_int0_callback
 COMMON         0x0000000000800d26        0x6 /opt/local/lib/gcc/avr/4.9.1/../../../../avr/lib/avr51/libc.a(iob.o)
                0x0000000000800d26                __iob
 COMMON         0x0000000000800d2c        0x4 /opt/local/lib/gcc/avr/4.9.1/../../../../avr/lib/avr51/libc.a(malloc.o)
                0x0000000000800d2c                __brkval
                0x0000000000800d2e                __flp
                0x0000000000800d30                PROVIDE (__bss_end, .)
                0x0000000000007298                __data_load_start = LOADADDR (.data)
                0x000000000000751a                __data_load_end = (__data_load_start + SIZEOF (.data))

.noinit         0x0000000000800d30        0x0
                0x0000000000800d30                PROVIDE (__noinit_start, .)
 *(.noinit*)
                0x0000000000800d30                PROVIDE (__noinit_end, .)
                0x0000000000800d30                _end = .
                0x0000000000800d30                PROVIDE (__heap_start, .)

.eeprom         0x0000000000810000        0x0
 *(.eeprom*)
                0x0000000000810000                __eeprom_end = .

.fuse
 *(.fuse)
 *(.lfuse)
 *(.hfuse)
 *(.efuse)

.lock
 *(.lock*)

.signature
 *(.signature*)

.stab           0x0000000000000000    0x16c44
 *(.stab)
 .stab          0x0000000000000000     0x1794 main.o
 .stab          0x0000000000001794     0x1b18 ../../../src/net/bmac/rf231_soc/bmac.o
                                       0x26c4 (size before relaxing)
 .stab          0x00000000000032ac     0x12c0 ../../../src/drivers/platform/firefly3/source/ff_basic_sensor.o
                                       0x1e3c (size before relaxing)
 .stab          0x000000000000456c      0xac8 ../../../src/drivers/platform/firefly3/source/twi_base_calls.o
                                       0x165c (size before relaxing)
 .stab          0x0000000000005034      0x4bc ../../../projects/lab3/utility/assembler.o
                                       0x1110 (size before relaxing)
 .stab          0x00000000000054f0      0x804 ../../../projects/lab3/utility/light_pool.o
                                       0x144c (size before relaxing)
 .stab          0x0000000000005cf4      0xbdc ../../../projects/lab3/utility/neighbors.o
                                       0x1824 (size before relaxing)
 .stab          0x00000000000068d0      0x8f4 ../../../projects/lab3/utility/parser.o
                                       0x153c (size before relaxing)
 .stab          0x00000000000071c4      0x4c8 ../../../projects/lab3/utility/sample_sensor.o
                                       0x1110 (size before relaxing)
 .stab          0x000000000000768c      0x7d4 ../../../projects/lab3/utility/sequence_pool.o
                                       0x141c (size before relaxing)
 .stab          0x0000000000007e60     0x225c ../../../src/radio/rf231_soc/source/basic_rf.o
                                       0x2d0c (size before relaxing)
 .stab          0x000000000000a0bc     0x174c ../../../src/platform/firefly3/source/ulib.o
                                       0x21f0 (size before relaxing)
 .stab          0x000000000000b808      0x378 ../../../src/platform/firefly3/source/hal_wait.o
                                        0xd50 (size before relaxing)
 .stab          0x000000000000bb80      0x7ec ../../../src/platform/firefly3/source/nrk_eeprom.o
                                       0x1278 (size before relaxing)
 .stab          0x000000000000c36c      0xba0 ../../../src/kernel/source/nrk.o
                                       0x16b0 (size before relaxing)
 .stab          0x000000000000cf0c      0x420 ../../../src/kernel/source/nrk_stats.o
                                        0xf54 (size before relaxing)
 .stab          0x000000000000d32c      0xba0 ../../../src/kernel/source/nrk_error.o
                                       0x16e0 (size before relaxing)
 .stab          0x000000000000decc      0x624 ../../../src/kernel/source/nrk_stack_check.o
                                       0x1158 (size before relaxing)
 .stab          0x000000000000e4f0     0x1068 ../../../src/kernel/source/nrk_events.o
                                       0x1bb4 (size before relaxing)
 .stab          0x000000000000f558     0x10e0 ../../../src/kernel/source/nrk_task.o
                                       0x1c2c (size before relaxing)
 .stab          0x0000000000010638      0x93c ../../../src/kernel/source/nrk_time.o
                                       0x1488 (size before relaxing)
 .stab          0x0000000000010f74      0x4bc ../../../src/kernel/source/nrk_idle_task.o
                                       0x1008 (size before relaxing)
 .stab          0x0000000000011430      0x9c0 ../../../src/kernel/source/nrk_scheduler.o
                                       0x150c (size before relaxing)
 .stab          0x0000000000011df0      0x870 ../../../src/kernel/source/nrk_driver.o
                                       0x13e0 (size before relaxing)
 .stab          0x0000000000012660      0x264 ../../../src/kernel/source/nrk_reserve.o
                                        0x270 (size before relaxing)
 .stab          0x00000000000128c4      0x390 ../../../src/kernel/source/nrk_sw_wdt.o
                                        0xec4 (size before relaxing)
 .stab          0x0000000000012c54     0x111c ../../../src/kernel/hal/atmega128rfa1/nrk_timer.o
                                       0x1c5c (size before relaxing)
 .stab          0x0000000000013d70      0x474 ../../../src/kernel/hal/atmega128rfa1/nrk_status.o
                                        0xf18 (size before relaxing)
 .stab          0x00000000000141e4      0xa14 ../../../src/kernel/hal/atmega128rfa1/nrk_ext_int.o
                                       0x14b8 (size before relaxing)
 .stab          0x0000000000014bf8      0x540 ../../../src/kernel/hal/atmega128rfa1/nrk_watchdog.o
                                       0x1068 (size before relaxing)
 .stab          0x0000000000015138      0x894 ../../../src/kernel/hal/atmega128rfa1/nrk_cpu.o
                                       0x13d4 (size before relaxing)
 .stab          0x00000000000159cc      0x204 ../../../src/kernel/hal/atmega128rfa1/atmel_hw_specific.o
                                        0x210 (size before relaxing)
 .stab          0x0000000000015bd0       0xcc /opt/local/lib/gcc/avr/4.9.1/avr51/libgcc.a(_muluhisi3.o)
                                         0xd8 (size before relaxing)
 .stab          0x0000000000015c9c       0xcc /opt/local/lib/gcc/avr/4.9.1/avr51/libgcc.a(_mulshisi3.o)
                                         0xd8 (size before relaxing)
 .stab          0x0000000000015d68      0x108 /opt/local/lib/gcc/avr/4.9.1/avr51/libgcc.a(_mulsi3.o)
                                        0x114 (size before relaxing)
 .stab          0x0000000000015e70      0x15c /opt/local/lib/gcc/avr/4.9.1/avr51/libgcc.a(_udivmodhi4.o)
                                        0x168 (size before relaxing)
 .stab          0x0000000000015fcc      0x138 /opt/local/lib/gcc/avr/4.9.1/avr51/libgcc.a(_divmodhi4.o)
                                        0x144 (size before relaxing)
 .stab          0x0000000000016104      0x228 /opt/local/lib/gcc/avr/4.9.1/avr51/libgcc.a(_udivmodsi4.o)
                                        0x234 (size before relaxing)
 .stab          0x000000000001632c      0x144 /opt/local/lib/gcc/avr/4.9.1/avr51/libgcc.a(_divmodsi4.o)
                                        0x150 (size before relaxing)
 .stab          0x0000000000016470      0x150 /opt/local/lib/gcc/avr/4.9.1/avr51/libgcc.a(_udivdi3.o)
                                        0x15c (size before relaxing)
 .stab          0x00000000000165c0      0x234 /opt/local/lib/gcc/avr/4.9.1/avr51/libgcc.a(_udivmod64.o)
                                        0x240 (size before relaxing)
 .stab          0x00000000000167f4       0x6c /opt/local/lib/gcc/avr/4.9.1/avr51/libgcc.a(_negsi2.o)
                                         0x78 (size before relaxing)
 .stab          0x0000000000016860       0x6c /opt/local/lib/gcc/avr/4.9.1/avr51/libgcc.a(_exit.o)
                                         0x78 (size before relaxing)
 .stab          0x00000000000168cc       0xcc /opt/local/lib/gcc/avr/4.9.1/avr51/libgcc.a(_tablejump.o)
                                         0xd8 (size before relaxing)
 .stab          0x0000000000016998       0xf0 /opt/local/lib/gcc/avr/4.9.1/avr51/libgcc.a(_copy_data.o)
                                         0xfc (size before relaxing)
 .stab          0x0000000000016a88       0xb4 /opt/local/lib/gcc/avr/4.9.1/avr51/libgcc.a(_clear_bss.o)
                                         0xc0 (size before relaxing)
 .stab          0x0000000000016b3c      0x108 /opt/local/lib/gcc/avr/4.9.1/avr51/libgcc.a(_umulhisi3.o)
                                        0x114 (size before relaxing)

.stabstr        0x0000000000000000     0xa5c7
 *(.stabstr)
 .stabstr       0x0000000000000000     0xa5c7 main.o

.stab.excl
 *(.stab.excl)

.stab.exclstr
 *(.stab.exclstr)

.stab.index
 *(.stab.index)

.stab.indexstr
 *(.stab.indexstr)

.comment        0x0000000000000000       0x11
 *(.comment)
 .comment       0x0000000000000000       0x11 main.o
                                         0x12 (size before relaxing)
 .comment       0x0000000000000011       0x12 ../../../src/net/bmac/rf231_soc/bmac.o
 .comment       0x0000000000000011       0x12 ../../../src/drivers/platform/firefly3/source/ff_basic_sensor.o
 .comment       0x0000000000000011       0x12 ../../../src/drivers/platform/firefly3/source/twi_base_calls.o
 .comment       0x0000000000000011       0x12 ../../../projects/lab3/utility/assembler.o
 .comment       0x0000000000000011       0x12 ../../../projects/lab3/utility/light_pool.o
 .comment       0x0000000000000011       0x12 ../../../projects/lab3/utility/neighbors.o
 .comment       0x0000000000000011       0x12 ../../../projects/lab3/utility/parser.o
 .comment       0x0000000000000011       0x12 ../../../projects/lab3/utility/sample_sensor.o
 .comment       0x0000000000000011       0x12 ../../../projects/lab3/utility/sequence_pool.o
 .comment       0x0000000000000011       0x12 ../../../src/radio/rf231_soc/source/basic_rf.o
 .comment       0x0000000000000011       0x12 ../../../src/platform/firefly3/source/ulib.o
 .comment       0x0000000000000011       0x12 ../../../src/platform/firefly3/source/hal_wait.o
 .comment       0x0000000000000011       0x12 ../../../src/platform/firefly3/source/nrk_eeprom.o
 .comment       0x0000000000000011       0x12 ../../../src/kernel/source/nrk.o
 .comment       0x0000000000000011       0x12 ../../../src/kernel/source/nrk_stats.o
 .comment       0x0000000000000011       0x12 ../../../src/kernel/source/nrk_error.o
 .comment       0x0000000000000011       0x12 ../../../src/kernel/source/nrk_stack_check.o
 .comment       0x0000000000000011       0x12 ../../../src/kernel/source/nrk_events.o
 .comment       0x0000000000000011       0x12 ../../../src/kernel/source/nrk_task.o
 .comment       0x0000000000000011       0x12 ../../../src/kernel/source/nrk_time.o
 .comment       0x0000000000000011       0x12 ../../../src/kernel/source/nrk_idle_task.o
 .comment       0x0000000000000011       0x12 ../../../src/kernel/source/nrk_scheduler.o
 .comment       0x0000000000000011       0x12 ../../../src/kernel/source/nrk_driver.o
 .comment       0x0000000000000011       0x12 ../../../src/kernel/source/nrk_reserve.o
 .comment       0x0000000000000011       0x12 ../../../src/kernel/source/nrk_sw_wdt.o
 .comment       0x0000000000000011       0x12 ../../../src/kernel/hal/atmega128rfa1/nrk_timer.o
 .comment       0x0000000000000011       0x12 ../../../src/kernel/hal/atmega128rfa1/nrk_status.o
 .comment       0x0000000000000011       0x12 ../../../src/kernel/hal/atmega128rfa1/nrk_ext_int.o
 .comment       0x0000000000000011       0x12 ../../../src/kernel/hal/atmega128rfa1/nrk_watchdog.o
 .comment       0x0000000000000011       0x12 ../../../src/kernel/hal/atmega128rfa1/nrk_cpu.o
 .comment       0x0000000000000011       0x12 /opt/local/lib/gcc/avr/4.9.1/../../../../avr/lib/avr51/libprintf_min.a(vfprintf_min.o)