Archive member included to satisfy reference by file (symbol)

/opt/local/lib/gcc/avr/4.9.1/../../../../avr/lib/avr51/libprintf_min.a(vfprintf_min.o)
                              (vfprintf)
/opt/local/lib/gcc/avr/4.9.1/avr51/libgcc.a(_muluhisi3.o)
                              ../../../src/radio/rf231_soc/source/basic_rf.o (__muluhisi3)
/opt/local/lib/gcc/avr/4.9.1/avr51/libgcc.a(_mulsi3.o)
                              ../../../src/kernel/source/nrk_time.o (__mulsi3)
/opt/local/lib/gcc/avr/4.9.1/avr51/libgcc.a(_udivmodhi4.o)
                              ../../../src/net/bmac/rf231_soc/bmac.o (__udivmodhi4)
/opt/local/lib/gcc/avr/4.9.1/avr51/libgcc.a(_divmodhi4.o)
                              ../../../src/net/bmac/rf231_soc/bmac.o (__divmodhi4)
/opt/local/lib/gcc/avr/4.9.1/avr51/libgcc.a(_udivmodsi4.o)
                              ../../../src/net/bmac/rf231_soc/bmac.o (__udivmodsi4)
/opt/local/lib/gcc/avr/4.9.1/avr51/libgcc.a(_udivdi3.o)
                              ../../../src/kernel/source/nrk_time.o (__udivdi3)
/opt/local/lib/gcc/avr/4.9.1/avr51/libgcc.a(_udivmod64.o)
                              /opt/local/lib/gcc/avr/4.9.1/avr51/libgcc.a(_udivdi3.o) (__udivmod64)
/opt/local/lib/gcc/avr/4.9.1/avr51/libgcc.a(_exit.o)
                              /opt/local/lib/gcc/avr/4.9.1/../../../../avr/lib/avr51/crtm128rfa1.o (exit)
/opt/local/lib/gcc/avr/4.9.1/avr51/libgcc.a(_tablejump.o)
                              ../../../src/platform/firefly3/source/ulib.o (__tablejump2__)
/opt/local/lib/gcc/avr/4.9.1/avr51/libgcc.a(_copy_data.o)
                              main.o (__do_copy_data)
/opt/local/lib/gcc/avr/4.9.1/avr51/libgcc.a(_clear_bss.o)
                              main.o (__do_clear_bss)
/opt/local/lib/gcc/avr/4.9.1/avr51/libgcc.a(_umulhisi3.o)
                              /opt/local/lib/gcc/avr/4.9.1/avr51/libgcc.a(_muluhisi3.o) (__umulhisi3)
/opt/local/lib/gcc/avr/4.9.1/../../../../avr/lib/avr51/libc.a(rand.o)
                              ../../../src/net/bmac/rf231_soc/bmac.o (rand)
/opt/local/lib/gcc/avr/4.9.1/../../../../avr/lib/avr51/libc.a(atoi.o)
                              ../../../projects/dicio/utility/parser.o (atoi)
/opt/local/lib/gcc/avr/4.9.1/../../../../avr/lib/avr51/libc.a(strchr_P.o)
                              /opt/local/lib/gcc/avr/4.9.1/../../../../avr/lib/avr51/libprintf_min.a(vfprintf_min.o) (strchr_P)
/opt/local/lib/gcc/avr/4.9.1/../../../../avr/lib/avr51/libc.a(memcpy.o)
                              ../../../src/radio/rf231_soc/source/basic_rf.o (memcpy)
/opt/local/lib/gcc/avr/4.9.1/../../../../avr/lib/avr51/libc.a(mul10.o)
                              /opt/local/lib/gcc/avr/4.9.1/../../../../avr/lib/avr51/libc.a(atoi.o) (__mulhi_const_10)
/opt/local/lib/gcc/avr/4.9.1/../../../../avr/lib/avr51/libc.a(fdevopen.o)
                              ../../../src/platform/firefly3/source/ulib.o (fdevopen)
/opt/local/lib/gcc/avr/4.9.1/../../../../avr/lib/avr51/libc.a(fgetc.o)
                              main.o (fgetc)
/opt/local/lib/gcc/avr/4.9.1/../../../../avr/lib/avr51/libc.a(fputc.o)
                              ../../../src/platform/firefly3/source/ulib.o (fputc)
/opt/local/lib/gcc/avr/4.9.1/../../../../avr/lib/avr51/libc.a(iob.o)
                              main.o (__iob)
/opt/local/lib/gcc/avr/4.9.1/../../../../avr/lib/avr51/libc.a(printf.o)
                              main.o (printf)
/opt/local/lib/gcc/avr/4.9.1/../../../../avr/lib/avr51/libc.a(putchar.o)
                              main.o (putchar)
/opt/local/lib/gcc/avr/4.9.1/../../../../avr/lib/avr51/libc.a(puts.o)
                              ../../../projects/dicio/utility/neighbors.o (puts)
/opt/local/lib/gcc/avr/4.9.1/../../../../avr/lib/avr51/libc.a(sprintf.o)
                              ../../../projects/dicio/utility/assembler.o (sprintf)
/opt/local/lib/gcc/avr/4.9.1/../../../../avr/lib/avr51/libc.a(ultoa_invert.o)
                              /opt/local/lib/gcc/avr/4.9.1/../../../../avr/lib/avr51/libprintf_min.a(vfprintf_min.o) (__ultoa_invert)
/opt/local/lib/gcc/avr/4.9.1/../../../../avr/lib/avr51/libc.a(eerd_byte_atmega128rfa1.o)
                              ../../../src/platform/firefly3/source/nrk_eeprom.o (__eerd_byte_m128rfa1)
/opt/local/lib/gcc/avr/4.9.1/../../../../avr/lib/avr51/libc.a(eewr_byte_atmega128rfa1.o)
                              ../../../src/platform/firefly3/source/nrk_eeprom.o (__eewr_byte_m128rfa1)
/opt/local/lib/gcc/avr/4.9.1/../../../../avr/lib/avr51/libc.a(calloc.o)
                              /opt/local/lib/gcc/avr/4.9.1/../../../../avr/lib/avr51/libc.a(fdevopen.o) (calloc)
/opt/local/lib/gcc/avr/4.9.1/../../../../avr/lib/avr51/libc.a(malloc.o)
                              /opt/local/lib/gcc/avr/4.9.1/../../../../avr/lib/avr51/libc.a(calloc.o) (malloc)
/opt/local/lib/gcc/avr/4.9.1/../../../../avr/lib/avr51/libc.a(memset.o)
                              /opt/local/lib/gcc/avr/4.9.1/../../../../avr/lib/avr51/libc.a(calloc.o) (memset)
[...]
Memory Configuration

Name             Origin             Length             Attributes
text             0x0000000000000000 0x0000000000020000 xr
data             0x0000000000800100 0x000000000000ff00 rw !x
eeprom           0x0000000000810000 0x0000000000010000 rw !x
fuse             0x0000000000820000 0x0000000000000400 rw !x
lock             0x0000000000830000 0x0000000000000400 rw !x
signature        0x0000000000840000 0x0000000000000400 rw !x
*default*        0x0000000000000000 0xffffffffffffffff

Linker script and memory map

Address of section .data set to 0x800200
LOAD /opt/local/lib/gcc/avr/4.9.1/../../../../avr/lib/avr51/crtm128rfa1.o
LOAD main.o
LOAD ../../../src/net/bmac/rf231_soc/bmac.o
LOAD ../../../projects/dicio/utility/assembler.o
LOAD ../../../projects/dicio/utility/light_pool.o
LOAD ../../../projects/dicio/utility/neighbors.o
LOAD ../../../projects/dicio/utility/parser.o
LOAD ../../../projects/dicio/utility/packet_queue.o
LOAD ../../../projects/dicio/utility/sequence_pool.o
LOAD ../../../src/radio/rf231_soc/source/basic_rf.o
LOAD ../../../src/platform/firefly3/source/ulib.o
LOAD ../../../src/platform/firefly3/source/hal_wait.o
LOAD ../../../src/platform/firefly3/source/nrk_eeprom.o
LOAD ../../../src/kernel/source/nrk.o
LOAD ../../../src/kernel/source/nrk_stats.o
LOAD ../../../src/kernel/source/nrk_error.o
LOAD ../../../src/kernel/source/nrk_stack_check.o
LOAD ../../../src/kernel/source/nrk_events.o
LOAD ../../../src/kernel/source/nrk_task.o
LOAD ../../../src/kernel/source/nrk_time.o
LOAD ../../../src/kernel/source/nrk_idle_task.o
LOAD ../../../src/kernel/source/nrk_scheduler.o
LOAD ../../../src/kernel/source/nrk_driver.o
LOAD ../../../src/kernel/source/nrk_reserve.o
LOAD ../../../src/kernel/source/nrk_sw_wdt.o
LOAD ../../../src/kernel/hal/atmega128rfa1/nrk_timer.o
LOAD ../../../src/kernel/hal/atmega128rfa1/nrk_status.o
LOAD ../../../src/kernel/hal/atmega128rfa1/nrk_ext_int.o
LOAD ../../../src/kernel/hal/atmega128rfa1/nrk_watchdog.o
LOAD ../../../src/kernel/hal/atmega128rfa1/nrk_cpu.o
LOAD ../../../src/kernel/hal/atmega128rfa1/atmel_hw_specific.o
LOAD /opt/local/lib/gcc/avr/4.9.1/../../../../avr/lib/avr51/libprintf_min.a
LOAD /opt/local/lib/gcc/avr/4.9.1/../../../../avr/lib/avr51/libm.a
START GROUP
LOAD /opt/local/lib/gcc/avr/4.9.1/avr51/libgcc.a
LOAD /opt/local/lib/gcc/avr/4.9.1/../../../../avr/lib/avr51/libm.a
LOAD /opt/local/lib/gcc/avr/4.9.1/../../../../avr/lib/avr51/libc.a
END GROUP

.hash
 *(.hash)

.dynsym
 *(.dynsym)

.dynstr
 *(.dynstr)

.gnu.version
 *(.gnu.version)

.gnu.version_d
 *(.gnu.version_d)

.gnu.version_r
 *(.gnu.version_r)

.rel.init
 *(.rel.init)

.rela.init
 *(.rela.init)

.rel.text
 *(.rel.text)
 *(.rel.text.*)
 *(.rel.gnu.linkonce.t*)

.rela.text
 *(.rela.text)
 *(.rela.text.*)
 *(.rela.gnu.linkonce.t*)

.rel.fini
 *(.rel.fini)

.rela.fini
 *(.rela.fini)

.rel.rodata
 *(.rel.rodata)
 *(.rel.rodata.*)
 *(.rel.gnu.linkonce.r*)

.rela.rodata
 *(.rela.rodata)
 *(.rela.rodata.*)
 *(.rela.gnu.linkonce.r*)

.rel.data
 *(.rel.data)
 *(.rel.data.*)
 *(.rel.gnu.linkonce.d*)

.rela.data
 *(.rela.data)
 *(.rela.data.*)
 *(.rela.gnu.linkonce.d*)

.rel.ctors
 *(.rel.ctors)

.rela.ctors
 *(.rela.ctors)

.rel.dtors
 *(.rel.dtors)

.rela.dtors
 *(.rela.dtors)

.rel.got
 *(.rel.got)

.rela.got
 *(.rela.got)

.rel.bss
 *(.rel.bss)

.rela.bss
 *(.rela.bss)

.rel.plt
 *(.rel.plt)

.rela.plt
 *(.rela.plt)

.text           0x0000000000000000     0x6ab8
 *(.vectors)
 .vectors       0x0000000000000000      0x120 /opt/local/lib/gcc/avr/4.9.1/../../../../avr/lib/avr51/crtm128rfa1.o
                0x0000000000000000                __vectors
 *(.vectors)
 *(.progmem.gcc*)
 .progmem.gcc_sw_table
                0x0000000000000120       0x54 ../../../src/platform/firefly3/source/ulib.o
 .progmem.gcc_sw_table
                0x0000000000000174       0x40 ../../../src/kernel/source/nrk_error.o
                0x00000000000001b4                . = ALIGN (0x2)
                0x00000000000001b4                __trampolines_start = .
 *(.trampolines)
 .trampolines   0x00000000000001b4        0x0 linker stubs
 *(.trampolines*)
                0x00000000000001b4                __trampolines_end = .
 *(.progmem*)
 .progmem.data  0x00000000000001b4       0x7a main.o
 .progmem.data  0x000000000000022e       0xdf ../../../src/net/bmac/rf231_soc/bmac.o
 .progmem.data  0x000000000000030d       0x1a ../../../projects/dicio/utility/light_pool.o
 .progmem.data  0x0000000000000327       0x14 ../../../projects/dicio/utility/neighbors.o
 .progmem.data  0x000000000000033b       0x15 ../../../src/platform/firefly3/source/ulib.o
 .progmem.data  0x0000000000000350      0x238 ../../../src/kernel/source/nrk_error.o
 .progmem.data  0x0000000000000588        0xf ../../../src/kernel/source/nrk_stack_check.o
 .progmem.data  0x0000000000000597       0x17 /opt/local/lib/gcc/avr/4.9.1/../../../../avr/lib/avr51/libprintf_min.a(vfprintf_min.o)
                0x00000000000005ae                . = ALIGN (0x2)
 *(.jumptables)
 *(.jumptables*)
 *(.lowtext)
 *(.lowtext*)
                0x00000000000005ae                __ctors_start = .
 *(.ctors)
                0x00000000000005ae                __ctors_end = .
                0x00000000000005ae                __dtors_start = .
 *(.dtors)
                0x00000000000005ae                __dtors_end = .
 SORT(*)(.ctors)
 SORT(*)(.dtors)
 *(.init0)
 .init0         0x00000000000005ae        0x0 /opt/local/lib/gcc/avr/4.9.1/../../../../avr/lib/avr51/crtm128rfa1.o
                0x00000000000005ae                __init
 *(.init0)
 *(.init1)
 *(.init1)
 *(.init2)
 .init2         0x00000000000005ae        0xc /opt/local/lib/gcc/avr/4.9.1/../../../../avr/lib/avr51/crtm128rfa1.o
 *(.init2)
 *(.init3)
 *(.init3)
 *(.init4)
 .init4         0x00000000000005ba       0x1a /opt/local/lib/gcc/avr/4.9.1/avr51/libgcc.a(_copy_data.o)
                0x00000000000005ba                __do_copy_data
 .init4         0x00000000000005d4       0x10 /opt/local/lib/gcc/avr/4.9.1/avr51/libgcc.a(_clear_bss.o)
                0x00000000000005d4                __do_clear_bss
 *(.init4)
 *(.init5)
 *(.init5)
 *(.init6)
 *(.init6)
 *(.init7)
 *(.init7)
 *(.init8)
 *(.init8)
 *(.init9)
 .init9         0x00000000000005e4        0x8 /opt/local/lib/gcc/avr/4.9.1/../../../../avr/lib/avr51/crtm128rfa1.o
 *(.init9)
 *(.text)
 .text          0x00000000000005ec        0x4 /opt/local/lib/gcc/avr/4.9.1/../../../../avr/lib/avr51/crtm128rfa1.o
                0x00000000000005ec                __vector_65
                0x00000000000005ec                __vector_22
                0x00000000000005ec                __vector_28
                0x00000000000005ec                __vector_67
                0x00000000000005ec                __vector_71
                0x00000000000005ec                __vector_34
                0x00000000000005ec                __vector_24
                0x00000000000005ec                __vector_12
                0x00000000000005ec                __vector_55
                0x00000000000005ec                __vector_69
                0x00000000000005ec                __vector_46
                0x00000000000005ec                __bad_interrupt
                0x00000000000005ec                __vector_6
                0x00000000000005ec                __vector_31
                0x00000000000005ec                __vector_35
                0x00000000000005ec                __vector_39
                0x00000000000005ec                __vector_23
                0x00000000000005ec                __vector_68
                0x00000000000005ec                __vector_30
                0x00000000000005ec                __vector_45
                0x00000000000005ec                __vector_11
                0x00000000000005ec                __vector_54
                0x00000000000005ec                __vector_17
                0x00000000000005ec                __vector_19
                0x00000000000005ec                __vector_56
                0x00000000000005ec                __vector_7
                0x00000000000005ec                __vector_49
                0x00000000000005ec                __vector_41
                0x00000000000005ec                __vector_43
                0x00000000000005ec                __vector_27
                0x00000000000005ec                __vector_5
                0x00000000000005ec                __vector_33
                0x00000000000005ec                __vector_47
                0x00000000000005ec                __vector_52
                0x00000000000005ec                __vector_37
                0x00000000000005ec                __vector_4
                0x00000000000005ec                __vector_44
                0x00000000000005ec                __vector_51
                0x00000000000005ec                __vector_21
                0x00000000000005ec                __vector_66
                0x00000000000005ec                __vector_36
                0x00000000000005ec                __vector_70
                0x00000000000005ec                __vector_29
                0x00000000000005ec                __vector_40
                0x00000000000005ec                __vector_8
                0x00000000000005ec                __vector_26
                0x00000000000005ec                __vector_48
                0x00000000000005ec                __vector_14
                0x00000000000005ec                __vector_53
                0x00000000000005ec                __vector_10
                0x00000000000005ec                __vector_50
                0x00000000000005ec                __vector_16
                0x00000000000005ec                __vector_18
                0x00000000000005ec                __vector_20
                0x00000000000005ec                __vector_42
                0x00000000000005ec                __vector_38
 .text          0x00000000000005f0      0x86c main.o
                0x00000000000005f0                rx_node_task
                0x0000000000000736                tx_cmd_task
                0x0000000000000876                tx_node_task
                0x00000000000009b0                tx_serv_task
                0x0000000000000a6c                clear_serv_buf
                0x0000000000000a88                get_server_input
                0x0000000000000b26                rx_serv_task
                0x0000000000000bfa                clear_tx_buf
                0x0000000000000c16                nrk_create_taskset
 .text          0x0000000000000e5c      0x724 ../../../src/net/bmac/rf231_soc/bmac.o
                0x0000000000000e5c                rf_rx_callback
                0x0000000000000e5e                bmac_encryption_set_ctr_counter
                0x0000000000000e6e                bmac_tx_reserve_set
                0x0000000000000e72                bmac_tx_reserve_get
                0x0000000000000e78                bmac_auto_ack_disable
                0x0000000000000e80                bmac_auto_ack_enable
                0x0000000000000e88                bmac_addr_decode_disable
                0x0000000000000e90                bmac_addr_decode_enable
                0x0000000000000e98                bmac_addr_decode_set_my_mac
                0x0000000000000ea0                bmac_addr_decode_dest_mac
                0x0000000000000eac                bmac_rx_pkt_is_encrypted
                0x0000000000000eb2                bmac_encryption_set_key
                0x0000000000000ec2                bmac_encryption_enable
                0x0000000000000ec6                bmac_encryption_disable
                0x0000000000000eca                bmac_set_rf_power
                0x0000000000000eda                bmac_set_cca_active
                0x0000000000000ee0                bmac_set_cca_thresh
                0x0000000000000eee                bmac_set_channel
                0x0000000000000f26                bmac_wait_until_rx_pkt
                0x0000000000000f7a                bmac_rx_pkt_set_buffer
                0x0000000000000f96                bmac_init
                0x0000000000001080                bmac_tx_pkt_nonblocking
                0x00000000000010a2                bmac_get_rx_pkt_signal
                0x00000000000010b0                bmac_get_tx_done_signal
                0x00000000000010be                bmac_tx_pkt
                0x000000000000115a                bmac_rx_pkt_get
                0x000000000000118a                bmac_rx_pkt_ready
                0x0000000000001196                bmac_rx_pkt_release
                0x000000000000119e                bmac_disable
                0x00000000000011a6                bmac_enable
                0x00000000000011b8                bmac_set_rx_check_rate
                0x000000000000123e                bmac_started
                0x0000000000001244                _bmac_channel_check
                0x000000000000126c                _bmac_rx
                0x00000000000012fc                bmac_rx_failure_count_get
                0x0000000000001306                bmac_rx_failure_count_reset
                0x000000000000131a                _b_pow
                0x0000000000001338                _bmac_tx
                0x0000000000001448                bmac_nw_task
                0x0000000000001516                bmac_task_config
 .text          0x0000000000001580      0x13a ../../../projects/dicio/utility/assembler.o
                0x0000000000001580                assemble_serv_packet
                0x000000000000161a                assemble_packet
 .text          0x00000000000016ba      0x150 ../../../projects/dicio/utility/light_pool.o
                0x00000000000016ba                in_light_pool
                0x00000000000016d6                get_light_pool_index
                0x00000000000016f2                add_to_light_pool
                0x000000000000174c                update_light_pool
                0x000000000000179c                print_light_pool
 .text          0x000000000000180a      0x2b8 ../../../projects/dicio/utility/neighbors.o
                0x000000000000180a                init_neighbor_table
                0x0000000000001816                in_neighbor_table
                0x0000000000001834                add_neighbor
                0x000000000000188e                get_neighbor_table_index
                0x00000000000018a8                print_neighbor_table
                0x0000000000001930                in_neighbor_graph
                0x0000000000001954                get_neighbor_graph_index
                0x000000000000197a                add_to_neighbor_graph
                0x00000000000019d0                update_neighbor_graph
                0x0000000000001a4a                print_neighbor_graph
 .text          0x0000000000001ac2      0x24a ../../../projects/dicio/utility/parser.o
                0x0000000000001ac2                print_packet
                0x0000000000001b90                parse_serv_msg
                0x0000000000001c96                parse_msg
 .text          0x0000000000001d0c      0x1da ../../../projects/dicio/utility/packet_queue.o
                0x0000000000001d0c                packet_queue_init
                0x0000000000001d1e                push
                0x0000000000001dae                pop
 .text          0x0000000000001ee6       0xec ../../../projects/dicio/utility/sequence_pool.o
                0x0000000000001ee6                in_sequence_pool
                0x0000000000001f02                get_sequence_pool_index
                0x0000000000001f1e                get_sequence_number
                0x0000000000001f46                add_to_sequence_pool
                0x0000000000001fa0                update_sequence_pool
 .text          0x0000000000001fd2      0xb2c ../../../src/radio/rf231_soc/source/basic_rf.o
                0x0000000000001fe2                rf_enable_glossy
                0x0000000000001fea                rf_disable_glossy
                0x0000000000001ff0                rf_power_down
                0x000000000000203c                rf_power_up
                0x0000000000002068                rf_tx_power
                0x000000000000207c                rf_addr_decode_enable
                0x0000000000002088                rf_addr_decode_disable
                0x0000000000002094                rf_auto_ack_enable
                0x00000000000020a0                rf_auto_ack_disable
                0x00000000000020ac                rf_addr_decode_set_my_mac
                0x00000000000020be                rf_set_rx
                0x00000000000020d8                rx_start_callback
                0x00000000000020e2                rx_end_callback
                0x00000000000020ec                rf_init
                0x00000000000021cc                rf_rx_on
                0x00000000000021d2                rf_polling_rx_on
                0x00000000000021d8                rf_rx_off
                0x00000000000021e4                rf_tx_packet_repeat
                0x0000000000002484                rf_tx_packet
                0x000000000000248c                rf_cca_check
                0x00000000000024f0                rf_rx_packet_nonblock
                0x000000000000263e                __vector_64
                0x000000000000265c                __vector_63
                0x0000000000002680                __vector_62
                0x000000000000269e                __vector_61
                0x00000000000026bc                __vector_59
                0x000000000000271c                __vector_58
                0x000000000000273a                __vector_57
                0x0000000000002758                rf_set_cca_thresh
                0x000000000000276c                rf_security_last_pkt_status
                0x0000000000002770                rf_security_set_ctr_counter
                0x0000000000002772                rf_security_set_key
                0x0000000000002774                rf_security_disable
                0x0000000000002776                rf_tx_tdma_packet
                0x000000000000277a                rf_get_sem
                0x0000000000002784                rf_rx_packet
                0x0000000000002788                rf_flush_rx_fifo
                0x000000000000278a                rf_busy
                0x000000000000278e                rf_rx_check_fifop
                0x0000000000002792                rf_rx_check_sfd
                0x0000000000002796                rf_carrier_on
                0x0000000000002798                rf_carrier_off
                0x000000000000279a                rf_test_mode
                0x000000000000279c                rf_data_mode
                0x000000000000279e                rf_rx_set_serial
                0x00000000000027a0                rf_tx_set_serial
                0x00000000000027a2                rf_set_preamble_length
                0x00000000000027a4                rf_set_cca_mode
                0x00000000000027a6                rf_cc2591_tx_on
                0x00000000000027c2                rf_cc2591_rx_on
                0x00000000000027de                rf_glossy_interrupt
                0x00000000000028b8                __vector_60
                0x0000000000002950                aes_setkey
                0x0000000000002994                aes_encrypt
                0x0000000000002a32                aes_decrypt
 .text          0x0000000000002afe      0x90a ../../../src/platform/firefly3/source/ulib.o
                0x0000000000002afe                putc0
                0x0000000000002b16                __vector_25
                0x0000000000002bbc                nrk_uart_data_ready
                0x0000000000002bee                nrk_uart_rx_signal_get
                0x0000000000002c02                nrk_kprintf
                0x0000000000002c2c                getc0
                0x0000000000002c96                PORT_INIT
                0x0000000000002caa                nrk_setup_ports
                0x0000000000002cae                nrk_gpio_set
                0x0000000000002d90                nrk_gpio_clr
                0x0000000000002e64                nrk_gpio_get
                0x0000000000002eb8                nrk_gpio_toggle
                0x00000000000030ce                nrk_gpio_direction
                0x0000000000003282                nrk_get_button
                0x0000000000003296                nrk_led_toggle
                0x00000000000032c4                nrk_led_clr
                0x00000000000032f2                nrk_led_set
                0x0000000000003320                nrk_gpio_pullups
                0x0000000000003334                putc1
                0x0000000000003342                setup_uart0
                0x000000000000336c                setup_uart1
                0x0000000000003396                nrk_setup_uart
                0x00000000000033f0                getc1
 .text          0x0000000000003408        0xe ../../../src/platform/firefly3/source/hal_wait.o
                0x0000000000003408                halWait
 .text          0x0000000000003416      0x13e ../../../src/platform/firefly3/source/nrk_eeprom.o
                0x0000000000003416                nrk_eeprom_read_byte
                0x000000000000341a                nrk_eeprom_write_byte
                0x0000000000003420                read_eeprom_mac_address
                0x000000000000348c                read_eeprom_channel
                0x00000000000034a4                write_eeprom_load_img_pages
                0x00000000000034b4                read_eeprom_load_img_pages
                0x00000000000034cc                read_eeprom_aes_key
                0x00000000000034fc                write_eeprom_aes_key
                0x000000000000352c                read_eeprom_current_image_checksum
                0x0000000000003544                write_eeprom_current_image_checksum
 .text          0x0000000000003554      0x364 ../../../src/kernel/source/nrk.o
                0x0000000000003554                nrk_int_disable
                0x0000000000003558                nrk_int_enable
                0x000000000000355c                nrk_halt
                0x0000000000003562                nrk_init
                0x00000000000036c0                nrk_start
                0x0000000000003742                nrk_TCB_init
                0x00000000000038ae                _nrk_timer_tick
                0x00000000000038b2                nrk_version
 .text          0x00000000000038b8        0x0 ../../../src/kernel/source/nrk_stats.o
 .text          0x00000000000038b8      0x2ea ../../../src/kernel/source/nrk_error.o
                0x00000000000038b8                _nrk_errno_set
                0x00000000000038c4                nrk_errno_get
                0x00000000000038d0                nrk_error_get
                0x00000000000038e8                nrk_error_print
                0x00000000000039fe                nrk_error_add
                0x0000000000003a14                nrk_kernel_error_add
                0x0000000000003a20                pause
                0x0000000000003a4a                blink_dash
                0x0000000000003a6a                blink_dot
                0x0000000000003a82                blink_morse_code_error
 .text          0x0000000000003ba2      0x1da ../../../src/kernel/source/nrk_stack_check.o
                0x0000000000003ba2                dump_stack_info
                0x0000000000003cfc                nrk_stack_check
                0x0000000000003d46                nrk_stack_check_pid
 .text          0x0000000000003d7c      0x630 ../../../src/kernel/source/nrk_events.o
                0x0000000000003d7c                nrk_signal_create
                0x0000000000003dee                nrk_signal_get_registered_mask
                0x0000000000003e00                nrk_signal_delete
                0x0000000000003f1e                nrk_signal_unregister
                0x0000000000003f9c                nrk_signal_register
                0x0000000000004000                nrk_event_signal
                0x00000000000040e2                nrk_event_wait
                0x0000000000004156                nrk_sem_create
                0x0000000000004198                nrk_get_resource_index
                0x00000000000041b8                nrk_sem_query
                0x00000000000041ec                nrk_sem_pend
                0x00000000000042aa                nrk_sem_post
                0x0000000000004366                nrk_sem_delete
 .text          0x00000000000043ac      0x6a4 ../../../src/kernel/source/nrk_task.o
                0x00000000000043ac                nrk_get_high_ready_task_ID
                0x00000000000043b8                nrk_print_readyQ
                0x00000000000043ce                nrk_add_to_readyQ
                0x000000000000452e                nrk_rem_from_readyQ
                0x00000000000045ce                nrk_activate_task
                0x0000000000004664                nrk_set_next_wakeup
                0x00000000000046de                _nrk_wait_for_scheduler
                0x00000000000046f2                nrk_wait_until_next_period
                0x0000000000004746                nrk_terminate_task
                0x0000000000004768                nrk_wait_until_next_n_periods
                0x00000000000047c8                nrk_wait_ticks
                0x0000000000004840                nrk_wait_until_ticks
                0x000000000000489e                nrk_wait_until_nw
                0x00000000000048ea                nrk_wait
                0x0000000000004998                nrk_wait_until
                0x0000000000004a44                nrk_get_pid
 .text          0x0000000000004a50      0x514 ../../../src/kernel/source/nrk_time.o
                0x0000000000004a50                nrk_time_get
                0x0000000000004b0a                nrk_time_sub
                0x0000000000004c22                nrk_time_compact_nanos
                0x0000000000004c64                nrk_time_add
                0x0000000000004d1a                nrk_time_set
                0x0000000000004d30                _nrk_time_to_ticks
                0x0000000000004e1a                _nrk_ticks_to_time
                0x0000000000004e88                _nrk_time_to_ticks_long
 .text          0x0000000000004f64       0x34 ../../../src/kernel/source/nrk_idle_task.o
                0x0000000000004f64                nrk_idle_task
 .text          0x0000000000004f98      0x54a ../../../src/kernel/source/nrk_scheduler.o
                0x0000000000004f98                _nrk_scheduler
 .text          0x00000000000054e2        0x0 ../../../src/kernel/source/nrk_driver.o
 .text          0x00000000000054e2        0x0 ../../../src/kernel/source/nrk_reserve.o
 .text          0x00000000000054e2        0x0 ../../../src/kernel/source/nrk_sw_wdt.o
 .text          0x00000000000054e2      0x394 ../../../src/kernel/hal/atmega128rfa1/nrk_timer.o
                0x00000000000054e2                nrk_spin_wait_us
                0x0000000000005500                _nrk_precision_os_timer_stop
                0x0000000000005506                _nrk_precision_os_timer_start
                0x000000000000551a                _nrk_precision_os_timer_reset
                0x0000000000005524                _nrk_precision_os_timer_get
                0x0000000000005548                _nrk_high_speed_timer_stop
                0x000000000000554e                _nrk_high_speed_timer_start
                0x0000000000005556                _nrk_high_speed_timer_reset
                0x0000000000005566                _nrk_high_speed_timer_get
                0x000000000000558a                nrk_high_speed_timer_wait
                0x00000000000055ea                _nrk_os_timer_stop
                0x0000000000005600                _nrk_os_timer_set
                0x0000000000005606                _nrk_os_timer_start
                0x0000000000005618                _nrk_os_timer_reset
                0x000000000000562c                _nrk_setup_timer
                0x00000000000056b2                _nrk_get_next_wakeup
                0x00000000000056ba                _nrk_set_next_wakeup
                0x00000000000056c2                nrk_timer_int_stop
                0x00000000000056ce                nrk_timer_int_reset
                0x00000000000056e2                nrk_timer_int_read
                0x00000000000056f6                nrk_timer_int_start
                0x0000000000005708                nrk_timer_int_configure
                0x000000000000577e                _nrk_os_timer_get
                0x0000000000005784                __vector_default
                0x0000000000005798                __vector_13
                0x0000000000005798                __vector_15
                0x00000000000057fe                __vector_32
                0x0000000000005862                SIG_OUTPUT_COMPARE1A
 .text          0x0000000000005876       0x4c ../../../src/kernel/hal/atmega128rfa1/nrk_status.o
                0x0000000000005876                _nrk_startup_error
 .text          0x00000000000058c2      0x3a8 ../../../src/kernel/hal/atmega128rfa1/nrk_ext_int.o
                0x00000000000058c2                nrk_ext_int_enable
                0x0000000000005944                nrk_ext_int_disable
                0x00000000000059c6                nrk_ext_int_configure
                0x0000000000005ada                __vector_9
                0x0000000000005b3e                __vector_1
                0x0000000000005ba2                __vector_2
                0x0000000000005c06                __vector_3
 .text          0x0000000000005c6a       0x4c ../../../src/kernel/hal/atmega128rfa1/nrk_watchdog.o
                0x0000000000005c6a                nrk_watchdog_disable
                0x0000000000005c86                nrk_watchdog_enable
                0x0000000000005ca4                nrk_watchdog_check
                0x0000000000005cb2                nrk_watchdog_reset
 .text          0x0000000000005cb6      0x124 ../../../src/kernel/hal/atmega128rfa1/nrk_cpu.o
                0x0000000000005cb6                nrk_battery_save
                0x0000000000005cb8                nrk_sleep
                0x0000000000005cd0                nrk_idle
                0x0000000000005ce6                nrk_task_set_entry_function
                0x0000000000005cee                nrk_task_set_stk
                0x0000000000005d2a                nrk_task_stk_init
                0x0000000000005da6                nrk_stack_pointer_init
                0x0000000000005dc4                nrk_stack_pointer_restore
                0x0000000000005dd2                nrk_target_start
 .text          0x0000000000005dda       0x56 ../../../src/kernel/hal/atmega128rfa1/atmel_hw_specific.o
                0x0000000000005dda                nrk_start_high_ready_task
 .text          0x0000000000005e30        0x0 /opt/local/lib/gcc/avr/4.9.1/../../../../avr/lib/avr51/libprintf_min.a(vfprintf_min.o)
 .text          0x0000000000005e30        0x0 /opt/local/lib/gcc/avr/4.9.1/avr51/libgcc.a(_muluhisi3.o)
 .text          0x0000000000005e30        0x0 /opt/local/lib/gcc/avr/4.9.1/avr51/libgcc.a(_mulsi3.o)
 .text          0x0000000000005e30        0x0 /opt/local/lib/gcc/avr/4.9.1/avr51/libgcc.a(_udivmodhi4.o)
 .text          0x0000000000005e30        0x0 /opt/local/lib/gcc/avr/4.9.1/avr51/libgcc.a(_divmodhi4.o)
 .text          0x0000000000005e30        0x0 /opt/local/lib/gcc/avr/4.9.1/avr51/libgcc.a(_udivmodsi4.o)
 .text          0x0000000000005e30        0x0 /opt/local/lib/gcc/avr/4.9.1/avr51/libgcc.a(_udivdi3.o)
 .text          0x0000000000005e30        0x0 /opt/local/lib/gcc/avr/4.9.1/avr51/libgcc.a(_udivmod64.o)
 .text          0x0000000000005e30        0x0 /opt/local/lib/gcc/avr/4.9.1/avr51/libgcc.a(_exit.o)
 .text          0x0000000000005e30        0x0 /opt/local/lib/gcc/avr/4.9.1/avr51/libgcc.a(_tablejump.o)
 .text          0x0000000000005e30        0x0 /opt/local/lib/gcc/avr/4.9.1/avr51/libgcc.a(_copy_data.o)
 .text          0x0000000000005e30        0x0 /opt/local/lib/gcc/avr/4.9.1/avr51/libgcc.a(_clear_bss.o)
 .text          0x0000000000005e30        0x0 /opt/local/lib/gcc/avr/4.9.1/avr51/libgcc.a(_umulhisi3.o)
 .text          0x0000000000005e30        0x0 /opt/local/lib/gcc/avr/4.9.1/../../../../avr/lib/avr51/libc.a(rand.o)
 .text          0x0000000000005e30        0x0 /opt/local/lib/gcc/avr/4.9.1/../../../../avr/lib/avr51/libc.a(atoi.o)
 .text          0x0000000000005e30        0x0 /opt/local/lib/gcc/avr/4.9.1/../../../../avr/lib/avr51/libc.a(strchr_P.o)
 .text          0x0000000000005e30        0x0 /opt/local/lib/gcc/avr/4.9.1/../../../../avr/lib/avr51/libc.a(memcpy.o)
 .text          0x0000000000005e30        0x0 /opt/local/lib/gcc/avr/4.9.1/../../../../avr/lib/avr51/libc.a(mul10.o)
 .text          0x0000000000005e30        0x0 /opt/local/lib/gcc/avr/4.9.1/../../../../avr/lib/avr51/libc.a(fdevopen.o)
 .text          0x0000000000005e30        0x0 /opt/local/lib/gcc/avr/4.9.1/../../../../avr/lib/avr51/libc.a(fgetc.o)
 .text          0x0000000000005e30        0x0 /opt/local/lib/gcc/avr/4.9.1/../../../../avr/lib/avr51/libc.a(fputc.o)
 .text          0x0000000000005e30        0x0 /opt/local/lib/gcc/avr/4.9.1/../../../../avr/lib/avr51/libc.a(iob.o)
 .text          0x0000000000005e30        0x0 /opt/local/lib/gcc/avr/4.9.1/../../../../avr/lib/avr51/libc.a(printf.o)
 .text          0x0000000000005e30        0x0 /opt/local/lib/gcc/avr/4.9.1/../../../../avr/lib/avr51/libc.a(putchar.o)
 .text          0x0000000000005e30        0x0 /opt/local/lib/gcc/avr/4.9.1/../../../../avr/lib/avr51/libc.a(puts.o)
 .text          0x0000000000005e30        0x0 /opt/local/lib/gcc/avr/4.9.1/../../../../avr/lib/avr51/libc.a(sprintf.o)
 .text          0x0000000000005e30        0x0 /opt/local/lib/gcc/avr/4.9.1/../../../../avr/lib/avr51/libc.a(ultoa_invert.o)
 .text          0x0000000000005e30        0x0 /opt/local/lib/gcc/avr/4.9.1/../../../../avr/lib/avr51/libc.a(eerd_byte_atmega128rfa1.o)
 .text          0x0000000000005e30        0x0 /opt/local/lib/gcc/avr/4.9.1/../../../../avr/lib/avr51/libc.a(eewr_byte_atmega128rfa1.o)
 .text          0x0000000000005e30        0x0 /opt/local/lib/gcc/avr/4.9.1/../../../../avr/lib/avr51/libc.a(calloc.o)
 .text          0x0000000000005e30        0x0 /opt/local/lib/gcc/avr/4.9.1/../../../../avr/lib/avr51/libc.a(malloc.o)
 .text          0x0000000000005e30        0x0 /opt/local/lib/gcc/avr/4.9.1/../../../../avr/lib/avr51/libc.a(memset.o)
 .text          0x0000000000005e30        0x0 /opt/local/lib/gcc/avr/4.9.1/avr51/libgcc.a(_mulshisi3.o)
 .text          0x0000000000005e30        0x0 /opt/local/lib/gcc/avr/4.9.1/avr51/libgcc.a(_divmodsi4.o)
 .text          0x0000000000005e30        0x0 /opt/local/lib/gcc/avr/4.9.1/avr51/libgcc.a(_negsi2.o)
                0x0000000000005e30                . = ALIGN (0x2)
 *(.text.*)
 .text.startup  0x0000000000005e30       0xd0 main.o
                0x0000000000005e30                main
 .text.avr-libc
                0x0000000000005f00      0x28e /opt/local/lib/gcc/avr/4.9.1/../../../../avr/lib/avr51/libprintf_min.a(vfprintf_min.o)
                0x0000000000005f00                vfprintf
 .text.libgcc.mul
                0x000000000000618e       0x16 /opt/local/lib/gcc/avr/4.9.1/avr51/libgcc.a(_muluhisi3.o)
                0x000000000000618e                __muluhisi3
 .text.libgcc.div
                0x00000000000061a4        0x0 /opt/local/lib/gcc/avr/4.9.1/avr51/libgcc.a(_muluhisi3.o)
 .text.libgcc   0x00000000000061a4        0x0 /opt/local/lib/gcc/avr/4.9.1/avr51/libgcc.a(_muluhisi3.o)
 .text.libgcc.prologue
                0x00000000000061a4        0x0 /opt/local/lib/gcc/avr/4.9.1/avr51/libgcc.a(_muluhisi3.o)
 .text.libgcc.builtins
                0x00000000000061a4        0x0 /opt/local/lib/gcc/avr/4.9.1/avr51/libgcc.a(_muluhisi3.o)
 .text.libgcc.fmul
                0x00000000000061a4        0x0 /opt/local/lib/gcc/avr/4.9.1/avr51/libgcc.a(_muluhisi3.o)
 .text.libgcc.fixed
                0x00000000000061a4        0x0 /opt/local/lib/gcc/avr/4.9.1/avr51/libgcc.a(_muluhisi3.o)
 .text.libgcc.mul
                0x00000000000061a4       0x20 /opt/local/lib/gcc/avr/4.9.1/avr51/libgcc.a(_mulsi3.o)
                0x00000000000061a4                __mulsi3
 .text.libgcc.div
                0x00000000000061c4        0x0 /opt/local/lib/gcc/avr/4.9.1/avr51/libgcc.a(_mulsi3.o)
 .text.libgcc   0x00000000000061c4        0x0 /opt/local/lib/gcc/avr/4.9.1/avr51/libgcc.a(_mulsi3.o)
 .text.libgcc.prologue
                0x00000000000061c4        0x0 /opt/local/lib/gcc/avr/4.9.1/avr51/libgcc.a(_mulsi3.o)
 .text.libgcc.builtins
                0x00000000000061c4        0x0 /opt/local/lib/gcc/avr/4.9.1/avr51/libgcc.a(_mulsi3.o)
 .text.libgcc.fmul
                0x00000000000061c4        0x0 /opt/local/lib/gcc/avr/4.9.1/avr51/libgcc.a(_mulsi3.o)
 .text.libgcc.fixed
                0x00000000000061c4        0x0 /opt/local/lib/gcc/avr/4.9.1/avr51/libgcc.a(_mulsi3.o)
 .text.libgcc.mul
                0x00000000000061c4        0x0 /opt/local/lib/gcc/avr/4.9.1/avr51/libgcc.a(_udivmodhi4.o)
 .text.libgcc.div
                0x00000000000061c4       0x28 /opt/local/lib/gcc/avr/4.9.1/avr51/libgcc.a(_udivmodhi4.o)
                0x00000000000061c4                __udivmodhi4
 .text.libgcc   0x00000000000061ec        0x0 /opt/local/lib/gcc/avr/4.9.1/avr51/libgcc.a(_udivmodhi4.o)
 .text.libgcc.prologue
                0x00000000000061ec        0x0 /opt/local/lib/gcc/avr/4.9.1/avr51/libgcc.a(_udivmodhi4.o)
 .text.libgcc.builtins
                0x00000000000061ec        0x0 /opt/local/lib/gcc/avr/4.9.1/avr51/libgcc.a(_udivmodhi4.o)
 .text.libgcc.fmul
                0x00000000000061ec        0x0 /opt/local/lib/gcc/avr/4.9.1/avr51/libgcc.a(_udivmodhi4.o)
 .text.libgcc.fixed
                0x00000000000061ec        0x0 /opt/local/lib/gcc/avr/4.9.1/avr51/libgcc.a(_udivmodhi4.o)
 .text.libgcc.mul
                0x00000000000061ec        0x0 /opt/local/lib/gcc/avr/4.9.1/avr51/libgcc.a(_divmodhi4.o)
 .text.libgcc.div
                0x00000000000061ec       0x28 /opt/local/lib/gcc/avr/4.9.1/avr51/libgcc.a(_divmodhi4.o)
                0x00000000000061ec                __divmodhi4
                0x00000000000061ec                _div
 .text.libgcc   0x0000000000006214        0x0 /opt/local/lib/gcc/avr/4.9.1/avr51/libgcc.a(_divmodhi4.o)
 .text.libgcc.prologue
                0x0000000000006214        0x0 /opt/local/lib/gcc/avr/4.9.1/avr51/libgcc.a(_divmodhi4.o)
 .text.libgcc.builtins
                0x0000000000006214        0x0 /opt/local/lib/gcc/avr/4.9.1/avr51/libgcc.a(_divmodhi4.o)
 .text.libgcc.fmul
                0x0000000000006214        0x0 /opt/local/lib/gcc/avr/4.9.1/avr51/libgcc.a(_divmodhi4.o)
 .text.libgcc.fixed
                0x0000000000006214        0x0 /opt/local/lib/gcc/avr/4.9.1/avr51/libgcc.a(_divmodhi4.o)
 .text.libgcc.mul
                0x0000000000006214        0x0 /opt/local/lib/gcc/avr/4.9.1/avr51/libgcc.a(_udivmodsi4.o)
 .text.libgcc.div
                0x0000000000006214       0x44 /opt/local/lib/gcc/avr/4.9.1/avr51/libgcc.a(_udivmodsi4.o)
                0x0000000000006214                __udivmodsi4
 .text.libgcc   0x0000000000006258        0x0 /opt/local/lib/gcc/avr/4.9.1/avr51/libgcc.a(_udivmodsi4.o)
 .text.libgcc.prologue
                0x0000000000006258        0x0 /opt/local/lib/gcc/avr/4.9.1/avr51/libgcc.a(_udivmodsi4.o)
 .text.libgcc.builtins
                0x0000000000006258        0x0 /opt/local/lib/gcc/avr/4.9.1/avr51/libgcc.a(_udivmodsi4.o)
 .text.libgcc.fmul
                0x0000000000006258        0x0 /opt/local/lib/gcc/avr/4.9.1/avr51/libgcc.a(_udivmodsi4.o)
 .text.libgcc.fixed
                0x0000000000006258        0x0 /opt/local/lib/gcc/avr/4.9.1/avr51/libgcc.a(_udivmodsi4.o)
 .text.libgcc.mul
                0x0000000000006258        0x0 /opt/local/lib/gcc/avr/4.9.1/avr51/libgcc.a(_udivdi3.o)
 .text.libgcc.div
                0x0000000000006258       0x1c /opt/local/lib/gcc/avr/4.9.1/avr51/libgcc.a(_udivdi3.o)
                0x0000000000006258                __umoddi3
                0x000000000000625c                __udivdi3
                0x000000000000625e                __udivdi3_umoddi3
 .text.libgcc   0x0000000000006274        0x0 /opt/local/lib/gcc/avr/4.9.1/avr51/libgcc.a(_udivdi3.o)
 .text.libgcc.prologue
                0x0000000000006274        0x0 /opt/local/lib/gcc/avr/4.9.1/avr51/libgcc.a(_udivdi3.o)
 .text.libgcc.builtins
                0x0000000000006274        0x0 /opt/local/lib/gcc/avr/4.9.1/avr51/libgcc.a(_udivdi3.o)
 .text.libgcc.fmul
                0x0000000000006274        0x0 /opt/local/lib/gcc/avr/4.9.1/avr51/libgcc.a(_udivdi3.o)
 .text.libgcc.fixed
                0x0000000000006274        0x0 /opt/local/lib/gcc/avr/4.9.1/avr51/libgcc.a(_udivdi3.o)
 .text.libgcc.mul
                0x0000000000006274        0x0 /opt/local/lib/gcc/avr/4.9.1/avr51/libgcc.a(_udivmod64.o)
 .text.libgcc.div
                0x0000000000006274       0xa2 /opt/local/lib/gcc/avr/4.9.1/avr51/libgcc.a(_udivmod64.o)
                0x0000000000006274                __udivmod64
 .text.libgcc   0x0000000000006316        0x0 /opt/local/lib/gcc/avr/4.9.1/avr51/libgcc.a(_udivmod64.o)
 .text.libgcc.prologue
                0x0000000000006316        0x0 /opt/local/lib/gcc/avr/4.9.1/avr51/libgcc.a(_udivmod64.o)
 .text.libgcc.builtins
                0x0000000000006316        0x0 /opt/local/lib/gcc/avr/4.9.1/avr51/libgcc.a(_udivmod64.o)
 .text.libgcc.fmul
                0x0000000000006316        0x0 /opt/local/lib/gcc/avr/4.9.1/avr51/libgcc.a(_udivmod64.o)
 .text.libgcc.fixed
                0x0000000000006316        0x0 /opt/local/lib/gcc/avr/4.9.1/avr51/libgcc.a(_udivmod64.o)
 .text.libgcc.mul
                0x0000000000006316        0x0 /opt/local/lib/gcc/avr/4.9.1/avr51/libgcc.a(_exit.o)
 .text.libgcc.div
                0x0000000000006316        0x0 /opt/local/lib/gcc/avr/4.9.1/avr51/libgcc.a(_exit.o)
 .text.libgcc   0x0000000000006316        0x0 /opt/local/lib/gcc/avr/4.9.1/avr51/libgcc.a(_exit.o)
 .text.libgcc.prologue
                0x0000000000006316        0x0 /opt/local/lib/gcc/avr/4.9.1/avr51/libgcc.a(_exit.o)
 .text.libgcc.builtins
                0x0000000000006316        0x0 /opt/local/lib/gcc/avr/4.9.1/avr51/libgcc.a(_exit.o)
 .text.libgcc.fmul
                0x0000000000006316        0x0 /opt/local/lib/gcc/avr/4.9.1/avr51/libgcc.a(_exit.o)
 .text.libgcc.fixed
                0x0000000000006316        0x0 /opt/local/lib/gcc/avr/4.9.1/avr51/libgcc.a(_exit.o)
 .text.libgcc.mul
                0x0000000000006316        0x0 /opt/local/lib/gcc/avr/4.9.1/avr51/libgcc.a(_tablejump.o)
 .text.libgcc.div
                0x0000000000006316        0x0 /opt/local/lib/gcc/avr/4.9.1/avr51/libgcc.a(_tablejump.o)
 .text.libgcc   0x0000000000006316        0xc /opt/local/lib/gcc/avr/4.9.1/avr51/libgcc.a(_tablejump.o)
                0x0000000000006316                __tablejump2__
                0x000000000000631a                __tablejump__
 .text.libgcc.prologue
                0x0000000000006322        0x0 /opt/local/lib/gcc/avr/4.9.1/avr51/libgcc.a(_tablejump.o)
 .text.libgcc.builtins
                0x0000000000006322        0x0 /opt/local/lib/gcc/avr/4.9.1/avr51/libgcc.a(_tablejump.o)
 .text.libgcc.fmul
                0x0000000000006322        0x0 /opt/local/lib/gcc/avr/4.9.1/avr51/libgcc.a(_tablejump.o)
 .text.libgcc.fixed
                0x0000000000006322        0x0 /opt/local/lib/gcc/avr/4.9.1/avr51/libgcc.a(_tablejump.o)
 .text.libgcc.mul
                0x0000000000006322        0x0 /opt/local/lib/gcc/avr/4.9.1/avr51/libgcc.a(_copy_data.o)
 .text.libgcc.div
                0x0000000000006322        0x0 /opt/local/lib/gcc/avr/4.9.1/avr51/libgcc.a(_copy_data.o)
 .text.libgcc   0x0000000000006322        0x0 /opt/local/lib/gcc/avr/4.9.1/avr51/libgcc.a(_copy_data.o)
 .text.libgcc.prologue
                0x0000000000006322        0x0 /opt/local/lib/gcc/avr/4.9.1/avr51/libgcc.a(_copy_data.o)
 .text.libgcc.builtins
                0x0000000000006322        0x0 /opt/local/lib/gcc/avr/4.9.1/avr51/libgcc.a(_copy_data.o)
 .text.libgcc.fmul
                0x0000000000006322        0x0 /opt/local/lib/gcc/avr/4.9.1/avr51/libgcc.a(_copy_data.o)
 .text.libgcc.fixed
                0x0000000000006322        0x0 /opt/local/lib/gcc/avr/4.9.1/avr51/libgcc.a(_copy_data.o)
 .text.libgcc.mul
                0x0000000000006322        0x0 /opt/local/lib/gcc/avr/4.9.1/avr51/libgcc.a(_clear_bss.o)
 .text.libgcc.div
                0x0000000000006322        0x0 /opt/local/lib/gcc/avr/4.9.1/avr51/libgcc.a(_clear_bss.o)
 .text.libgcc   0x0000000000006322        0x0 /opt/local/lib/gcc/avr/4.9.1/avr51/libgcc.a(_clear_bss.o)
 .text.libgcc.prologue
                0x0000000000006322        0x0 /opt/local/lib/gcc/avr/4.9.1/avr51/libgcc.a(_clear_bss.o)
 .text.libgcc.builtins
                0x0000000000006322        0x0 /opt/local/lib/gcc/avr/4.9.1/avr51/libgcc.a(_clear_bss.o)
 .text.libgcc.fmul
                0x0000000000006322        0x0 /opt/local/lib/gcc/avr/4.9.1/avr51/libgcc.a(_clear_bss.o)
 .text.libgcc.fixed
                0x0000000000006322        0x0 /opt/local/lib/gcc/avr/4.9.1/avr51/libgcc.a(_clear_bss.o)
 .text.libgcc.mul
                0x0000000000006322       0x1e /opt/local/lib/gcc/avr/4.9.1/avr51/libgcc.a(_umulhisi3.o)
                0x0000000000006322                __umulhisi3
 .text.libgcc.div
                0x0000000000006340        0x0 /opt/local/lib/gcc/avr/4.9.1/avr51/libgcc.a(_umulhisi3.o)
 .text.libgcc   0x0000000000006340        0x0 /opt/local/lib/gcc/avr/4.9.1/avr51/libgcc.a(_umulhisi3.o)
 .text.libgcc.prologue
                0x0000000000006340        0x0 /opt/local/lib/gcc/avr/4.9.1/avr51/libgcc.a(_umulhisi3.o)
 .text.libgcc.builtins
                0x0000000000006340        0x0 /opt/local/lib/gcc/avr/4.9.1/avr51/libgcc.a(_umulhisi3.o)
 .text.libgcc.fmul
                0x0000000000006340        0x0 /opt/local/lib/gcc/avr/4.9.1/avr51/libgcc.a(_umulhisi3.o)
 .text.libgcc.fixed
                0x0000000000006340        0x0 /opt/local/lib/gcc/avr/4.9.1/avr51/libgcc.a(_umulhisi3.o)
 .text.avr-libc
                0x0000000000006340       0xb4 /opt/local/lib/gcc/avr/4.9.1/../../../../avr/lib/avr51/libc.a(rand.o)
                0x00000000000063d2                rand_r
                0x00000000000063d6                rand
                0x00000000000063de                srand
 .text.avr-libc
                0x00000000000063f4       0x3c /opt/local/lib/gcc/avr/4.9.1/../../../../avr/lib/avr51/libc.a(atoi.o)
                0x00000000000063f4                atoi
 .text.avr-libc
                0x0000000000006430       0x16 /opt/local/lib/gcc/avr/4.9.1/../../../../avr/lib/avr51/libc.a(strchr_P.o)
                0x0000000000006430                strchr_P
 .text.avr-libc
                0x0000000000006446       0x12 /opt/local/lib/gcc/avr/4.9.1/../../../../avr/lib/avr51/libc.a(memcpy.o)
                0x0000000000006446                memcpy
 .text.avr-libc
                0x0000000000006458       0x10 /opt/local/lib/gcc/avr/4.9.1/../../../../avr/lib/avr51/libc.a(mul10.o)
                0x0000000000006458                __mulhi_const_10
 .text.avr-libc
                0x0000000000006468       0x96 /opt/local/lib/gcc/avr/4.9.1/../../../../avr/lib/avr51/libc.a(fdevopen.o)
                0x0000000000006468                fdevopen
 .text.avr-libc
                0x00000000000064fe       0x7c /opt/local/lib/gcc/avr/4.9.1/../../../../avr/lib/avr51/libc.a(fgetc.o)
                0x00000000000064fe                fgetc
 .text.avr-libc
                0x000000000000657a       0x70 /opt/local/lib/gcc/avr/4.9.1/../../../../avr/lib/avr51/libc.a(fputc.o)
                0x000000000000657a                fputc
 .text.avr-libc
                0x00000000000065ea       0x28 /opt/local/lib/gcc/avr/4.9.1/../../../../avr/lib/avr51/libc.a(printf.o)
                0x00000000000065ea                printf
 .text.avr-libc
                0x0000000000006612        0xc /opt/local/lib/gcc/avr/4.9.1/../../../../avr/lib/avr51/libc.a(putchar.o)
                0x0000000000006612                putchar
 .text.avr-libc
                0x000000000000661e       0x60 /opt/local/lib/gcc/avr/4.9.1/../../../../avr/lib/avr51/libc.a(puts.o)
                0x000000000000661e                puts
 .text.avr-libc
                0x000000000000667e       0x60 /opt/local/lib/gcc/avr/4.9.1/../../../../avr/lib/avr51/libc.a(sprintf.o)
                0x000000000000667e                sprintf
 .text.avr-libc
                0x00000000000066de       0xbc /opt/local/lib/gcc/avr/4.9.1/../../../../avr/lib/avr51/libc.a(ultoa_invert.o)
                0x00000000000066de                __ultoa_invert
 .text.avr-libc
                0x000000000000679a       0x10 /opt/local/lib/gcc/avr/4.9.1/../../../../avr/lib/avr51/libc.a(eerd_byte_atmega128rfa1.o)
                0x000000000000679a                __eerd_byte_m128rfa1
 .text.avr-libc
                0x00000000000067aa       0x1c /opt/local/lib/gcc/avr/4.9.1/../../../../avr/lib/avr51/libc.a(eewr_byte_atmega128rfa1.o)
                0x00000000000067aa                __eewr_byte_m128rfa1
                0x00000000000067ac                __eewr_r18_m128rfa1
 .text.avr-libc
                0x00000000000067c6       0x38 /opt/local/lib/gcc/avr/4.9.1/../../../../avr/lib/avr51/libc.a(calloc.o)
                0x00000000000067c6                calloc
 .text.avr-libc
                0x00000000000067fe      0x25a /opt/local/lib/gcc/avr/4.9.1/../../../../avr/lib/avr51/libc.a(malloc.o)
                0x00000000000067fe                malloc
                0x0000000000006928                free
 .text.avr-libc
                0x0000000000006a58        0xe /opt/local/lib/gcc/avr/4.9.1/../../../../avr/lib/avr51/libc.a(memset.o)
                0x0000000000006a58                memset
 .text.libgcc.mul
                0x0000000000006a66       0x10 /opt/local/lib/gcc/avr/4.9.1/avr51/libgcc.a(_mulshisi3.o)
                0x0000000000006a66                __mulshisi3
                0x0000000000006a6c                __mulohisi3
 .text.libgcc.div
                0x0000000000006a76        0x0 /opt/local/lib/gcc/avr/4.9.1/avr51/libgcc.a(_mulshisi3.o)
 .text.libgcc   0x0000000000006a76        0x0 /opt/local/lib/gcc/avr/4.9.1/avr51/libgcc.a(_mulshisi3.o)
 .text.libgcc.prologue
                0x0000000000006a76        0x0 /opt/local/lib/gcc/avr/4.9.1/avr51/libgcc.a(_mulshisi3.o)
 .text.libgcc.builtins
                0x0000000000006a76        0x0 /opt/local/lib/gcc/avr/4.9.1/avr51/libgcc.a(_mulshisi3.o)
 .text.libgcc.fmul
                0x0000000000006a76        0x0 /opt/local/lib/gcc/avr/4.9.1/avr51/libgcc.a(_mulshisi3.o)
 .text.libgcc.fixed
                0x0000000000006a76        0x0 /opt/local/lib/gcc/avr/4.9.1/avr51/libgcc.a(_mulshisi3.o)
 .text.libgcc.mul
                0x0000000000006a76        0x0 /opt/local/lib/gcc/avr/4.9.1/avr51/libgcc.a(_divmodsi4.o)
 .text.libgcc.div
                0x0000000000006a76       0x2e /opt/local/lib/gcc/avr/4.9.1/avr51/libgcc.a(_divmodsi4.o)
                0x0000000000006a76                __divmodsi4
 .text.libgcc   0x0000000000006aa4        0x0 /opt/local/lib/gcc/avr/4.9.1/avr51/libgcc.a(_divmodsi4.o)
 .text.libgcc.prologue
                0x0000000000006aa4        0x0 /opt/local/lib/gcc/avr/4.9.1/avr51/libgcc.a(_divmodsi4.o)
 .text.libgcc.builtins
                0x0000000000006aa4        0x0 /opt/local/lib/gcc/avr/4.9.1/avr51/libgcc.a(_divmodsi4.o)
 .text.libgcc.fmul
                0x0000000000006aa4        0x0 /opt/local/lib/gcc/avr/4.9.1/avr51/libgcc.a(_divmodsi4.o)
 .text.libgcc.fixed
                0x0000000000006aa4        0x0 /opt/local/lib/gcc/avr/4.9.1/avr51/libgcc.a(_divmodsi4.o)
 .text.libgcc.mul
                0x0000000000006aa4        0x0 /opt/local/lib/gcc/avr/4.9.1/avr51/libgcc.a(_negsi2.o)
 .text.libgcc.div
                0x0000000000006aa4       0x10 /opt/local/lib/gcc/avr/4.9.1/avr51/libgcc.a(_negsi2.o)
                0x0000000000006aa4                __negsi2
 .text.libgcc   0x0000000000006ab4        0x0 /opt/local/lib/gcc/avr/4.9.1/avr51/libgcc.a(_negsi2.o)
 .text.libgcc.prologue
                0x0000000000006ab4        0x0 /opt/local/lib/gcc/avr/4.9.1/avr51/libgcc.a(_negsi2.o)
 .text.libgcc.builtins
                0x0000000000006ab4        0x0 /opt/local/lib/gcc/avr/4.9.1/avr51/libgcc.a(_negsi2.o)
 .text.libgcc.fmul
                0x0000000000006ab4        0x0 /opt/local/lib/gcc/avr/4.9.1/avr51/libgcc.a(_negsi2.o)
 .text.libgcc.fixed
                0x0000000000006ab4        0x0 /opt/local/lib/gcc/avr/4.9.1/avr51/libgcc.a(_negsi2.o)
                0x0000000000006ab4                . = ALIGN (0x2)
 *(.fini9)
 .fini9         0x0000000000006ab4        0x0 /opt/local/lib/gcc/avr/4.9.1/avr51/libgcc.a(_exit.o)
                0x0000000000006ab4                exit
                0x0000000000006ab4                _exit
 *(.fini9)
 *(.fini8)
 *(.fini8)
 *(.fini7)
 *(.fini7)
 *(.fini6)
 *(.fini6)
 *(.fini5)
 *(.fini5)
 *(.fini4)
 *(.fini4)
 *(.fini3)
 *(.fini3)
 *(.fini2)
 *(.fini2)
 *(.fini1)
 *(.fini1)
 *(.fini0)
 .fini0         0x0000000000006ab4        0x4 /opt/local/lib/gcc/avr/4.9.1/avr51/libgcc.a(_exit.o)
 *(.fini0)
                0x0000000000006ab8                _etext = .

.data           0x0000000000800200      0x234 load address 0x0000000000006ab8
                0x0000000000800200                PROVIDE (__data_start, .)
 *(.data)
 .data          0x0000000000800200        0x0 /opt/local/lib/gcc/avr/4.9.1/../../../../avr/lib/avr51/crtm128rfa1.o
 .data          0x0000000000800200        0x0 main.o
 .data          0x0000000000800200        0x0 ../../../src/net/bmac/rf231_soc/bmac.o
 .data          0x0000000000800200        0x0 ../../../projects/dicio/utility/assembler.o
 .data          0x0000000000800200        0x0 ../../../projects/dicio/utility/light_pool.o
 .data          0x0000000000800200        0x0 ../../../projects/dicio/utility/neighbors.o
 .data          0x0000000000800200        0x0 ../../../projects/dicio/utility/parser.o
 .data          0x0000000000800200        0x0 ../../../projects/dicio/utility/packet_queue.o
 .data          0x0000000000800200        0x0 ../../../projects/dicio/utility/sequence_pool.o
 .data          0x0000000000800200        0x0 ../../../src/radio/rf231_soc/source/basic_rf.o
 .data          0x0000000000800200        0x0 ../../../src/platform/firefly3/source/ulib.o
 .data          0x0000000000800200        0x0 ../../../src/platform/firefly3/source/hal_wait.o
 .data          0x0000000000800200        0x0 ../../../src/platform/firefly3/source/nrk_eeprom.o
 .data          0x0000000000800200        0x0 ../../../src/kernel/source/nrk.o
 .data          0x0000000000800200        0x0 ../../../src/kernel/source/nrk_stats.o
 .data          0x0000000000800200        0x0 ../../../src/kernel/source/nrk_error.o
 .data          0x0000000000800200        0x0 ../../../src/kernel/source/nrk_stack_check.o
 .data          0x0000000000800200        0x0 ../../../src/kernel/source/nrk_events.o
 .data          0x0000000000800200        0x0 ../../../src/kernel/source/nrk_task.o
 .data          0x0000000000800200        0x0 ../../../src/kernel/source/nrk_time.o
 .data          0x0000000000800200        0x0 ../../../src/kernel/source/nrk_idle_task.o
 .data          0x0000000000800200        0x0 ../../../src/kernel/source/nrk_scheduler.o
 .data          0x0000000000800200        0x0 ../../../src/kernel/source/nrk_driver.o
 .data          0x0000000000800200        0x0 ../../../src/kernel/source/nrk_reserve.o
 .data          0x0000000000800200        0x0 ../../../src/kernel/source/nrk_sw_wdt.o
 .data          0x0000000000800200        0x0 ../../../src/kernel/hal/atmega128rfa1/nrk_timer.o
 .data          0x0000000000800200        0x0 ../../../src/kernel/hal/atmega128rfa1/nrk_status.o
 .data          0x0000000000800200        0x0 ../../../src/kernel/hal/atmega128rfa1/nrk_ext_int.o
 .data          0x0000000000800200        0x0 ../../../src/kernel/hal/atmega128rfa1/nrk_watchdog.o
 .data          0x0000000000800200        0x0 ../../../src/kernel/hal/atmega128rfa1/nrk_cpu.o
 .data          0x0000000000800200        0x0 ../../../src/kernel/hal/atmega128rfa1/atmel_hw_specific.o
 .data          0x0000000000800200        0x0 /opt/local/lib/gcc/avr/4.9.1/../../../../avr/lib/avr51/libprintf_min.a(vfprintf_min.o)
 .data          0x0000000000800200        0x0 /opt/local/lib/gcc/avr/4.9.1/avr51/libgcc.a(_muluhisi3.o)
 .data          0x0000000000800200        0x0 /opt/local/lib/gcc/avr/4.9.1/avr51/libgcc.a(_mulsi3.o)
 .data          0x0000000000800200        0x0 /opt/local/lib/gcc/avr/4.9.1/avr51/libgcc.a(_udivmodhi4.o)
 .data          0x0000000000800200        0x0 /opt/local/lib/gcc/avr/4.9.1/avr51/libgcc.a(_divmodhi4.o)
 .data          0x0000000000800200        0x0 /opt/local/lib/gcc/avr/4.9.1/avr51/libgcc.a(_udivmodsi4.o)
 .data          0x0000000000800200        0x0 /opt/local/lib/gcc/avr/4.9.1/avr51/libgcc.a(_udivdi3.o)
 .data          0x0000000000800200        0x0 /opt/local/lib/gcc/avr/4.9.1/avr51/libgcc.a(_udivmod64.o)
 .data          0x0000000000800200        0x0 /opt/local/lib/gcc/avr/4.9.1/avr51/libgcc.a(_exit.o)
 .data          0x0000000000800200        0x0 /opt/local/lib/gcc/avr/4.9.1/avr51/libgcc.a(_tablejump.o)
 .data          0x0000000000800200        0x0 /opt/local/lib/gcc/avr/4.9.1/avr51/libgcc.a(_copy_data.o)
 .data          0x0000000000800200        0x0 /opt/local/lib/gcc/avr/4.9.1/avr51/libgcc.a(_clear_bss.o)
 .data          0x0000000000800200        0x0 /opt/local/lib/gcc/avr/4.9.1/avr51/libgcc.a(_umulhisi3.o)
 .data          0x0000000000800200        0x4 /opt/local/lib/gcc/avr/4.9.1/../../../../avr/lib/avr51/libc.a(rand.o)
 .data          0x0000000000800204        0x0 /opt/local/lib/gcc/avr/4.9.1/../../../../avr/lib/avr51/libc.a(atoi.o)
 .data          0x0000000000800204        0x0 /opt/local/lib/gcc/avr/4.9.1/../../../../avr/lib/avr51/libc.a(strchr_P.o)
 .data          0x0000000000800204        0x0 /opt/local/lib/gcc/avr/4.9.1/../../../../avr/lib/avr51/libc.a(memcpy.o)
 .data          0x0000000000800204        0x0 /opt/local/lib/gcc/avr/4.9.1/../../../../avr/lib/avr51/libc.a(mul10.o)
 .data          0x0000000000800204        0x0 /opt/local/lib/gcc/avr/4.9.1/../../../../avr/lib/avr51/libc.a(fdevopen.o)
 .data          0x0000000000800204        0x0 /opt/local/lib/gcc/avr/4.9.1/../../../../avr/lib/avr51/libc.a(fgetc.o)
 .data          0x0000000000800204        0x0 /opt/local/lib/gcc/avr/4.9.1/../../../../avr/lib/avr51/libc.a(fputc.o)
 .data          0x0000000000800204        0x0 /opt/local/lib/gcc/avr/4.9.1/../../../../avr/lib/avr51/libc.a(iob.o)
 .data          0x0000000000800204        0x0 /opt/local/lib/gcc/avr/4.9.1/../../../../avr/lib/avr51/libc.a(printf.o)
 .data          0x0000000000800204        0x0 /opt/local/lib/gcc/avr/4.9.1/../../../../avr/lib/avr51/libc.a(putchar.o)
 .data          0x0000000000800204        0x0 /opt/local/lib/gcc/avr/4.9.1/../../../../avr/lib/avr51/libc.a(puts.o)
 .data          0x0000000000800204        0x0 /opt/local/lib/gcc/avr/4.9.1/../../../../avr/lib/avr51/libc.a(sprintf.o)
 .data          0x0000000000800204        0x0 /opt/local/lib/gcc/avr/4.9.1/../../../../avr/lib/avr51/libc.a(ultoa_invert.o)
 .data          0x0000000000800204        0x0 /opt/local/lib/gcc/avr/4.9.1/../../../../avr/lib/avr51/libc.a(eerd_byte_atmega128rfa1.o)
 .data          0x0000000000800204        0x0 /opt/local/lib/gcc/avr/4.9.1/../../../../avr/lib/avr51/libc.a(eewr_byte_atmega128rfa1.o)
 .data          0x0000000000800204        0x0 /opt/local/lib/gcc/avr/4.9.1/../../../../avr/lib/avr51/libc.a(calloc.o)
 .data          0x0000000000800204        0x6 /opt/local/lib/gcc/avr/4.9.1/../../../../avr/lib/avr51/libc.a(malloc.o)
                0x0000000000800204                __malloc_heap_end
                0x0000000000800206                __malloc_heap_start
                0x0000000000800208                __malloc_margin
 .data          0x000000000080020a        0x0 /opt/local/lib/gcc/avr/4.9.1/../../../../avr/lib/avr51/libc.a(memset.o)
 .data          0x000000000080020a        0x0 /opt/local/lib/gcc/avr/4.9.1/avr51/libgcc.a(_mulshisi3.o)
 .data          0x000000000080020a        0x0 /opt/local/lib/gcc/avr/4.9.1/avr51/libgcc.a(_divmodsi4.o)
 .data          0x000000000080020a        0x0 /opt/local/lib/gcc/avr/4.9.1/avr51/libgcc.a(_negsi2.o)
 *(.data*)
 *(.rodata)
 .rodata        0x000000000080020a       0x51 ../../../src/platform/firefly3/source/ulib.o
                0x000000000080020a                NRK_ADC_INPUT_7
                0x000000000080020b                NRK_ADC_INPUT_6
                0x000000000080020c                NRK_ADC_INPUT_5
                0x000000000080020d                NRK_ADC_INPUT_4
                0x000000000080020e                NRK_ADC_INPUT_3
                0x000000000080020f                NRK_ADC_INPUT_2
                0x0000000000800210                NRK_ADC_INPUT_1
                0x0000000000800211                NRK_ADC_INPUT_0
                0x0000000000800212                NRK_PORTF_7
                0x0000000000800213                NRK_PORTF_6
                0x0000000000800214                NRK_PORTF_5
                0x0000000000800215                NRK_PORTF_4
                0x0000000000800216                NRK_PORTF_3
                0x0000000000800217                NRK_PORTF_2
                0x0000000000800218                NRK_PORTF_1
                0x0000000000800219                NRK_PORTF_0
                0x000000000080021a                NRK_PORTG_5
                0x000000000080021b                NRK_PORTG_4
                0x000000000080021c                NRK_PORTG_3
                0x000000000080021d                NRK_PORTG_2
                0x000000000080021e                NRK_PORTG_1
                0x000000000080021f                NRK_PORTG_0
                0x0000000000800220                NRK_ANT_1
                0x0000000000800221                NRK_ANT_0
                0x0000000000800222                NRK_UART0_TXD
                0x0000000000800223                NRK_UART0_RXD
                0x0000000000800224                NRK_PORTE_7
                0x0000000000800225                NRK_PORTE_6
                0x0000000000800226                NRK_PORTE_5
                0x0000000000800227                NRK_PORTE_4
                0x0000000000800228                NRK_PORTE_3
                0x0000000000800229                NRK_PORTE_2
                0x000000000080022a                NRK_PORTE_1
                0x000000000080022b                NRK_PORTE_0
                0x000000000080022c                NRK_LED_3
                0x000000000080022d                NRK_LED_2
                0x000000000080022e                NRK_LED_1
                0x000000000080022f                NRK_LED_0
                0x0000000000800230                NRK_UART1_TXD
                0x0000000000800231                NRK_UART1_RXD
                0x0000000000800232                NRK_BUTTON
                0x0000000000800233                NRK_PORTD_7
                0x0000000000800234                NRK_PORTD_6
                0x0000000000800235                NRK_PORTD_5
                0x0000000000800236                NRK_PORTD_4
                0x0000000000800237                NRK_PORTD_3
                0x0000000000800238                NRK_PORTD_2
                0x0000000000800239                NRK_PORTD_1
                0x000000000080023a                NRK_PORTD_0
                0x000000000080023b                NRK_PORTC_7
                0x000000000080023c                NRK_PORTC_6
                0x000000000080023d                NRK_PORTC_5
                0x000000000080023e                NRK_PORTC_4
                0x000000000080023f                NRK_PORTC_3
                0x0000000000800240                NRK_PORTC_2
                0x0000000000800241                NRK_PORTC_1
                0x0000000000800242                NRK_PORTC_0
                0x0000000000800243                NRK_PORTB_7
                0x0000000000800244                NRK_PORTB_6
                0x0000000000800245                NRK_PORTB_5
                0x0000000000800246                NRK_PORTB_4
                0x0000000000800247                NRK_PORTB_3
                0x0000000000800248                NRK_PORTB_2
                0x0000000000800249                NRK_PORTB_1
                0x000000000080024a                NRK_PORTB_0
                0x000000000080024b                NRK_MISO
                0x000000000080024c                NRK_MOSI
                0x000000000080024d                NRK_SCK
                0x000000000080024e                NRK_SPI_SS
                0x000000000080024f                NRK_DEBUG_3
                0x0000000000800250                NRK_DEBUG_2
                0x0000000000800251                NRK_DEBUG_1
                0x0000000000800252                NRK_DEBUG_0
                0x0000000000800253                NRK_PORTA_7
                0x0000000000800254                NRK_PORTA_6
                0x0000000000800255                NRK_PORTA_5
                0x0000000000800256                NRK_PORTA_4
                0x0000000000800257                NRK_PORTA_3
                0x0000000000800258                NRK_PORTA_2
                0x0000000000800259                NRK_PORTA_1
                0x000000000080025a                NRK_PORTA_0
 *(.rodata*)
 .rodata.str1.1
                0x000000000080025b        0x8 main.o
 .rodata.str1.1
                0x0000000000800263       0x24 ../../../projects/dicio/utility/assembler.o
 .rodata.str1.1
                0x0000000000800287       0x19 ../../../projects/dicio/utility/light_pool.o
 .rodata.str1.1
                0x00000000008002a0       0x55 ../../../projects/dicio/utility/neighbors.o
                                         0x5b (size before relaxing)
 .rodata.str1.1
                0x00000000008002f5       0x7b ../../../projects/dicio/utility/parser.o
 .rodata.str1.1
                0x0000000000800370       0x83 ../../../src/radio/rf231_soc/source/basic_rf.o
 .rodata.str1.1
                0x00000000008003f3        0x3 ../../../src/kernel/source/nrk_error.o
 .rodata.str1.1
                0x00000000008003f3       0x41 ../../../src/kernel/source/nrk_stack_check.o
                                         0x4e (size before relaxing)
 *(.gnu.linkonce.d*)
                0x0000000000800434                . = ALIGN (0x2)
                0x0000000000800434                _edata = .
                0x0000000000800434                PROVIDE (__data_end, .)

.bss            0x0000000000800434     0x13dd
                0x0000000000800434                PROVIDE (__bss_start, .)
 *(.bss)
 .bss           0x0000000000800434        0x0 /opt/local/lib/gcc/avr/4.9.1/../../../../avr/lib/avr51/crtm128rfa1.o
 .bss           0x0000000000800434        0x4 main.o
                0x0000000000800434                seq_num
                0x0000000000800436                net_tx_index
                0x0000000000800437                serv_rx_index
 .bss           0x0000000000800438       0xbf ../../../src/net/bmac/rf231_soc/bmac.o
 .bss           0x00000000008004f7        0x0 ../../../projects/dicio/utility/assembler.o
 .bss           0x00000000008004f7        0x0 ../../../projects/dicio/utility/light_pool.o
 .bss           0x00000000008004f7        0x0 ../../../projects/dicio/utility/neighbors.o
 .bss           0x00000000008004f7        0x0 ../../../projects/dicio/utility/parser.o
 .bss           0x00000000008004f7        0x0 ../../../projects/dicio/utility/packet_queue.o
 .bss           0x00000000008004f7        0x0 ../../../projects/dicio/utility/sequence_pool.o
 .bss           0x00000000008004f7        0x4 ../../../src/radio/rf231_soc/source/basic_rf.o
                0x00000000008004f7                rx_end_func
                0x00000000008004f9                rx_start_func
 .bss           0x00000000008004fb       0x15 ../../../src/platform/firefly3/source/ulib.o
 .bss           0x0000000000800510        0x0 ../../../src/platform/firefly3/source/hal_wait.o
 .bss           0x0000000000800510        0x0 ../../../src/platform/firefly3/source/nrk_eeprom.o
 .bss           0x0000000000800510        0x0 ../../../src/kernel/source/nrk.o
 .bss           0x0000000000800510        0x0 ../../../src/kernel/source/nrk_stats.o
 .bss           0x0000000000800510        0x0 ../../../src/kernel/source/nrk_error.o
 .bss           0x0000000000800510        0x0 ../../../src/kernel/source/nrk_stack_check.o
 .bss           0x0000000000800510        0x0 ../../../src/kernel/source/nrk_events.o
 .bss           0x0000000000800510        0x0 ../../../src/kernel/source/nrk_task.o
 .bss           0x0000000000800510        0x0 ../../../src/kernel/source/nrk_time.o
 .bss           0x0000000000800510        0x0 ../../../src/kernel/source/nrk_idle_task.o
 .bss           0x0000000000800510        0x0 ../../../src/kernel/source/nrk_scheduler.o
 .bss           0x0000000000800510        0x0 ../../../src/kernel/source/nrk_driver.o
 .bss           0x0000000000800510        0x0 ../../../src/kernel/source/nrk_reserve.o
 .bss           0x0000000000800510        0x0 ../../../src/kernel/source/nrk_sw_wdt.o
 .bss           0x0000000000800510        0x0 ../../../src/kernel/hal/atmega128rfa1/nrk_timer.o
 .bss           0x0000000000800510        0x0 ../../../src/kernel/hal/atmega128rfa1/nrk_status.o
 .bss           0x0000000000800510        0x0 ../../../src/kernel/hal/atmega128rfa1/nrk_ext_int.o
 .bss           0x0000000000800510        0x0 ../../../src/kernel/hal/atmega128rfa1/nrk_watchdog.o
 .bss           0x0000000000800510        0x0 ../../../src/kernel/hal/atmega128rfa1/nrk_cpu.o
 .bss           0x0000000000800510        0x0 ../../../src/kernel/hal/atmega128rfa1/atmel_hw_specific.o
 .bss           0x0000000000800510        0x0 /opt/local/lib/gcc/avr/4.9.1/../../../../avr/lib/avr51/libprintf_min.a(vfprintf_min.o)
 .bss           0x0000000000800510        0x0 /opt/local/lib/gcc/avr/4.9.1/avr51/libgcc.a(_muluhisi3.o)
 .bss           0x0000000000800510        0x0 /opt/local/lib/gcc/avr/4.9.1/avr51/libgcc.a(_mulsi3.o)
 .bss           0x0000000000800510        0x0 /opt/local/lib/gcc/avr/4.9.1/avr51/libgcc.a(_udivmodhi4.o)
 .bss           0x0000000000800510        0x0 /opt/local/lib/gcc/avr/4.9.1/avr51/libgcc.a(_divmodhi4.o)
 .bss           0x0000000000800510        0x0 /opt/local/lib/gcc/avr/4.9.1/avr51/libgcc.a(_udivmodsi4.o)
 .bss           0x0000000000800510        0x0 /opt/local/lib/gcc/avr/4.9.1/avr51/libgcc.a(_udivdi3.o)
 .bss           0x0000000000800510        0x0 /opt/local/lib/gcc/avr/4.9.1/avr51/libgcc.a(_udivmod64.o)
 .bss           0x0000000000800510        0x0 /opt/local/lib/gcc/avr/4.9.1/avr51/libgcc.a(_exit.o)
 .bss           0x0000000000800510        0x0 /opt/local/lib/gcc/avr/4.9.1/avr51/libgcc.a(_tablejump.o)
 .bss           0x0000000000800510        0x0 /opt/local/lib/gcc/avr/4.9.1/avr51/libgcc.a(_copy_data.o)
 .bss           0x0000000000800510        0x0 /opt/local/lib/gcc/avr/4.9.1/avr51/libgcc.a(_clear_bss.o)
 .bss           0x0000000000800510        0x0 /opt/local/lib/gcc/avr/4.9.1/avr51/libgcc.a(_umulhisi3.o)
 .bss           0x0000000000800510        0x0 /opt/local/lib/gcc/avr/4.9.1/../../../../avr/lib/avr51/libc.a(rand.o)
 .bss           0x0000000000800510        0x0 /opt/local/lib/gcc/avr/4.9.1/../../../../avr/lib/avr51/libc.a(atoi.o)
 .bss           0x0000000000800510        0x0 /opt/local/lib/gcc/avr/4.9.1/../../../../avr/lib/avr51/libc.a(strchr_P.o)
 .bss           0x0000000000800510        0x0 /opt/local/lib/gcc/avr/4.9.1/../../../../avr/lib/avr51/libc.a(memcpy.o)
 .bss           0x0000000000800510        0x0 /opt/local/lib/gcc/avr/4.9.1/../../../../avr/lib/avr51/libc.a(mul10.o)
 .bss           0x0000000000800510        0x0 /opt/local/lib/gcc/avr/4.9.1/../../../../avr/lib/avr51/libc.a(fdevopen.o)
 .bss           0x0000000000800510        0x0 /opt/local/lib/gcc/avr/4.9.1/../../../../avr/lib/avr51/libc.a(fgetc.o)
 .bss           0x0000000000800510        0x0 /opt/local/lib/gcc/avr/4.9.1/../../../../avr/lib/avr51/libc.a(fputc.o)
 .bss           0x0000000000800510        0x0 /opt/local/lib/gcc/avr/4.9.1/../../../../avr/lib/avr51/libc.a(iob.o)
 .bss           0x0000000000800510        0x0 /opt/local/lib/gcc/avr/4.9.1/../../../../avr/lib/avr51/libc.a(printf.o)
 .bss           0x0000000000800510        0x0 /opt/local/lib/gcc/avr/4.9.1/../../../../avr/lib/avr51/libc.a(putchar.o)
 .bss           0x0000000000800510        0x0 /opt/local/lib/gcc/avr/4.9.1/../../../../avr/lib/avr51/libc.a(puts.o)
 .bss           0x0000000000800510        0x0 /opt/local/lib/gcc/avr/4.9.1/../../../../avr/lib/avr51/libc.a(sprintf.o)
 .bss           0x0000000000800510        0x0 /opt/local/lib/gcc/avr/4.9.1/../../../../avr/lib/avr51/libc.a(ultoa_invert.o)
 .bss           0x0000000000800510        0x0 /opt/local/lib/gcc/avr/4.9.1/../../../../avr/lib/avr51/libc.a(eerd_byte_atmega128rfa1.o)
 .bss           0x0000000000800510        0x0 /opt/local/lib/gcc/avr/4.9.1/../../../../avr/lib/avr51/libc.a(eewr_byte_atmega128rfa1.o)
 .bss           0x0000000000800510        0x0 /opt/local/lib/gcc/avr/4.9.1/../../../../avr/lib/avr51/libc.a(calloc.o)
 .bss           0x0000000000800510        0x0 /opt/local/lib/gcc/avr/4.9.1/../../../../avr/lib/avr51/libc.a(malloc.o)
 .bss           0x0000000000800510        0x0 /opt/local/lib/gcc/avr/4.9.1/../../../../avr/lib/avr51/libc.a(memset.o)
 .bss           0x0000000000800510        0x0 /opt/local/lib/gcc/avr/4.9.1/avr51/libgcc.a(_mulshisi3.o)
 .bss           0x0000000000800510        0x0 /opt/local/lib/gcc/avr/4.9.1/avr51/libgcc.a(_divmodsi4.o)
 .bss           0x0000000000800510        0x0 /opt/local/lib/gcc/avr/4.9.1/avr51/libgcc.a(_negsi2.o)
 *(.bss*)
 *(COMMON)
 COMMON         0x0000000000800510     0x10e1 main.o
                0x0000000000800510                TX_SERV_TASK
                0x0000000000800533                serv_tx_queue_mux
                0x0000000000800535                server_seq_num
                0x0000000000800537                error_task
                0x0000000000800538                tx_node_task_stack
                0x0000000000800738                rx_node_task_stack
                0x0000000000800938                cmd_tx_queue_mux
                0x000000000080093a                hand_rx_queue
                0x00000000008009c5                tx_serv_task_stack
                0x0000000000800bc5                RX_NODE_TASK
                0x0000000000800be8                net_tx_buf
                0x0000000000800c5c                print_incoming
                0x0000000000800c5d                bmac_enable_signal
                0x0000000000800c5e                rx_serv_task_stack
                0x0000000000800e5e                bmac_rfTxInfo
                0x0000000000800e65                _nrk_signal_list
                0x0000000000800e69                serv_rx_buf
                0x0000000000800edd                node_tx_queue_mux
                0x0000000000800edf                TX_NODE_TASK
                0x0000000000800f02                hand_rx_queue_mux
                0x0000000000800f04                serv_tx_buf
                0x0000000000800f78                tx_cmd_task_stack
                0x0000000000801178                bmac_rx_pkt_signal
                0x0000000000801179                blink_leds
                0x000000000080117a                TX_CMD_TASK
                0x000000000080119d                RX_SERV_TASK
                0x00000000008011c0                node_tx_queue
                0x000000000080124b                serv_tx_queue
                0x00000000008012d6                nrk_kernel_stk_ptr
                0x00000000008012d8                seq_pool
                0x00000000008012e2                cmd_tx_queue
                0x000000000080136d                net_rx_buf
                0x00000000008013e1                bmac_rfRxInfo
                0x00000000008013ed                error_num
                0x00000000008013ee                nrk_idle_task_stk
                0x00000000008015ee                bmac_tx_pkt_done_signal
                0x00000000008015ef                net_tx_buf_mux
 COMMON         0x00000000008015f1        0x5 ../../../src/net/bmac/rf231_soc/bmac.o
                0x00000000008015f1                app_timer0_callback
                0x00000000008015f3                _nrk_time_trigger
                0x00000000008015f4                app_timer0_prescale
                0x00000000008015f5                _nrk_prev_timer_val
 COMMON         0x00000000008015f6       0x53 ../../../src/radio/rf231_soc/source/basic_rf.o
                0x00000000008015f6                rx_ctr
                0x00000000008015fa                radio_sem
                0x00000000008015fc                use_glossy
                0x00000000008015fd                mdmctrl0
                0x00000000008015ff                rfSettings
                0x0000000000801608                curr_t
                0x0000000000801610                tx_done
                0x0000000000801611                ekey
                0x0000000000801621                rf_ready
                0x0000000000801622                target_t
                0x000000000080162a                dkey
                0x000000000080163a                tx_ctr
                0x0000000000801640                rx_ready
                0x0000000000801641                dummy_t
 COMMON         0x0000000000801649      0x1b5 ../../../src/kernel/source/nrk.o
                0x0000000000801649                _free_node
                0x000000000080164b                nrk_task_TCB
                0x00000000008017a3                next_next_wakeup
                0x00000000008017a5                nrk_sem_list
                0x00000000008017bd                nrk_task_init_cnt
                0x00000000008017be                nrk_wakeup_signal
                0x00000000008017bf                nrk_high_ready_TCB
                0x00000000008017c1                nrk_cur_task_prio
                0x00000000008017c2                _nrk_cpu_state
                0x00000000008017c3                _head_node
                0x00000000008017c5                nrk_system_time
                0x00000000008017cd                _nrk_resource_cnt
                0x00000000008017ce                nrk_cur_task_TCB
                0x00000000008017d0                nrk_high_ready_prio
                0x00000000008017d1                _nrk_readyQ
 COMMON         0x00000000008017fe        0x1 ../../../src/kernel/source/nrk_scheduler.o
                0x00000000008017fe                t
 COMMON         0x00000000008017ff        0x8 ../../../src/kernel/hal/atmega128rfa1/nrk_ext_int.o
                0x00000000008017ff                ext_int1_callback
                0x0000000000801801                ext_int0_callback
                0x0000000000801803                ext_int2_callback
                0x0000000000801805                pc_int0_callback
 COMMON         0x0000000000801807        0x6 /opt/local/lib/gcc/avr/4.9.1/../../../../avr/lib/avr51/libc.a(iob.o)
                0x0000000000801807                __iob
 COMMON         0x000000000080180d        0x4 /opt/local/lib/gcc/avr/4.9.1/../../../../avr/lib/avr51/libc.a(malloc.o)
                0x000000000080180d                __brkval
                0x000000000080180f                __flp
                0x0000000000801811                PROVIDE (__bss_end, .)
                0x0000000000006ab8                __data_load_start = LOADADDR (.data)
                0x0000000000006cec                __data_load_end = (__data_load_start + SIZEOF (.data))

.noinit         0x0000000000801811        0x0
                0x0000000000801811                PROVIDE (__noinit_start, .)
 *(.noinit*)
                0x0000000000801811                PROVIDE (__noinit_end, .)
                0x0000000000801811                _end = .
                0x0000000000801811                PROVIDE (__heap_start, .)

.eeprom         0x0000000000810000        0x0
 *(.eeprom*)
                0x0000000000810000                __eeprom_end = .

.fuse
 *(.fuse)
 *(.lfuse)
 *(.hfuse)
 *(.efuse)

.lock
 *(.lock*)

.signature
 *(.signature*)

.stab           0x0000000000000000    0x15540
 *(.stab)
 .stab          0x0000000000000000     0x2268 main.o
 .stab          0x0000000000002268     0x1b18 ../../../src/net/bmac/rf231_soc/bmac.o
                                       0x26c4 (size before relaxing)
 .stab          0x0000000000003d80      0x630 ../../../projects/dicio/utility/assembler.o
                                       0x129c (size before relaxing)
 .stab          0x00000000000043b0      0x804 ../../../projects/dicio/utility/light_pool.o
                                       0x1464 (size before relaxing)
 .stab          0x0000000000004bb4      0xbdc ../../../projects/dicio/utility/neighbors.o
                                       0x183c (size before relaxing)
 .stab          0x0000000000005790      0x810 ../../../projects/dicio/utility/parser.o
                                       0x1470 (size before relaxing)
 .stab          0x0000000000005fa0      0x6d8 ../../../projects/dicio/utility/packet_queue.o
                                       0x1338 (size before relaxing)
 .stab          0x0000000000006678      0x7d4 ../../../projects/dicio/utility/sequence_pool.o
                                       0x1434 (size before relaxing)
 .stab          0x0000000000006e4c     0x225c ../../../src/radio/rf231_soc/source/basic_rf.o
                                       0x2d0c (size before relaxing)
 .stab          0x00000000000090a8     0x174c ../../../src/platform/firefly3/source/ulib.o
                                       0x21f0 (size before relaxing)
 .stab          0x000000000000a7f4      0x378 ../../../src/platform/firefly3/source/hal_wait.o
                                        0xd50 (size before relaxing)
 .stab          0x000000000000ab6c      0x7ec ../../../src/platform/firefly3/source/nrk_eeprom.o
                                       0x1278 (size before relaxing)
 .stab          0x000000000000b358      0xb34 ../../../src/kernel/source/nrk.o
                                       0x1644 (size before relaxing)
 .stab          0x000000000000be8c      0x420 ../../../src/kernel/source/nrk_stats.o
                                        0xf54 (size before relaxing)
 .stab          0x000000000000c2ac      0xba0 ../../../src/kernel/source/nrk_error.o
                                       0x16e0 (size before relaxing)
 .stab          0x000000000000ce4c      0x624 ../../../src/kernel/source/nrk_stack_check.o
                                       0x1158 (size before relaxing)
 .stab          0x000000000000d470     0x1050 ../../../src/kernel/source/nrk_events.o
                                       0x1b9c (size before relaxing)
 .stab          0x000000000000e4c0     0x10e0 ../../../src/kernel/source/nrk_task.o
                                       0x1c2c (size before relaxing)
 .stab          0x000000000000f5a0      0x93c ../../../src/kernel/source/nrk_time.o
                                       0x1488 (size before relaxing)
 .stab          0x000000000000fedc      0x48c ../../../src/kernel/source/nrk_idle_task.o
                                        0xfd8 (size before relaxing)
 .stab          0x0000000000010368      0x990 ../../../src/kernel/source/nrk_scheduler.o
                                       0x14dc (size before relaxing)
 .stab          0x0000000000010cf8      0x264 ../../../src/kernel/source/nrk_driver.o
                                        0x270 (size before relaxing)
 .stab          0x0000000000010f5c      0x264 ../../../src/kernel/source/nrk_reserve.o
                                        0x270 (size before relaxing)
 .stab          0x00000000000111c0      0x390 ../../../src/kernel/source/nrk_sw_wdt.o
                                        0xec4 (size before relaxing)
 .stab          0x0000000000011550     0x111c ../../../src/kernel/hal/atmega128rfa1/nrk_timer.o
                                       0x1c5c (size before relaxing)
 .stab          0x000000000001266c      0x474 ../../../src/kernel/hal/atmega128rfa1/nrk_status.o
                                        0xf18 (size before relaxing)
 .stab          0x0000000000012ae0      0xa14 ../../../src/kernel/hal/atmega128rfa1/nrk_ext_int.o
                                       0x14b8 (size before relaxing)
 .stab          0x00000000000134f4      0x540 ../../../src/kernel/hal/atmega128rfa1/nrk_watchdog.o
                                       0x1068 (size before relaxing)
 .stab          0x0000000000013a34      0x894 ../../../src/kernel/hal/atmega128rfa1/nrk_cpu.o
                                       0x13d4 (size before relaxing)
 .stab          0x00000000000142c8      0x204 ../../../src/kernel/hal/atmega128rfa1/atmel_hw_specific.o
                                        0x210 (size before relaxing)
 .stab          0x00000000000144cc       0xcc /opt/local/lib/gcc/avr/4.9.1/avr51/libgcc.a(_muluhisi3.o)
                                         0xd8 (size before relaxing)
 .stab          0x0000000000014598      0x108 /opt/local/lib/gcc/avr/4.9.1/avr51/libgcc.a(_mulsi3.o)
                                        0x114 (size before relaxing)
 .stab          0x00000000000146a0      0x15c /opt/local/lib/gcc/avr/4.9.1/avr51/libgcc.a(_udivmodhi4.o)
                                        0x168 (size before relaxing)
 .stab          0x00000000000147fc      0x138 /opt/local/lib/gcc/avr/4.9.1/avr51/libgcc.a(_divmodhi4.o)
                                        0x144 (size before relaxing)
 .stab          0x0000000000014934      0x228 /opt/local/lib/gcc/avr/4.9.1/avr51/libgcc.a(_udivmodsi4.o)
                                        0x234 (size before relaxing)
 .stab          0x0000000000014b5c      0x150 /opt/local/lib/gcc/avr/4.9.1/avr51/libgcc.a(_udivdi3.o)
                                        0x15c (size before relaxing)
 .stab          0x0000000000014cac      0x234 /opt/local/lib/gcc/avr/4.9.1/avr51/libgcc.a(_udivmod64.o)
                                        0x240 (size before relaxing)
 .stab          0x0000000000014ee0       0x6c /opt/local/lib/gcc/avr/4.9.1/avr51/libgcc.a(_exit.o)
                                         0x78 (size before relaxing)
 .stab          0x0000000000014f4c       0xcc /opt/local/lib/gcc/avr/4.9.1/avr51/libgcc.a(_tablejump.o)
                                         0xd8 (size before relaxing)
 .stab          0x0000000000015018       0xf0 /opt/local/lib/gcc/avr/4.9.1/avr51/libgcc.a(_copy_data.o)
                                         0xfc (size before relaxing)
 .stab          0x0000000000015108       0xb4 /opt/local/lib/gcc/avr/4.9.1/avr51/libgcc.a(_clear_bss.o)
                                         0xc0 (size before relaxing)
 .stab          0x00000000000151bc      0x108 /opt/local/lib/gcc/avr/4.9.1/avr51/libgcc.a(_umulhisi3.o)
                                        0x114 (size before relaxing)
 .stab          0x00000000000152c4       0xcc /opt/local/lib/gcc/avr/4.9.1/avr51/libgcc.a(_mulshisi3.o)
                                         0xd8 (size before relaxing)
 .stab          0x0000000000015390      0x144 /opt/local/lib/gcc/avr/4.9.1/avr51/libgcc.a(_divmodsi4.o)
                                        0x150 (size before relaxing)
 .stab          0x00000000000154d4       0x6c /opt/local/lib/gcc/avr/4.9.1/avr51/libgcc.a(_negsi2.o)
                                         0x78 (size before relaxing)

.stabstr        0x0000000000000000     0xa10a
 *(.stabstr)
 .stabstr       0x0000000000000000     0xa10a main.o

.stab.excl
 *(.stab.excl)

.stab.exclstr
 *(.stab.exclstr)

.stab.index
 *(.stab.index)

.stab.indexstr
 *(.stab.indexstr)

.comment        0x0000000000000000       0x11
 *(.comment)
 .comment       0x0000000000000000       0x11 main.o
                                         0x12 (size before relaxing)
 .comment       0x0000000000000011       0x12 ../../../src/net/bmac/rf231_soc/bmac.o
 .comment       0x0000000000000011       0x12 ../../../projects/dicio/utility/assembler.o
 .comment       0x0000000000000011       0x12 ../../../projects/dicio/utility/light_pool.o
 .comment       0x0000000000000011       0x12 ../../../projects/dicio/utility/neighbors.o
 .comment       0x0000000000000011       0x12 ../../../projects/dicio/utility/parser.o
 .comment       0x0000000000000011       0x12 ../../../projects/dicio/utility/packet_queue.o
 .comment       0x0000000000000011       0x12 ../../../projects/dicio/utility/sequence_pool.o
 .comment       0x0000000000000011       0x12 ../../../src/radio/rf231_soc/source/basic_rf.o
 .comment       0x0000000000000011       0x12 ../../../src/platform/firefly3/source/ulib.o
 .comment       0x0000000000000011       0x12 ../../../src/platform/firefly3/source/hal_wait.o
 .comment       0x0000000000000011       0x12 ../../../src/platform/firefly3/source/nrk_eeprom.o
 .comment       0x0000000000000011       0x12 ../../../src/kernel/source/nrk.o
 .comment       0x0000000000000011       0x12 ../../../src/kernel/source/nrk_stats.o
 .comment       0x0000000000000011       0x12 ../../../src/kernel/source/nrk_error.o
 .comment       0x0000000000000011       0x12 ../../../src/kernel/source/nrk_stack_check.o
 .comment       0x0000000000000011       0x12 ../../../src/kernel/source/nrk_events.o
 .comment       0x0000000000000011       0x12 ../../../src/kernel/source/nrk_task.o
 .comment       0x0000000000000011       0x12 ../../../src/kernel/source/nrk_time.o
 .comment       0x0000000000000011       0x12 ../../../src/kernel/source/nrk_idle_task.o
 .comment       0x0000000000000011       0x12 ../../../src/kernel/source/nrk_scheduler.o
 .comment       0x0000000000000011       0x12 ../../../src/kernel/source/nrk_driver.o
 .comment       0x0000000000000011       0x12 ../../../src/kernel/source/nrk_reserve.o
 .comment       0x0000000000000011       0x12 ../../../src/kernel/source/nrk_sw_wdt.o
 .comment       0x0000000000000011       0x12 ../../../src/kernel/hal/atmega128rfa1/nrk_timer.o
 .comment       0x0000000000000011       0x12 ../../../src/kernel/hal/atmega128rfa1/nrk_status.o
 .comment       0x0000000000000011       0x12 ../../../src/kernel/hal/atmega128rfa1/nrk_ext_int.o
 .comment       0x0000000000000011       0x12 ../../../src/kernel/hal/atmega128rfa1/nrk_watchdog.o
 .comment       0x0000000000000011       0x12 ../../../src/kernel/hal/atmega128rfa1/nrk_cpu.o
 .comment       0x0000000000000011       0x12 /opt/local/lib/gcc/avr/4.9.1/../../../../avr/lib/avr51/libprintf_min.a(vfprintf_min.o)
 .comment       0x0000000000000011       0x12 /opt/local/lib/gcc/avr/4.9.1/../../../../avr/lib/avr51/libc.a(rand.o)
 .comment       0x0000000000000011       0x12 /opt/local/lib/gcc/avr/4.9.1/../../../../avr/lib/avr51/libc.a(fdevopen.o)
 .comment       0x0000000000000011       0x12 /opt/local/lib/gcc/avr/4.9.1/../../../../avr/lib/avr51/libc.a(fgetc.o)
 .comment       0x0000000000000011       0x12 /opt/local/lib/gcc/avr/4.9.1/../../../../avr/lib/avr51/libc.a(fputc.o)
 .comment       0x0000000000000011       0x12 /opt/local/lib/gcc/avr/4.9.1/../../../../avr/lib/avr51/libc.a(iob.o)
 .comment       0x0000000000000011       0x12 /opt/local/lib/gcc/avr/4.9.1/../../../../avr/lib/avr51/libc.a(printf.o)
 .comment       0x0000000000000011       0x12 /opt/local/lib/gcc/avr/4.9.1/../../../../avr/lib/avr51/libc.a(putchar.o)
 .comment       0x0000000000000011       0x12 /opt/local/lib/gcc/avr/4.9.1/../../../../avr/lib/avr51/libc.a(puts.o)
 .comment       0x0000000000000011       0x12 /opt/local/lib/gcc/avr/4.9.1/../../../../avr/lib/avr51/libc.a(sprintf.o)
 .comment       0x0000000000000011       0x12 /opt/local/lib/gcc/avr/4.9.1/../../../../avr/lib/avr51/libc.a(calloc.o)
 .comment       0x0000000000000011       0x12 /opt/local/lib/gcc/avr/4.9.1/../../../../avr/lib/avr51/libc.a(malloc.o)

.note.gnu.build-id
 *(.note.gnu.build-id)

.debug
 *(.debug)

.line
 *(.line)

.debug_srcinfo
 *(.debug_srcinfo)

.debug_sfnames
 *(.debug_sfnames)

.debug_aranges
 *(.debug_aranges)

.debug_pubnames
 *(.debug_pubnames)

.debug_info     0x0000000000000000     0x1160
 *(.debug_info .gnu.linkonce.wi.*)
 .debug_info    0x0000000000000000     0x1160 /opt/local/lib/gcc/avr/4.9.1/../../../../avr/lib/avr51/crtm128rfa1.o

.debug_abbrev   0x0000000000000000     0x1072
 *(.debug_abbrev)
 .debug_abbrev  0x0000000000000000     0x1072 /opt/local/lib/gcc/avr/4.9.1/../../../../avr/lib/avr51/crtm128rfa1.o

.debug_line     0x0000000000000000       0x1d
 *(.debug_line .debug_line.* .debug_line_end)
 .debug_line    0x0000000000000000       0x1d /opt/local/lib/gcc/avr/4.9.1/../../../../avr/lib/avr51/crtm128rfa1.o

.debug_frame
 *(.debug_frame)

.debug_str      0x0000000000000000      0x6de
 *(.debug_str)
 .debug_str     0x0000000000000000      0x6de /opt/local/lib/gcc/avr/4.9.1/../../../../avr/lib/avr51/crtm128rfa1.o

.debug_loc
 *(.debug_loc)

.debug_macinfo
 *(.debug_macinfo)

.debug_weaknames
 *(.debug_weaknames)

.debug_funcnames
 *(.debug_funcnames)

.debug_typenames
 *(.debug_typenames)

.debug_varnames
 *(.debug_varnames)

.debug_pubtypes
 *(.debug_pubtypes)

.debug_ranges
 *(.debug_ranges)

.debug_macro
 *(.debug_macro)
OUTPUT(main.elf elf32-avr)
LOAD linker stubs

Cross Reference Table

Symbol                                            File
NRK_ADC_INPUT_0                                   ../../../src/platform/firefly3/source/ulib.o
NRK_ADC_INPUT_1                                   ../../../src/platform/firefly3/source/ulib.o
NRK_ADC_INPUT_2                                   ../../../src/platform/firefly3/source/ulib.o
NRK_ADC_INPUT_3                                   ../../../src/platform/firefly3/source/ulib.o
NRK_ADC_INPUT_4                                   ../../../src/platform/firefly3/source/ulib.o
NRK_ADC_INPUT_5                                   ../../../src/platform/firefly3/source/ulib.o
NRK_ADC_INPUT_6                                   ../../../src/platform/firefly3/source/ulib.o
NRK_ADC_INPUT_7                                   ../../../src/platform/firefly3/source/ulib.o
NRK_ANT_0                                         ../../../src/platform/firefly3/source/ulib.o